core_cm7.h:1902:22:__NVIC_EnableIRQ	16	static
fsl_clock.h:957:20:CLOCK_ControlGate	32	static
fsl_clock.h:974:20:CLOCK_EnableClock	16	static
fsl_clock.h:984:20:CLOCK_DisableClock	16	static
fsl_common.h:484:28:EnableIRQ	16	static
fsl_common.h:552:28:DisableGlobalIRQ	16	static
fsl_common.h:583:24:EnableGlobalIRQ	24	static
fsl_edma.c:61:17:EDMA_GetInstance	24	static
fsl_edma.c:86:6:EDMA_InstallTCD	24	static
fsl_edma.c:118:6:EDMA_Init	24	static
fsl_edma.c:148:6:EDMA_Deinit	16	static
fsl_edma.c:170:6:EDMA_GetDefaultConfig	16	static
fsl_edma.c:194:6:EDMA_ResetChannel	16	static
fsl_edma.c:226:6:EDMA_SetTransferConfig	24	static
fsl_edma.c:245:6:EDMA_SetMinorOffsetConfig	32	static
fsl_edma.c:269:6:EDMA_SetChannelPreemptionConfig	32	static
fsl_edma.c:300:6:EDMA_SetChannelLink	24	static
fsl_edma.c:322:6:EDMA_SetBandWidth	24	static
fsl_edma.c:341:6:EDMA_SetModulo	32	static
fsl_edma.c:359:6:EDMA_EnableChannelInterrupts	24	static
fsl_edma.c:390:6:EDMA_DisableChannelInterrupts	24	static
fsl_edma.c:421:6:EDMA_TcdReset	16	static
fsl_edma.c:468:6:EDMA_TcdSetTransferConfig	24	static
fsl_edma.c:519:6:EDMA_TcdSetMinorOffsetConfig	24	static
fsl_edma.c:549:6:EDMA_TcdSetChannelLink	32	static
fsl_edma.c:599:6:EDMA_TcdSetModulo	24	static
fsl_edma.c:617:6:EDMA_TcdEnableInterrupts	16	static
fsl_edma.c:641:6:EDMA_TcdDisableInterrupts	16	static
fsl_edma.c:679:10:EDMA_GetRemainingMajorLoopCount	24	static
fsl_edma.c:715:10:EDMA_GetChannelStatusFlags	24	static
fsl_edma.c:739:6:EDMA_ClearChannelStatusFlags	24	static
fsl_edma.c:760:17:EDMA_GetInstanceOffset	16	static
fsl_edma.c:790:6:EDMA_CreateHandle	40	static
fsl_edma.c:843:6:EDMA_InstallTCDMemory	24	static
fsl_edma.c:867:6:EDMA_SetCallback	24	static
fsl_edma.c:875:29:EDMA_TransferWidthMapping	24	static
fsl_edma.c:937:6:EDMA_PrepareTransferConfig	24	static
fsl_edma.c:986:6:EDMA_PrepareTransfer	56	static
fsl_edma.c:1040:10:EDMA_SubmitTransfer	40	static
fsl_edma.c:1201:6:EDMA_StartTransfer	32	static
fsl_edma.c:1248:6:EDMA_StopTransfer	16	static
fsl_edma.c:1264:6:EDMA_AbortTransfer	16	static
fsl_edma.c:1313:6:EDMA_HandleIRQ	48	static
fsl_edma.c:1795:6:DMA0_DMA16_DriverIRQHandler	8	static
fsl_edma.c:1808:6:DMA1_DMA17_DriverIRQHandler	8	static
fsl_edma.c:1821:6:DMA2_DMA18_DriverIRQHandler	8	static
fsl_edma.c:1834:6:DMA3_DMA19_DriverIRQHandler	8	static
fsl_edma.c:1847:6:DMA4_DMA20_DriverIRQHandler	8	static
fsl_edma.c:1860:6:DMA5_DMA21_DriverIRQHandler	8	static
fsl_edma.c:1873:6:DMA6_DMA22_DriverIRQHandler	8	static
fsl_edma.c:1886:6:DMA7_DMA23_DriverIRQHandler	8	static
fsl_edma.c:1899:6:DMA8_DMA24_DriverIRQHandler	8	static
fsl_edma.c:1912:6:DMA9_DMA25_DriverIRQHandler	8	static
fsl_edma.c:1925:6:DMA10_DMA26_DriverIRQHandler	8	static
fsl_edma.c:1938:6:DMA11_DMA27_DriverIRQHandler	8	static
fsl_edma.c:1951:6:DMA12_DMA28_DriverIRQHandler	8	static
fsl_edma.c:1964:6:DMA13_DMA29_DriverIRQHandler	8	static
fsl_edma.c:1977:6:DMA14_DMA30_DriverIRQHandler	8	static
fsl_edma.c:1990:6:DMA15_DMA31_DriverIRQHandler	8	static
