core_cm7.h:1902:22:__NVIC_EnableIRQ	16	static
fsl_clock.h:957:20:CLOCK_ControlGate	32	static
fsl_clock.h:974:20:CLOCK_EnableClock	16	static
fsl_clock.h:984:20:CLOCK_DisableClock	16	static
fsl_common.h:484:28:EnableIRQ	16	static
fsl_usdhc.h:850:20:USDHC_EnableInternalDMA	16	static
fsl_usdhc.h:898:20:USDHC_EnableInterruptSignal	16	static
fsl_usdhc.h:909:20:USDHC_DisableInterruptSignal	16	static
fsl_usdhc.h:927:24:USDHC_GetEnabledInterruptStatusFlags	24	static
fsl_usdhc.h:940:24:USDHC_GetInterruptStatusFlags	16	static
fsl_usdhc.h:951:20:USDHC_ClearInterruptStatusFlags	16	static
fsl_usdhc.h:1085:20:USDHC_WriteData	16	static
fsl_usdhc.h:1098:24:USDHC_ReadData	16	static
fsl_usdhc.c:218:17:USDHC_GetInstance	24	static
fsl_usdhc.c:232:17:USDHC_SetDataTransferConfig	32	static
fsl_usdhc.c:326:6:USDHC_SetDataConfig	32	static
fsl_usdhc.c:347:17:USDHC_ReceiveCommandResponse	32	static
fsl_usdhc.c:383:17:USDHC_ReadDataPort	48	static
fsl_usdhc.c:436:17:USDHC_ReadByDataPortBlocking	32	static
fsl_usdhc.c:510:17:USDHC_WriteDataPort	40	static
fsl_usdhc.c:562:17:USDHC_WriteByDataPortBlocking	32	static
fsl_usdhc.c:646:6:USDHC_SendCommand	24	static
fsl_usdhc.c:704:17:USDHC_WaitCommandDone	32	static
fsl_usdhc.c:736:17:USDHC_TransferDataBlocking	32	static
fsl_usdhc.c:819:6:USDHC_Init	32	static
fsl_usdhc.c:887:6:USDHC_Deinit	16	static
fsl_usdhc.c:904:6:USDHC_Reset	24	static
fsl_usdhc.c:930:6:USDHC_GetCapability	24	static
fsl_usdhc.c:970:10:USDHC_SetSdClock	48	static
fsl_usdhc.c:1088:6:USDHC_SetCardActive	16	static
fsl_usdhc.c:1111:6:USDHC_EnableDDRMode	32	static
fsl_usdhc.c:1156:6:USDHC_SetMmcBootConfig	24	static
fsl_usdhc.c:1200:10:USDHC_SetADMA1Descriptor	56	static
fsl_usdhc.c:1286:10:USDHC_SetADMA2Descriptor	56	static
fsl_usdhc.c:1397:10:USDHC_SetInternalDmaConfig	24	static
fsl_usdhc.c:1463:10:USDHC_SetAdmaTableConfig	48	static
fsl_usdhc.c:1534:10:USDHC_TransferBlocking	48	static
fsl_usdhc.c:1633:10:USDHC_TransferNonBlocking	48	static
fsl_usdhc.c:1730:6:USDHC_EnableManualTuning	16	static
fsl_usdhc.c:1756:10:USDHC_AdjustDelayForManualTuning	24	static
fsl_usdhc.c:1788:6:USDHC_EnableStandardTuning	32	static
fsl_usdhc.c:1853:6:USDHC_EnableAutoTuningForCmdAndData	24	static
fsl_usdhc.c:1880:13:USDHC_TransferHandleCardDetect	24	static
fsl_usdhc.c:1898:13:USDHC_TransferHandleCommand	32	static
fsl_usdhc.c:1932:13:USDHC_TransferHandleData	40	static
fsl_usdhc.c:1993:13:USDHC_TransferHandleSdioInterrupt	16	static
fsl_usdhc.c:2002:13:USDHC_TransferHandleReTuning	24	static
fsl_usdhc.c:2013:13:USDHC_TransferHandleBlockGap	16	static
fsl_usdhc.c:2029:6:USDHC_TransferCreateHandle	24	static
fsl_usdhc.c:2066:6:USDHC_TransferHandleIRQ	24	static
fsl_usdhc.c:2112:6:USDHC1_DriverIRQHandler	8	static
fsl_usdhc.c:2120:6:USDHC2_DriverIRQHandler	8	static
