fsl_usdhc.h:986:24:USDHC_GetPresentStatusFlags	16	static
fsl_usdhc.h:1012:20:USDHC_ForceClockOn	16	static
fsl_sdmmc_host.h:153:20:SDMMCHOST_SendCardActive	16	static
fsl_sdmmc_host.h:164:24:SDMMCHOST_SetCardClock	16	static
fsl_sdmmc_host.h:174:20:SDMMCHOST_IsCardBusy	16	static
fsl_sdmmc_host.h:187:24:SDMMCHOST_GetSignalLineStatus	16	static
fsl_sdmmc_host.h:218:20:SDMMCHOST_EnableDDRMode	24	static
fsl_sdmmc_host.h:296:20:SDMMCHOST_ForceClockOn	16	static
fsl_sd.c:326:17:SD_SendApplicationCmd	16	static
fsl_sd.c:333:17:SD_GoIdle	16	static
fsl_sd.c:340:17:SD_SetBlockSize	16	static
fsl_sd.c:348:17:SD_ExecuteTuning	16	static
fsl_sd.c:357:17:SD_SwitchVoltage	64	static
fsl_sd.c:430:10:SD_StopTransmission	64	static
fsl_sd.c:456:17:SD_Transfer	32	static
fsl_sd.c:521:17:SD_WaitWriteComplete	64	static
fsl_sd.c:554:17:SD_SendWriteSuccessBlocks	96	static
fsl_sd.c:599:17:SD_SendRca	64	static
fsl_sd.c:627:17:SD_SwitchFunction	96	static
fsl_sd.c:658:13:SD_DecodeScr	24	static
fsl_sd.c:716:17:SD_SendScr	112	static
fsl_sd.c:777:17:SD_SelectFunction	136	static
fsl_sd.c:890:17:SD_SetDataBusWidth	64	static
fsl_sd.c:928:13:SD_DecodeCsd	24	static
fsl_sd.c:1029:17:SD_SendCsd	64	static
fsl_sd.c:1059:13:SD_DecodeCid	24	static
fsl_sd.c:1084:17:SD_AllSendCid	64	static
fsl_sd.c:1108:17:SD_ApplicationSendOperationCondition	72	static
fsl_sd.c:1163:17:SD_SendInterfaceCondition	72	static
fsl_sd.c:1202:17:SD_SelectBusTiming	24	static
fsl_sd.c:1315:13:SD_DecodeStatus	16	static
fsl_sd.c:1334:10:SD_ReadStatus	104	static
fsl_sd.c:1403:10:SD_SelectCard	16	static
fsl_sd.c:1410:10:SD_SetDriverStrength	24	static
fsl_sd.c:1422:10:SD_SetMaxCurrent	24	static
fsl_sd.c:1434:17:SD_Read	88	static
fsl_sd.c:1478:17:SD_Write	96	static
fsl_sd.c:1550:17:SD_Erase	80	static
fsl_sd.c:1627:6:SD_CheckReadOnly	16	static
fsl_sd.c:1635:10:SD_ReadBlocks	56	static
fsl_sd.c:1691:10:SD_WriteBlocks	56	static
fsl_sd.c:1745:10:SD_EraseBlocks	48	static
fsl_sd.c:1805:10:SD_ProbeBusVoltage	24	static
fsl_sd.c:1908:10:SD_CardInit	16	static
fsl_sd.c:1982:6:SD_CardDeinit	16	static
fsl_sd.c:1989:10:SD_HostInit	16	static
fsl_sd.c:2010:6:SD_HostDeinit	16	static
fsl_sd.c:2019:6:SD_SetCardPower	16	static
fsl_sd.c:2035:6:SD_IsCardPresent	16	static
fsl_sd.c:2064:10:SD_PollingCardInsert	16	static
fsl_sd.c:2109:10:SD_Init	16	static
fsl_sd.c:2135:6:SD_Deinit	16	static
fsl_sd.c:2143:6:SD_HostDoReset	16	static
fsl_sd.c:2148:6:SD_HostReset	16	static
fsl_sd.c:2153:6:SD_PowerOnCard	16	static
fsl_sd.c:2158:6:SD_PowerOffCard	16	static
fsl_sd.c:2163:10:SD_WaitCardDetectStatus	24	static
