fsl_usdhc.h:850:20:USDHC_EnableInternalDMA	16	static
fsl_usdhc.h:876:20:USDHC_EnableInterruptStatus	16	static
fsl_usdhc.h:887:20:USDHC_DisableInterruptStatus	16	static
fsl_usdhc.h:898:20:USDHC_EnableInterruptSignal	16	static
fsl_usdhc.h:909:20:USDHC_DisableInterruptSignal	16	static
fsl_usdhc.h:940:24:USDHC_GetInterruptStatusFlags	16	static
fsl_usdhc.h:951:20:USDHC_ClearInterruptStatusFlags	16	static
fsl_usdhc.h:986:24:USDHC_GetPresentStatusFlags	16	static
fsl_usdhc.h:1072:20:USDHC_SetDataBusWidth	16	static
fsl_usdhc.h:1098:24:USDHC_ReadData	16	static
fsl_usdhc.h:1136:20:USDHC_CardDetectByData3	16	static
fsl_usdhc.h:1231:20:USDHC_EnableMmcBoot	16	static
fsl_usdhc.h:1260:20:UDSHC_SelectVoltage	16	static
fsl_usdhc.h:1300:20:USDHC_EnableAutoTuning	16	static
fsl_usdhc.h:1367:24:USDHC_GetExecuteStdTuningStatus	16	static
fsl_usdhc.h:1377:24:USDHC_CheckStdTuningResult	16	static
fsl_usdhc.h:1387:24:USDHC_CheckTuningError	16	static
fsl_sdmmc_host.h:196:20:SDMMCHOST_EnableCardInt	16	static
fsl_sdmmc_host.c:60:13:SDMMCHOST_DetectCardInsertByHost	24	static
fsl_sdmmc_host.c:79:13:SDMMCHOST_DetectCardRemoveByHost	24	static
fsl_sdmmc_host.c:98:13:SDMMCHOST_CardInterrupt	24	static
fsl_sdmmc_host.c:113:10:SDMMCHOST_CardIntInit	16	static
fsl_sdmmc_host.c:122:10:SDMMCHOST_CardDetectInit	24	static
fsl_sdmmc_host.c:170:10:SDMMCHOST_CardDetectStatus	16	static
fsl_sdmmc_host.c:180:10:SDMMCHOST_PollingCardDetectStatus	32	static
fsl_sdmmc_host.c:227:10:SDMMCHOST_WaitCardDetectStatus	24	static
fsl_sdmmc_host.c:240:13:SDMMCHOST_TransferCompleteCallback	32	static
fsl_sdmmc_host.c:267:10:SDMMCHOST_TransferFunction	40	static
fsl_sdmmc_host.c:330:13:SDMMCHOST_ErrorRecovery	24	static
fsl_sdmmc_host.c:349:6:SDMMCHOST_SetCardPower	16	static
fsl_sdmmc_host.c:354:6:SDMMCHOST_PowerOffCard	16	static
fsl_sdmmc_host.c:363:6:SDMMCHOST_PowerOnCard	16	static
fsl_sdmmc_host.c:378:10:SDMMCHOST_Init	48	static
fsl_sdmmc_host.c:409:6:SDMMCHOST_Reset	24	static
fsl_sdmmc_host.c:435:6:SDMMCHOST_SetCardBusWidth	16	static
fsl_sdmmc_host.c:443:6:SDMMCHOST_Deinit	24	static
fsl_sdmmc_host.c:451:6:SDMMCHOST_SwitchToVoltage	16	static
fsl_sdmmc_host.c:464:10:SDMMCHOST_ExecuteStdTuning	96	static
fsl_sdmmc_host.c:529:10:SDMMCHOST_ReceiveTuningBlock	88	static
fsl_sdmmc_host.c:581:10:SDMMC_CheckTuningResult	32	static
fsl_sdmmc_host.c:605:10:SDMMCHOST_ExecuteManualTuning	48	static
fsl_sdmmc_host.c:678:10:SDMMCHOST_ExecuteTuning	24	static
fsl_sdmmc_host.c:689:10:SDMMCHOST_StartBoot	56	static
fsl_sdmmc_host.c:716:10:SDMMCHOST_ReadBootData	88	static
