fsl_common.h:552:28:DisableGlobalIRQ	16	static
fsl_common.h:583:24:EnableGlobalIRQ	24	static
serial_manager.c:185:13:SerialManager_AddTail	16	static
serial_manager.c:190:13:SerialManager_RemoveHead	16	static
serial_manager.c:198:32:SerialManager_StartWriting	24	static
serial_manager.c:240:32:SerialManager_StartReading	32	static
serial_manager.c:350:13:SerialManager_IsrFunction	24	static
serial_manager.c:382:13:SerialManager_Task	40	static
serial_manager.c:470:13:SerialManager_TxCallback	32	static
serial_manager.c:514:13:SerialManager_RxCallback	56	static
serial_manager.c:620:32:SerialManager_Write	48	static
serial_manager.c:694:32:SerialManager_Read	48	static
serial_manager.c:823:25:SerialManager_Init	24	static
serial_manager.c:944:25:SerialManager_Deinit	24	static
serial_manager.c:1004:25:SerialManager_OpenWriteHandle	32	static
serial_manager.c:1031:25:SerialManager_CloseWriteHandle	32	static
serial_manager.c:1062:25:SerialManager_OpenReadHandle	32	static
serial_manager.c:1094:25:SerialManager_CloseReadHandle	32	static
serial_manager.c:1123:25:SerialManager_WriteBlocking	24	static
serial_manager.c:1132:25:SerialManager_ReadBlocking	32	static
serial_manager.c:1142:25:SerialManager_WriteNonBlocking	24	static
serial_manager.c:1149:25:SerialManager_ReadNonBlocking	32	static
serial_manager.c:1154:25:SerialManager_CancelWriting	32	static
serial_manager.c:1241:25:SerialManager_CancelReading	40	static
serial_manager.c:1278:25:SerialManager_TryRead	32	static
serial_manager.c:1288:25:SerialManager_InstallTxCallback	32	static
serial_manager.c:1306:25:SerialManager_InstallRxCallback	32	static
serial_manager.c:1325:25:SerialManager_EnterLowpower	24	static
serial_manager.c:1360:25:SerialManager_ExitLowpower	24	static
