Archive member included to satisfy reference by file (symbol)

d:/program_files/mcuxpressoide_11.2.1_4149/ide/plugins/com.nxp.mcuxpresso.tools.win32_11.2.0.202008311134/tools/bin/../lib/gcc/arm-none-eabi/9.2.1/../../../../arm-none-eabi/lib/thumb/v7e-m+dp/hard\libcr_nohost_nf.a(_cr__main.o)
                              ./startup/startup_mimxrt1021.o (__main)
d:/program_files/mcuxpressoide_11.2.1_4149/ide/plugins/com.nxp.mcuxpresso.tools.win32_11.2.0.202008311134/tools/bin/../lib/gcc/arm-none-eabi/9.2.1/../../../../arm-none-eabi/lib/thumb/v7e-m+dp/hard\libcr_c.a(memcpy.o)
                              ./utilities/fsl_str.o (memcpy)
d:/program_files/mcuxpressoide_11.2.1_4149/ide/plugins/com.nxp.mcuxpresso.tools.win32_11.2.0.202008311134/tools/bin/../lib/gcc/arm-none-eabi/9.2.1/../../../../arm-none-eabi/lib/thumb/v7e-m+dp/hard\libcr_c.a(memset.o)
                              ./utilities/fsl_debug_console.o (memset)
d:/program_files/mcuxpressoide_11.2.1_4149/ide/plugins/com.nxp.mcuxpresso.tools.win32_11.2.0.202008311134/tools/bin/../lib/gcc/arm-none-eabi/9.2.1/../../../../arm-none-eabi/lib/thumb/v7e-m+dp/hard\libcr_c.a(alloc.o)
                              ./drivers/fsl_common.o (malloc)
d:/program_files/mcuxpressoide_11.2.1_4149/ide/plugins/com.nxp.mcuxpresso.tools.win32_11.2.0.202008311134/tools/bin/../lib/gcc/arm-none-eabi/9.2.1/../../../../arm-none-eabi/lib/thumb/v7e-m+dp/hard\libcr_c.a(initio.o)
                              d:/program_files/mcuxpressoide_11.2.1_4149/ide/plugins/com.nxp.mcuxpresso.tools.win32_11.2.0.202008311134/tools/bin/../lib/gcc/arm-none-eabi/9.2.1/../../../../arm-none-eabi/lib/thumb/v7e-m+dp/hard\libcr_nohost_nf.a(_cr__main.o) (_initio)
d:/program_files/mcuxpressoide_11.2.1_4149/ide/plugins/com.nxp.mcuxpresso.tools.win32_11.2.0.202008311134/tools/bin/../lib/gcc/arm-none-eabi/9.2.1/../../../../arm-none-eabi/lib/thumb/v7e-m+dp/hard\libcr_c.a(printf.o)
                              ./freertos/freertos_kernel/tasks.o (_sprintf)
d:/program_files/mcuxpressoide_11.2.1_4149/ide/plugins/com.nxp.mcuxpresso.tools.win32_11.2.0.202008311134/tools/bin/../lib/gcc/arm-none-eabi/9.2.1/../../../../arm-none-eabi/lib/thumb/v7e-m+dp/hard\libcr_c.a(scanf.o)
                              ./utilities/fsl_str.o (strtoul)
d:/program_files/mcuxpressoide_11.2.1_4149/ide/plugins/com.nxp.mcuxpresso.tools.win32_11.2.0.202008311134/tools/bin/../lib/gcc/arm-none-eabi/9.2.1/../../../../arm-none-eabi/lib/thumb/v7e-m+dp/hard\libcr_c.a(setvbuf.o)
                              d:/program_files/mcuxpressoide_11.2.1_4149/ide/plugins/com.nxp.mcuxpresso.tools.win32_11.2.0.202008311134/tools/bin/../lib/gcc/arm-none-eabi/9.2.1/../../../../arm-none-eabi/lib/thumb/v7e-m+dp/hard\libcr_c.a(initio.o) (setvbuf)
d:/program_files/mcuxpressoide_11.2.1_4149/ide/plugins/com.nxp.mcuxpresso.tools.win32_11.2.0.202008311134/tools/bin/../lib/gcc/arm-none-eabi/9.2.1/../../../../arm-none-eabi/lib/thumb/v7e-m+dp/hard\libcr_c.a(strcpy.o)
                              ./freertos/freertos_kernel/tasks.o (strcpy)
d:/program_files/mcuxpressoide_11.2.1_4149/ide/plugins/com.nxp.mcuxpresso.tools.win32_11.2.0.202008311134/tools/bin/../lib/gcc/arm-none-eabi/9.2.1/../../../../arm-none-eabi/lib/thumb/v7e-m+dp/hard\libcr_c.a(strlen.o)
                              ./utilities/fsl_str.o (strlen)
d:/program_files/mcuxpressoide_11.2.1_4149/ide/plugins/com.nxp.mcuxpresso.tools.win32_11.2.0.202008311134/tools/bin/../lib/gcc/arm-none-eabi/9.2.1/../../../../arm-none-eabi/lib/thumb/v7e-m+dp/hard\libcr_c.a(ungetc.o)
                              d:/program_files/mcuxpressoide_11.2.1_4149/ide/plugins/com.nxp.mcuxpresso.tools.win32_11.2.0.202008311134/tools/bin/../lib/gcc/arm-none-eabi/9.2.1/../../../../arm-none-eabi/lib/thumb/v7e-m+dp/hard\libcr_c.a(scanf.o) (ungetc)
d:/program_files/mcuxpressoide_11.2.1_4149/ide/plugins/com.nxp.mcuxpresso.tools.win32_11.2.0.202008311134/tools/bin/../lib/gcc/arm-none-eabi/9.2.1/../../../../arm-none-eabi/lib/thumb/v7e-m+dp/hard\libcr_c.a(__fillbuf.o)
                              d:/program_files/mcuxpressoide_11.2.1_4149/ide/plugins/com.nxp.mcuxpresso.tools.win32_11.2.0.202008311134/tools/bin/../lib/gcc/arm-none-eabi/9.2.1/../../../../arm-none-eabi/lib/thumb/v7e-m+dp/hard\libcr_c.a(scanf.o) (__filbuf)
d:/program_files/mcuxpressoide_11.2.1_4149/ide/plugins/com.nxp.mcuxpresso.tools.win32_11.2.0.202008311134/tools/bin/../lib/gcc/arm-none-eabi/9.2.1/../../../../arm-none-eabi/lib/thumb/v7e-m+dp/hard\libcr_c.a(__init_alloc.o)
                              d:/program_files/mcuxpressoide_11.2.1_4149/ide/plugins/com.nxp.mcuxpresso.tools.win32_11.2.0.202008311134/tools/bin/../lib/gcc/arm-none-eabi/9.2.1/../../../../arm-none-eabi/lib/thumb/v7e-m+dp/hard\libcr_c.a(alloc.o) (__heaps)
d:/program_files/mcuxpressoide_11.2.1_4149/ide/plugins/com.nxp.mcuxpresso.tools.win32_11.2.0.202008311134/tools/bin/../lib/gcc/arm-none-eabi/9.2.1/../../../../arm-none-eabi/lib/thumb/v7e-m+dp/hard\libcr_c.a(_cr_sbrk.o)
[...]
Memory Configuration

Name             Origin             Length             Attributes
BOARD_FLASH      0x60000000         0x00800000         xr
SRAM_DTC         0x20000000         0x00010000         xrw
SRAM_ITC         0x00000000         0x00010000         xrw
SRAM_OC          0x20200000         0x00020000         xrw
BOARD_SDRAM      0x80000000         0x01e00000         xrw
NCACHE_REGION    0x81e00000         0x00200000         xrw
*default*        0x00000000         0xffffffff

Linker script and memory map

LOAD ./xip/evkmimxrt1020_flexspi_nor_config.o
LOAD ./xip/fsl_flexspi_nor_boot.o
LOAD ./utilities/fsl_assert.o
LOAD ./utilities/fsl_debug_console.o
LOAD ./utilities/fsl_str.o
LOAD ./startup/startup_mimxrt1021.o
LOAD ./source/main.o
LOAD ./freertos/freertos_kernel/portable/MemMang/heap_4.o
LOAD ./freertos/freertos_kernel/portable/GCC/ARM_CM4F/port.o
LOAD ./freertos/freertos_kernel/croutine.o
LOAD ./freertos/freertos_kernel/event_groups.o
LOAD ./freertos/freertos_kernel/list.o
LOAD ./freertos/freertos_kernel/queue.o
LOAD ./freertos/freertos_kernel/stream_buffer.o
LOAD ./freertos/freertos_kernel/tasks.o
LOAD ./freertos/freertos_kernel/timers.o
LOAD ./drivers/fsl_cache.o
LOAD ./drivers/fsl_clock.o
LOAD ./drivers/fsl_common.o
LOAD ./drivers/fsl_gpio.o
LOAD ./drivers/fsl_lpuart.o
LOAD ./drivers/fsl_usdhc.o
LOAD ./device/system_MIMXRT1021.o
LOAD ./component/uart/lpuart_adapter.o
LOAD ./component/serial_manager/serial_manager.o
LOAD ./component/serial_manager/serial_port_uart.o
LOAD ./component/osa/fsl_os_abstraction_free_rtos.o
LOAD ./component/lists/generic_list.o
LOAD ./board/board.o
LOAD ./board/clock_config.o
LOAD ./board/dcd.o
LOAD ./board/pin_mux.o
START GROUP
LOAD d:/program_files/mcuxpressoide_11.2.1_4149/ide/plugins/com.nxp.mcuxpresso.tools.win32_11.2.0.202008311134/tools/bin/../lib/gcc/arm-none-eabi/9.2.1/../../../../arm-none-eabi/lib/thumb/v7e-m+dp/hard\libcr_nohost_nf.a
LOAD d:/program_files/mcuxpressoide_11.2.1_4149/ide/plugins/com.nxp.mcuxpresso.tools.win32_11.2.0.202008311134/tools/bin/../lib/gcc/arm-none-eabi/9.2.1/../../../../arm-none-eabi/lib/thumb/v7e-m+dp/hard\libcr_c.a
LOAD d:/program_files/mcuxpressoide_11.2.1_4149/ide/plugins/com.nxp.mcuxpresso.tools.win32_11.2.0.202008311134/tools/bin/../lib/gcc/arm-none-eabi/9.2.1/thumb/v7e-m+dp/hard\libcr_eabihelpers.a
LOAD d:/program_files/mcuxpressoide_11.2.1_4149/ide/plugins/com.nxp.mcuxpresso.tools.win32_11.2.0.202008311134/tools/bin/../lib/gcc/arm-none-eabi/9.2.1/thumb/v7e-m+dp/hard\libgcc.a
END GROUP
                0x60000000                __base_BOARD_FLASH = 0x60000000
                0x60000000                __base_Flash = 0x60000000
                0x60800000                __top_BOARD_FLASH = 0x60800000
                0x60800000                __top_Flash = 0x60800000
                0x20000000                __base_SRAM_DTC = 0x20000000
                0x20000000                __base_RAM = 0x20000000
                0x20010000                __top_SRAM_DTC = 0x20010000
                0x20010000                __top_RAM = 0x20010000
                0x00000000                __base_SRAM_ITC = 0x0
                0x00000000                __base_RAM2 = 0x0
                0x00010000                __top_SRAM_ITC = 0x10000
                0x00010000                __top_RAM2 = 0x10000
                0x20200000                __base_SRAM_OC = 0x20200000
                0x20200000                __base_RAM3 = 0x20200000
                0x20220000                __top_SRAM_OC = 0x20220000
                0x20220000                __top_RAM3 = 0x20220000
                0x80000000                __base_BOARD_SDRAM = 0x80000000
                0x80000000                __base_RAM4 = 0x80000000
                0x81e00000                __top_BOARD_SDRAM = 0x81e00000
                0x81e00000                __top_RAM4 = 0x81e00000
                0x81e00000                __base_NCACHE_REGION = 0x81e00000
                0x81e00000                __base_RAM5 = 0x81e00000
                0x82000000                __top_NCACHE_REGION = 0x82000000
                0x82000000                __top_RAM5 = 0x82000000

.boot_hdr       0x60000000     0x2000
 FILL mask 0xff
                0x60000000                __boot_hdr_start__ = ABSOLUTE (.)
 *(SORT_BY_ALIGNMENT(.boot_hdr.conf))
 .boot_hdr.conf
                0x60000000      0x200 ./xip/evkmimxrt1020_flexspi_nor_config.o
                0x60000000                qspiflash_config
                0x00001000                . = 0x1000
 *fill*         0x60000200      0xe00 ff
 *(SORT_BY_ALIGNMENT(.boot_hdr.ivt))
 .boot_hdr.ivt  0x60001000       0x20 ./xip/fsl_flexspi_nor_boot.o
                0x60001000                image_vector_table
                0x00001020                . = 0x1020
 *(SORT_BY_ALIGNMENT(.boot_hdr.boot_data))
 .boot_hdr.boot_data
                0x60001020       0x10 ./xip/fsl_flexspi_nor_boot.o
                0x60001020                boot_data
                0x00001030                . = 0x1030
 *(SORT_BY_ALIGNMENT(.boot_hdr.dcd_data))
                0x60001030                __boot_hdr_end__ = ABSOLUTE (.)
                0x00002000                . = 0x2000
 *fill*         0x60001030      0xfd0 ff

.text           0x60002000     0x4090
 FILL mask 0xff
                0x60002000                __vectors_start__ = ABSOLUTE (.)
 *(SORT_BY_ALIGNMENT(.isr_vector))
 .isr_vector    0x60002000      0x278 ./startup/startup_mimxrt1021.o
                0x60002000                g_pfnVectors
                0x60002000                __Vectors
                0x60002278                . = ALIGN (0x4)
                0x60002278                __section_table_start = .
                0x60002278                __data_section_table = .
                0x60002278        0x4 LONG 0x60006090 LOADADDR (.data)
                0x6000227c        0x4 LONG 0x20000000 ADDR (.data)
                0x60002280        0x4 LONG 0x8 SIZEOF (.data)
                0x60002284        0x4 LONG 0x60006090 LOADADDR (.data_RAM2)
                0x60002288        0x4 LONG 0x0 ADDR (.data_RAM2)
                0x6000228c        0x4 LONG 0x0 SIZEOF (.data_RAM2)
                0x60002290        0x4 LONG 0x60006090 LOADADDR (.data_RAM3)
                0x60002294        0x4 LONG 0x20200000 ADDR (.data_RAM3)
                0x60002298        0x4 LONG 0x0 SIZEOF (.data_RAM3)
                0x6000229c        0x4 LONG 0x60006090 LOADADDR (.data_RAM4)
                0x600022a0        0x4 LONG 0x80000000 ADDR (.data_RAM4)
                0x600022a4        0x4 LONG 0x0 SIZEOF (.data_RAM4)
                0x600022a8        0x4 LONG 0x60006090 LOADADDR (.data_RAM5)
                0x600022ac        0x4 LONG 0x81e00000 ADDR (.data_RAM5)
                0x600022b0        0x4 LONG 0x0 SIZEOF (.data_RAM5)
                0x600022b4                __data_section_table_end = .
                0x600022b4                __bss_section_table = .
                0x600022b4        0x4 LONG 0x20000008 ADDR (.bss)
                0x600022b8        0x4 LONG 0x93c SIZEOF (.bss)
                0x600022bc        0x4 LONG 0x0 ADDR (.bss_RAM2)
                0x600022c0        0x4 LONG 0x0 SIZEOF (.bss_RAM2)
                0x600022c4        0x4 LONG 0x20200000 ADDR (.bss_RAM3)
                0x600022c8        0x4 LONG 0x0 SIZEOF (.bss_RAM3)
                0x600022cc        0x4 LONG 0x80000000 ADDR (.bss_RAM4)
                0x600022d0        0x4 LONG 0x0 SIZEOF (.bss_RAM4)
                0x600022d4        0x4 LONG 0x81e00000 ADDR (.bss_RAM5)
                0x600022d8        0x4 LONG 0x0 SIZEOF (.bss_RAM5)
                0x600022dc                __bss_section_table_end = .
                0x600022dc                __section_table_end = .
 *(SORT_BY_ALIGNMENT(.after_vectors*))
 .after_vectors.reset
                0x600022dc       0x4c ./startup/startup_mimxrt1021.o
                0x600022dc                ResetISR
 .after_vectors.init_data
                0x60002328       0x1e ./startup/startup_mimxrt1021.o
                0x60002328                data_init
 .after_vectors.init_bss
                0x60002346       0x12 ./startup/startup_mimxrt1021.o
                0x60002346                bss_init
 .after_vectors
                0x60002358       0x14 ./startup/startup_mimxrt1021.o
                0x60002358                NMI_Handler
                0x6000235a                HardFault_Handler
                0x6000235c                MemManage_Handler
                0x6000235e                BusFault_Handler
                0x60002360                UsageFault_Handler
                0x60002364                DebugMon_Handler
                0x6000236a                CCM_2_DriverIRQHandler
                0x6000236a                PIT_DriverIRQHandler
                0x6000236a                Reserved102_DriverIRQHandler
                0x6000236a                Reserved152_DriverIRQHandler
                0x6000236a                DMA13_DMA29_DriverIRQHandler
                0x6000236a                FLEXRAM_DriverIRQHandler
                0x6000236a                LPSPI2_DriverIRQHandler
                0x6000236a                LPSPI4_DriverIRQHandler
                0x6000236a                SEMC_DriverIRQHandler
                0x6000236a                SPDIF_DriverIRQHandler
                0x6000236a                KPP_DriverIRQHandler
                0x6000236a                USB_PHY_DriverIRQHandler
                0x6000236a                GPIO3_Combined_0_15_DriverIRQHandler
                0x6000236a                SAI3_RX_DriverIRQHandler
                0x6000236a                DMA7_DMA23_DriverIRQHandler
                0x6000236a                BEE_DriverIRQHandler
                0x6000236a                LPI2C3_DriverIRQHandler
                0x6000236a                GPR_IRQ_DriverIRQHandler
                0x6000236a                Reserved103_DriverIRQHandler
                0x6000236a                PWM2_FAULT_DriverIRQHandler
                0x6000236a                Reserved56_DriverIRQHandler
                0x6000236a                DMA14_DMA30_DriverIRQHandler
                0x6000236a                TMR1_DriverIRQHandler
                0x6000236a                TRNG_DriverIRQHandler
                0x6000236a                ENET_1588_Timer_DriverIRQHandler
                0x6000236a                GPIO2_Combined_16_31_DriverIRQHandler
                0x6000236a                Reserved143_DriverIRQHandler
                0x6000236a                Reserved82_DriverIRQHandler
                0x6000236a                Reserved151_DriverIRQHandler
                0x6000236a                DMA0_DMA16_DriverIRQHandler
                0x6000236a                IntDefaultHandler
                0x6000236a                DMA2_DMA18_DriverIRQHandler
                0x6000236a                SRC_DriverIRQHandler
                0x6000236a                GPIO1_INT4_DriverIRQHandler
                0x6000236a                Reserved144_DriverIRQHandler
                0x6000236a                Reserved87_DriverIRQHandler
                0x6000236a                WDOG1_DriverIRQHandler
                0x6000236a                FLEXIO1_DriverIRQHandler
                0x6000236a                ENET_DriverIRQHandler
                0x6000236a                Reserved78_DriverIRQHandler
                0x6000236a                ENC2_DriverIRQHandler
                0x6000236a                ADC_ETC_IRQ2_DriverIRQHandler
                0x6000236a                GPIO1_Combined_16_31_DriverIRQHandler
                0x6000236a                GPIO1_INT7_DriverIRQHandler
                0x6000236a                SAI1_DriverIRQHandler
                0x6000236a                DCDC_DriverIRQHandler
                0x6000236a                DMA12_DMA28_DriverIRQHandler
                0x6000236a                ADC_ETC_ERROR_IRQ_DriverIRQHandler
                0x6000236a                ACMP2_DriverIRQHandler
                0x6000236a                GPIO5_Combined_0_15_DriverIRQHandler
                0x6000236a                GPIO1_INT0_DriverIRQHandler
                0x6000236a                GPIO1_INT2_DriverIRQHandler
                0x6000236a                RTWDOG_DriverIRQHandler
                0x6000236a                FLEXSPI_DriverIRQHandler
                0x6000236a                GPT2_DriverIRQHandler
                0x6000236a                DMA10_DMA26_DriverIRQHandler
                0x6000236a                PWM2_1_DriverIRQHandler
                0x6000236a                PWM1_1_DriverIRQHandler
                0x6000236a                ADC1_DriverIRQHandler
                0x6000236a                Reserved148_DriverIRQHandler
                0x6000236a                PWM1_0_DriverIRQHandler
                0x6000236a                DMA1_DMA17_DriverIRQHandler
                0x6000236a                ENC1_DriverIRQHandler
                0x6000236a                CAN2_DriverIRQHandler
                0x6000236a                DCP_DriverIRQHandler
                0x6000236a                CTI0_ERROR_DriverIRQHandler
                0x6000236a                DMA8_DMA24_DriverIRQHandler
                0x6000236a                GPT1_DriverIRQHandler
                0x6000236a                ACMP3_DriverIRQHandler
                0x6000236a                DMA6_DMA22_DriverIRQHandler
                0x6000236a                CSU_DriverIRQHandler
                0x6000236a                GPIO1_INT5_DriverIRQHandler
                0x6000236a                TMR2_DriverIRQHandler
                0x6000236a                CTI1_ERROR_DriverIRQHandler
                0x6000236a                GPIO1_Combined_0_15_DriverIRQHandler
                0x6000236a                EWM_DriverIRQHandler
                0x6000236a                SAI2_DriverIRQHandler
                0x6000236a                CORE_DriverIRQHandler
                0x6000236a                Reserved147_DriverIRQHandler
                0x6000236a                DMA11_DMA27_DriverIRQHandler
                0x6000236a                PWM2_3_DriverIRQHandler
                0x6000236a                Reserved60_DriverIRQHandler
                0x6000236a                XBAR1_IRQ_2_3_DriverIRQHandler
                0x6000236a                SNVS_HP_WRAPPER_TZ_DriverIRQHandler
                0x6000236a                GPIO3_Combined_16_31_DriverIRQHandler
                0x6000236a                PWM1_FAULT_DriverIRQHandler
                0x6000236a                LPI2C1_DriverIRQHandler
                0x6000236a                PWM2_2_DriverIRQHandler
                0x6000236a                Reserved128_DriverIRQHandler
                0x6000236a                DMA4_DMA20_DriverIRQHandler
                0x6000236a                DMA9_DMA25_DriverIRQHandler
                0x6000236a                SNVS_HP_WRAPPER_DriverIRQHandler
                0x6000236a                XBAR1_IRQ_0_1_DriverIRQHandler
                0x6000236a                ADC_ETC_IRQ1_DriverIRQHandler
                0x6000236a                LPSPI1_DriverIRQHandler
                0x6000236a                DMA3_DMA19_DriverIRQHandler
                0x6000236a                GPIO1_INT3_DriverIRQHandler
                0x6000236a                DCP_VMI_DriverIRQHandler
                0x6000236a                LPI2C4_DriverIRQHandler
                0x6000236a                GPC_DriverIRQHandler
                0x6000236a                Reserved123_DriverIRQHandler
                0x6000236a                GPIO2_Combined_0_15_DriverIRQHandler
                0x6000236a                PWM1_2_DriverIRQHandler
                0x6000236a                USB_OTG1_DriverIRQHandler
                0x6000236a                TEMP_LOW_HIGH_DriverIRQHandler
                0x6000236a                SAI3_TX_DriverIRQHandler
                0x6000236a                WDOG2_DriverIRQHandler
                0x6000236a                Reserved68_DriverIRQHandler
                0x6000236a                PMU_DriverIRQHandler
                0x6000236a                Reserved59_DriverIRQHandler
                0x6000236a                GPIO5_Combined_16_31_DriverIRQHandler
                0x6000236a                DMA5_DMA21_DriverIRQHandler
                0x6000236a                CCM_1_DriverIRQHandler
                0x6000236a                ADC2_DriverIRQHandler
                0x6000236a                Reserved58_DriverIRQHandler
                0x6000236a                Reserved115_DriverIRQHandler
                0x6000236a                TEMP_PANIC_DriverIRQHandler
                0x6000236a                ACMP4_DriverIRQHandler
                0x6000236a                DMA15_DMA31_DriverIRQHandler
                0x6000236a                Reserved107_DriverIRQHandler
                0x6000236a                LPSPI3_DriverIRQHandler
                0x6000236a                PWM1_3_DriverIRQHandler
                0x6000236a                Reserved70_DriverIRQHandler
                0x6000236a                ACMP1_DriverIRQHandler
                0x6000236a                LPI2C2_DriverIRQHandler
                0x6000236a                Reserved86_DriverIRQHandler
                0x6000236a                DMA_ERROR_DriverIRQHandler
                0x6000236a                ADC_ETC_IRQ0_DriverIRQHandler
                0x6000236a                CAN1_DriverIRQHandler
                0x6000236a                GPIO1_INT6_DriverIRQHandler
                0x6000236a                GPIO1_INT1_DriverIRQHandler
                0x6000236a                PWM2_0_DriverIRQHandler
                0x6000236a                SNVS_LP_WRAPPER_DriverIRQHandler
 *(SORT_BY_ALIGNMENT(.text*))
 *fill*         0x6000236c        0x4 ff
 .text.SVC_Handler
                0x60002370       0x28 ./freertos/freertos_kernel/portable/GCC/ARM_CM4F/port.o
                0x60002370                SVC_Handler
 *fill*         0x60002398        0x8 ff
 .text.PendSV_Handler
                0x600023a0       0x68 ./freertos/freertos_kernel/portable/GCC/ARM_CM4F/port.o
                0x600023a0                PendSV_Handler
 .text.__assertion_failed
                0x60002408       0x18 ./utilities/fsl_assert.o
                0x60002408                __assertion_failed
 .text.DbgConsole_SendData
                0x60002420      0x164 ./utilities/fsl_debug_console.o
                0x60002420                DbgConsole_SendData
 .text.DbgConsole_SendDataReliable
                0x60002584      0x100 ./utilities/fsl_debug_console.o
                0x60002584                DbgConsole_SendDataReliable
 .text.DbgConsole_Flush
                0x60002684       0x48 ./utilities/fsl_debug_console.o
                0x60002684                DbgConsole_Flush
 .text.DbgConsole_Printf
                0x600026cc       0x78 ./utilities/fsl_debug_console.o
                0x600026cc                DbgConsole_Printf
 .text.vPortEnterCritical
                0x60002744       0x60 ./freertos/freertos_kernel/portable/GCC/ARM_CM4F/port.o
                0x60002744                vPortEnterCritical
 .text.vPortExitCritical
                0x600027a4       0x54 ./freertos/freertos_kernel/portable/GCC/ARM_CM4F/port.o
                0x600027a4                vPortExitCritical
 .text.SysTick_Handler
                0x600027f8       0x44 ./freertos/freertos_kernel/portable/GCC/ARM_CM4F/port.o
                0x600027f8                SysTick_Handler
 .text.vTaskDelay
                0x6000283c       0x68 ./freertos/freertos_kernel/tasks.o
                0x6000283c                vTaskDelay
 .text.vTaskSuspendAll
                0x600028a4       0x1c ./freertos/freertos_kernel/tasks.o
                0x600028a4                vTaskSuspendAll
 .text.xTaskResumeAll
                0x600028c0      0x138 ./freertos/freertos_kernel/tasks.o
                0x600028c0                xTaskResumeAll
 .text.xTaskIncrementTick
                0x600029f8      0x154 ./freertos/freertos_kernel/tasks.o
                0x600029f8                xTaskIncrementTick
 .text.vTaskSwitchContext
                0x60002b4c       0xb8 ./freertos/freertos_kernel/tasks.o
                0x60002b4c                vTaskSwitchContext
 .text.prvResetNextTaskUnblockTime
                0x60002c04       0x40 ./freertos/freertos_kernel/tasks.o
 .text.xTaskGetSchedulerState
                0x60002c44       0x3c ./freertos/freertos_kernel/tasks.o
                0x60002c44                xTaskGetSchedulerState
 .text.prvAddCurrentTaskToDelayedList
                0x60002c80       0xcc ./freertos/freertos_kernel/tasks.o
 .text.CLOCK_InitExternalClk
                0x60002d4c       0x6c ./drivers/fsl_clock.o
                0x60002d4c                CLOCK_InitExternalClk
 .text.CLOCK_SwitchOsc
                0x60002db8       0x34 ./drivers/fsl_clock.o
                0x60002db8                CLOCK_SwitchOsc
 .text.CLOCK_InitRcOsc24M
                0x60002dec       0x24 ./drivers/fsl_clock.o
                0x60002dec                CLOCK_InitRcOsc24M
 .text.CLOCK_InitSysPll
                0x60002e10       0x9c ./drivers/fsl_clock.o
                0x60002e10                CLOCK_InitSysPll
 .text.CLOCK_DeinitAudioPll
                0x60002eac       0x1c ./drivers/fsl_clock.o
                0x60002eac                CLOCK_DeinitAudioPll
 .text.CLOCK_InitEnetPll
                0x60002ec8       0xa4 ./drivers/fsl_clock.o
                0x60002ec8                CLOCK_InitEnetPll
 .text.CLOCK_InitSysPfd
                0x60002f6c       0x64 ./drivers/fsl_clock.o
                0x60002f6c                CLOCK_InitSysPfd
 .text.LPUART_GetEnabledInterrupts
                0x60002fd0       0x44 ./drivers/fsl_lpuart.o
                0x60002fd0                LPUART_GetEnabledInterrupts
 .text.LPUART_ClearStatusFlags
                0x60003014       0xa4 ./drivers/fsl_lpuart.o
                0x60003014                LPUART_ClearStatusFlags
 .text.USDHC1_DriverIRQHandler
                0x600030b8       0x28 ./drivers/fsl_usdhc.o
                0x600030b8                USDHC1_DriverIRQHandler
 .text.USDHC2_DriverIRQHandler
                0x600030e0       0x28 ./drivers/fsl_usdhc.o
                0x600030e0                USDHC2_DriverIRQHandler
 .text.SystemInit
                0x60003108      0x1d8 ./device/system_MIMXRT1021.o
                0x60003108                SystemInit
 .text.HAL_UartInterruptHandle
                0x600032e0      0x164 ./component/uart/lpuart_adapter.o
 .text.HAL_UartSendNonBlocking
                0x60003444       0x88 ./component/uart/lpuart_adapter.o
                0x60003444                HAL_UartSendNonBlocking
 .text.HAL_UartIsrFunction
                0x600034cc       0x30 ./component/uart/lpuart_adapter.o
                0x600034cc                HAL_UartIsrFunction
 .text.SerialManager_Write
                0x600034fc      0x134 ./component/serial_manager/serial_manager.o
 .text.Serial_UartWrite
                0x60003630       0x8c ./component/serial_manager/serial_port_uart.o
                0x60003630                Serial_UartWrite
 .text.Serial_UartIsrFunction
                0x600036bc       0x30 ./component/serial_manager/serial_port_uart.o
                0x600036bc                Serial_UartIsrFunction
 .text.ARM_MPU_Enable
                0x600036ec       0x40 ./board/board.o
 .text.ARM_MPU_Disable
                0x6000372c       0x34 ./board/board.o
 .text.BOARD_ConfigMPU
                0x60003760      0x2e4 ./board/board.o
                0x60003760                BOARD_ConfigMPU
 .text.CLOCK_SetMux
                0x60003a44       0x9c ./board/clock_config.o
 .text.CLOCK_SetDiv
                0x60003ae0       0x9c ./board/clock_config.o
 .text.CLOCK_ControlGate
                0x60003b7c       0x64 ./board/clock_config.o
 .text.CLOCK_SetXtalFreq
                0x60003be0       0x20 ./board/clock_config.o
 .text.CLOCK_SetRtcXtalFreq
                0x60003c00       0x20 ./board/clock_config.o
 .text.IOMUXC_EnableMode
                0x60003c20       0x48 ./board/clock_config.o
 .text.IOMUXC_MQSConfig
                0x60003c68       0x44 ./board/clock_config.o
 .text.BOARD_BootClockRUN
                0x60003cac      0x4ec ./board/clock_config.o
                0x60003cac                BOARD_BootClockRUN
 .text.CLOCK_ControlGate
                0x60004198       0x64 ./board/pin_mux.o
 .text.BOARD_InitPins
                0x600041fc      0x238 ./board/pin_mux.o
                0x600041fc                BOARD_InitPins
 .text._initio  0x60004434       0x78 d:/program_files/mcuxpressoide_11.2.1_4149/ide/plugins/com.nxp.mcuxpresso.tools.win32_11.2.0.202008311134/tools/bin/../lib/gcc/arm-none-eabi/9.2.1/../../../../arm-none-eabi/lib/thumb/v7e-m+dp/hard\libcr_c.a(initio.o)
                0x60004434                _initio
 .text._Cwritebuf
                0x600044ac       0x6c d:/program_files/mcuxpressoide_11.2.1_4149/ide/plugins/com.nxp.mcuxpresso.tools.win32_11.2.0.202008311134/tools/bin/../lib/gcc/arm-none-eabi/9.2.1/../../../../arm-none-eabi/lib/thumb/v7e-m+dp/hard\libcr_c.a(_writebuf.o)
                0x600044ac                _Cwritebuf
 .text.fflush   0x60004518       0x44 d:/program_files/mcuxpressoide_11.2.1_4149/ide/plugins/com.nxp.mcuxpresso.tools.win32_11.2.0.202008311134/tools/bin/../lib/gcc/arm-none-eabi/9.2.1/../../../../arm-none-eabi/lib/thumb/v7e-m+dp/hard\libcr_c.a(fflush.o)
                0x60004518                fflush
 .text.fseek    0x6000455c      0x100 d:/program_files/mcuxpressoide_11.2.1_4149/ide/plugins/com.nxp.mcuxpresso.tools.win32_11.2.0.202008311134/tools/bin/../lib/gcc/arm-none-eabi/9.2.1/../../../../arm-none-eabi/lib/thumb/v7e-m+dp/hard\libcr_c.a(fseek.o)
                0x6000455c                fseek
 .text.ftell    0x6000465c       0x44 d:/program_files/mcuxpressoide_11.2.1_4149/ide/plugins/com.nxp.mcuxpresso.tools.win32_11.2.0.202008311134/tools/bin/../lib/gcc/arm-none-eabi/9.2.1/../../../../arm-none-eabi/lib/thumb/v7e-m+dp/hard\libcr_c.a(ftell.o)
                0x6000465c                ftell
 .text.DisableGlobalIRQ
                0x600046a0       0x22 ./utilities/fsl_debug_console.o
 .text.EnableGlobalIRQ
                0x600046c2       0x20 ./utilities/fsl_debug_console.o
 .text.DbgConsole_PrintCallback
                0x600046e2       0x66 ./utilities/fsl_debug_console.o
 .text.PrintGetWidth
                0x60004748       0x6a ./utilities/fsl_str.o
 .text.PrintGetPrecision
                0x600047b2       0x8c ./utilities/fsl_str.o
 .text.PrintIsobpu
                0x6000483e       0x38 ./utilities/fsl_str.o
 .text.PrintIsdi
                0x60004876       0x2c ./utilities/fsl_str.o
 .text.PrintOutputdifFobpu
                0x600048a2       0x44 ./utilities/fsl_str.o
 .text.PrintOutputxX
                0x600048e6       0x44 ./utilities/fsl_str.o
 .text.PrintIsfF
                0x6000492a       0x2c ./utilities/fsl_str.o
 .text.PrintIsxX
                0x60004956       0x2c ./utilities/fsl_str.o
 .text.PrintGetRadixFromobpu
                0x60004982       0x40 ./utilities/fsl_str.o
 .text.ConvertRadixNumToString
                0x600049c2      0x118 ./utilities/fsl_str.o
 .text.StrFormatPrintf
                0x60004ada      0x286 ./utilities/fsl_str.o
                0x60004ada                StrFormatPrintf
 .text.DMA0_DMA16_IRQHandler
                0x60004d60        0x8 ./startup/startup_mimxrt1021.o
                0x60004d60                DMA0_DMA16_IRQHandler
 .text.DMA1_DMA17_IRQHandler
                0x60004d68        0x8 ./startup/startup_mimxrt1021.o
                0x60004d68                DMA1_DMA17_IRQHandler
 .text.DMA2_DMA18_IRQHandler
                0x60004d70        0x8 ./startup/startup_mimxrt1021.o
                0x60004d70                DMA2_DMA18_IRQHandler
 .text.DMA3_DMA19_IRQHandler
                0x60004d78        0x8 ./startup/startup_mimxrt1021.o
                0x60004d78                DMA3_DMA19_IRQHandler
 .text.DMA4_DMA20_IRQHandler
                0x60004d80        0x8 ./startup/startup_mimxrt1021.o
                0x60004d80                DMA4_DMA20_IRQHandler
 .text.DMA5_DMA21_IRQHandler
                0x60004d88        0x8 ./startup/startup_mimxrt1021.o
                0x60004d88                DMA5_DMA21_IRQHandler
 .text.DMA6_DMA22_IRQHandler
                0x60004d90        0x8 ./startup/startup_mimxrt1021.o
                0x60004d90                DMA6_DMA22_IRQHandler
 .text.DMA7_DMA23_IRQHandler
                0x60004d98        0x8 ./startup/startup_mimxrt1021.o
                0x60004d98                DMA7_DMA23_IRQHandler
 .text.DMA8_DMA24_IRQHandler
                0x60004da0        0x8 ./startup/startup_mimxrt1021.o
                0x60004da0                DMA8_DMA24_IRQHandler
 .text.DMA9_DMA25_IRQHandler
                0x60004da8        0x8 ./startup/startup_mimxrt1021.o
                0x60004da8                DMA9_DMA25_IRQHandler
 .text.DMA10_DMA26_IRQHandler
                0x60004db0        0x8 ./startup/startup_mimxrt1021.o
                0x60004db0                DMA10_DMA26_IRQHandler
 .text.DMA11_DMA27_IRQHandler
                0x60004db8        0x8 ./startup/startup_mimxrt1021.o
                0x60004db8                DMA11_DMA27_IRQHandler
 .text.DMA12_DMA28_IRQHandler
                0x60004dc0        0x8 ./startup/startup_mimxrt1021.o
                0x60004dc0                DMA12_DMA28_IRQHandler
 .text.DMA13_DMA29_IRQHandler
                0x60004dc8        0x8 ./startup/startup_mimxrt1021.o
                0x60004dc8                DMA13_DMA29_IRQHandler
 .text.DMA14_DMA30_IRQHandler
                0x60004dd0        0x8 ./startup/startup_mimxrt1021.o
                0x60004dd0                DMA14_DMA30_IRQHandler
 .text.DMA15_DMA31_IRQHandler
                0x60004dd8        0x8 ./startup/startup_mimxrt1021.o
                0x60004dd8                DMA15_DMA31_IRQHandler
 .text.DMA_ERROR_IRQHandler
                0x60004de0        0x8 ./startup/startup_mimxrt1021.o
                0x60004de0                DMA_ERROR_IRQHandler
 .text.CTI0_ERROR_IRQHandler
                0x60004de8        0x8 ./startup/startup_mimxrt1021.o
                0x60004de8                CTI0_ERROR_IRQHandler
 .text.CTI1_ERROR_IRQHandler
                0x60004df0        0x8 ./startup/startup_mimxrt1021.o
                0x60004df0                CTI1_ERROR_IRQHandler
 .text.CORE_IRQHandler
                0x60004df8        0x8 ./startup/startup_mimxrt1021.o
                0x60004df8                CORE_IRQHandler
 .text.LPI2C1_IRQHandler
                0x60004e00        0x8 ./startup/startup_mimxrt1021.o
                0x60004e00                LPI2C1_IRQHandler
 .text.LPI2C2_IRQHandler
                0x60004e08        0x8 ./startup/startup_mimxrt1021.o
                0x60004e08                LPI2C2_IRQHandler
 .text.LPI2C3_IRQHandler
                0x60004e10        0x8 ./startup/startup_mimxrt1021.o
                0x60004e10                LPI2C3_IRQHandler
 .text.LPI2C4_IRQHandler
                0x60004e18        0x8 ./startup/startup_mimxrt1021.o
                0x60004e18                LPI2C4_IRQHandler
 .text.LPSPI1_IRQHandler
                0x60004e20        0x8 ./startup/startup_mimxrt1021.o
                0x60004e20                LPSPI1_IRQHandler
 .text.LPSPI2_IRQHandler
                0x60004e28        0x8 ./startup/startup_mimxrt1021.o
                0x60004e28                LPSPI2_IRQHandler
 .text.LPSPI3_IRQHandler
                0x60004e30        0x8 ./startup/startup_mimxrt1021.o
                0x60004e30                LPSPI3_IRQHandler
 .text.LPSPI4_IRQHandler
                0x60004e38        0x8 ./startup/startup_mimxrt1021.o
                0x60004e38                LPSPI4_IRQHandler
 .text.CAN1_IRQHandler
                0x60004e40        0x8 ./startup/startup_mimxrt1021.o
                0x60004e40                CAN1_IRQHandler
 .text.CAN2_IRQHandler
                0x60004e48        0x8 ./startup/startup_mimxrt1021.o
                0x60004e48                CAN2_IRQHandler
 .text.FLEXRAM_IRQHandler
                0x60004e50        0x8 ./startup/startup_mimxrt1021.o
                0x60004e50                FLEXRAM_IRQHandler
 .text.KPP_IRQHandler
                0x60004e58        0x8 ./startup/startup_mimxrt1021.o
                0x60004e58                KPP_IRQHandler
 .text.Reserved56_IRQHandler
                0x60004e60        0x8 ./startup/startup_mimxrt1021.o
                0x60004e60                Reserved56_IRQHandler
 .text.GPR_IRQ_IRQHandler
                0x60004e68        0x8 ./startup/startup_mimxrt1021.o
                0x60004e68                GPR_IRQ_IRQHandler
 .text.Reserved58_IRQHandler
                0x60004e70        0x8 ./startup/startup_mimxrt1021.o
                0x60004e70                Reserved58_IRQHandler
 .text.Reserved59_IRQHandler
                0x60004e78        0x8 ./startup/startup_mimxrt1021.o
                0x60004e78                Reserved59_IRQHandler
 .text.Reserved60_IRQHandler
                0x60004e80        0x8 ./startup/startup_mimxrt1021.o
                0x60004e80                Reserved60_IRQHandler
 .text.WDOG2_IRQHandler
                0x60004e88        0x8 ./startup/startup_mimxrt1021.o
                0x60004e88                WDOG2_IRQHandler
 .text.SNVS_HP_WRAPPER_IRQHandler
                0x60004e90        0x8 ./startup/startup_mimxrt1021.o
                0x60004e90                SNVS_HP_WRAPPER_IRQHandler
 .text.SNVS_HP_WRAPPER_TZ_IRQHandler
                0x60004e98        0x8 ./startup/startup_mimxrt1021.o
                0x60004e98                SNVS_HP_WRAPPER_TZ_IRQHandler
 .text.SNVS_LP_WRAPPER_IRQHandler
                0x60004ea0        0x8 ./startup/startup_mimxrt1021.o
                0x60004ea0                SNVS_LP_WRAPPER_IRQHandler
 .text.CSU_IRQHandler
                0x60004ea8        0x8 ./startup/startup_mimxrt1021.o
                0x60004ea8                CSU_IRQHandler
 .text.DCP_IRQHandler
                0x60004eb0        0x8 ./startup/startup_mimxrt1021.o
                0x60004eb0                DCP_IRQHandler
 .text.DCP_VMI_IRQHandler
                0x60004eb8        0x8 ./startup/startup_mimxrt1021.o
                0x60004eb8                DCP_VMI_IRQHandler
 .text.Reserved68_IRQHandler
                0x60004ec0        0x8 ./startup/startup_mimxrt1021.o
                0x60004ec0                Reserved68_IRQHandler
 .text.TRNG_IRQHandler
                0x60004ec8        0x8 ./startup/startup_mimxrt1021.o
                0x60004ec8                TRNG_IRQHandler
 .text.Reserved70_IRQHandler
                0x60004ed0        0x8 ./startup/startup_mimxrt1021.o
                0x60004ed0                Reserved70_IRQHandler
 .text.BEE_IRQHandler
                0x60004ed8        0x8 ./startup/startup_mimxrt1021.o
                0x60004ed8                BEE_IRQHandler
 .text.SAI1_IRQHandler
                0x60004ee0        0x8 ./startup/startup_mimxrt1021.o
                0x60004ee0                SAI1_IRQHandler
 .text.SAI2_IRQHandler
                0x60004ee8        0x8 ./startup/startup_mimxrt1021.o
                0x60004ee8                SAI2_IRQHandler
 .text.SAI3_RX_IRQHandler
                0x60004ef0        0x8 ./startup/startup_mimxrt1021.o
                0x60004ef0                SAI3_RX_IRQHandler
 .text.SAI3_TX_IRQHandler
                0x60004ef8        0x8 ./startup/startup_mimxrt1021.o
                0x60004ef8                SAI3_TX_IRQHandler
 .text.SPDIF_IRQHandler
                0x60004f00        0x8 ./startup/startup_mimxrt1021.o
                0x60004f00                SPDIF_IRQHandler
 .text.PMU_IRQHandler
                0x60004f08        0x8 ./startup/startup_mimxrt1021.o
                0x60004f08                PMU_IRQHandler
 .text.Reserved78_IRQHandler
                0x60004f10        0x8 ./startup/startup_mimxrt1021.o
                0x60004f10                Reserved78_IRQHandler
 .text.TEMP_LOW_HIGH_IRQHandler
                0x60004f18        0x8 ./startup/startup_mimxrt1021.o
                0x60004f18                TEMP_LOW_HIGH_IRQHandler
 .text.TEMP_PANIC_IRQHandler
                0x60004f20        0x8 ./startup/startup_mimxrt1021.o
                0x60004f20                TEMP_PANIC_IRQHandler
 .text.USB_PHY_IRQHandler
                0x60004f28        0x8 ./startup/startup_mimxrt1021.o
                0x60004f28                USB_PHY_IRQHandler
 .text.Reserved82_IRQHandler
                0x60004f30        0x8 ./startup/startup_mimxrt1021.o
                0x60004f30                Reserved82_IRQHandler
 .text.ADC1_IRQHandler
                0x60004f38        0x8 ./startup/startup_mimxrt1021.o
                0x60004f38                ADC1_IRQHandler
 .text.ADC2_IRQHandler
                0x60004f40        0x8 ./startup/startup_mimxrt1021.o
                0x60004f40                ADC2_IRQHandler
 .text.DCDC_IRQHandler
                0x60004f48        0x8 ./startup/startup_mimxrt1021.o
                0x60004f48                DCDC_IRQHandler
 .text.Reserved86_IRQHandler
                0x60004f50        0x8 ./startup/startup_mimxrt1021.o
                0x60004f50                Reserved86_IRQHandler
 .text.Reserved87_IRQHandler
                0x60004f58        0x8 ./startup/startup_mimxrt1021.o
                0x60004f58                Reserved87_IRQHandler
 .text.GPIO1_INT0_IRQHandler
                0x60004f60        0x8 ./startup/startup_mimxrt1021.o
                0x60004f60                GPIO1_INT0_IRQHandler
 .text.GPIO1_INT1_IRQHandler
                0x60004f68        0x8 ./startup/startup_mimxrt1021.o
                0x60004f68                GPIO1_INT1_IRQHandler
 .text.GPIO1_INT2_IRQHandler
                0x60004f70        0x8 ./startup/startup_mimxrt1021.o
                0x60004f70                GPIO1_INT2_IRQHandler
 .text.GPIO1_INT3_IRQHandler
                0x60004f78        0x8 ./startup/startup_mimxrt1021.o
                0x60004f78                GPIO1_INT3_IRQHandler
 .text.GPIO1_INT4_IRQHandler
                0x60004f80        0x8 ./startup/startup_mimxrt1021.o
                0x60004f80                GPIO1_INT4_IRQHandler
 .text.GPIO1_INT5_IRQHandler
                0x60004f88        0x8 ./startup/startup_mimxrt1021.o
                0x60004f88                GPIO1_INT5_IRQHandler
 .text.GPIO1_INT6_IRQHandler
                0x60004f90        0x8 ./startup/startup_mimxrt1021.o
                0x60004f90                GPIO1_INT6_IRQHandler
 .text.GPIO1_INT7_IRQHandler
                0x60004f98        0x8 ./startup/startup_mimxrt1021.o
                0x60004f98                GPIO1_INT7_IRQHandler
 .text.GPIO1_Combined_0_15_IRQHandler
                0x60004fa0        0x8 ./startup/startup_mimxrt1021.o
                0x60004fa0                GPIO1_Combined_0_15_IRQHandler
 .text.GPIO1_Combined_16_31_IRQHandler
                0x60004fa8        0x8 ./startup/startup_mimxrt1021.o
                0x60004fa8                GPIO1_Combined_16_31_IRQHandler
 .text.GPIO2_Combined_0_15_IRQHandler
                0x60004fb0        0x8 ./startup/startup_mimxrt1021.o
                0x60004fb0                GPIO2_Combined_0_15_IRQHandler
 .text.GPIO2_Combined_16_31_IRQHandler
                0x60004fb8        0x8 ./startup/startup_mimxrt1021.o
                0x60004fb8                GPIO2_Combined_16_31_IRQHandler
 .text.GPIO3_Combined_0_15_IRQHandler
                0x60004fc0        0x8 ./startup/startup_mimxrt1021.o
                0x60004fc0                GPIO3_Combined_0_15_IRQHandler
 .text.GPIO3_Combined_16_31_IRQHandler
                0x60004fc8        0x8 ./startup/startup_mimxrt1021.o
                0x60004fc8                GPIO3_Combined_16_31_IRQHandler
 .text.Reserved102_IRQHandler
                0x60004fd0        0x8 ./startup/startup_mimxrt1021.o
                0x60004fd0                Reserved102_IRQHandler
 .text.Reserved103_IRQHandler
                0x60004fd8        0x8 ./startup/startup_mimxrt1021.o
                0x60004fd8                Reserved103_IRQHandler
 .text.GPIO5_Combined_0_15_IRQHandler
                0x60004fe0        0x8 ./startup/startup_mimxrt1021.o
                0x60004fe0                GPIO5_Combined_0_15_IRQHandler
 .text.GPIO5_Combined_16_31_IRQHandler
                0x60004fe8        0x8 ./startup/startup_mimxrt1021.o
                0x60004fe8                GPIO5_Combined_16_31_IRQHandler
 .text.FLEXIO1_IRQHandler
                0x60004ff0        0x8 ./startup/startup_mimxrt1021.o
                0x60004ff0                FLEXIO1_IRQHandler
 .text.Reserved107_IRQHandler
                0x60004ff8        0x8 ./startup/startup_mimxrt1021.o
                0x60004ff8                Reserved107_IRQHandler
 .text.WDOG1_IRQHandler
                0x60005000        0x8 ./startup/startup_mimxrt1021.o
                0x60005000                WDOG1_IRQHandler
 .text.RTWDOG_IRQHandler
                0x60005008        0x8 ./startup/startup_mimxrt1021.o
                0x60005008                RTWDOG_IRQHandler
 .text.EWM_IRQHandler
                0x60005010        0x8 ./startup/startup_mimxrt1021.o
                0x60005010                EWM_IRQHandler
 .text.CCM_1_IRQHandler
                0x60005018        0x8 ./startup/startup_mimxrt1021.o
                0x60005018                CCM_1_IRQHandler
 .text.CCM_2_IRQHandler
                0x60005020        0x8 ./startup/startup_mimxrt1021.o
                0x60005020                CCM_2_IRQHandler
 .text.GPC_IRQHandler
                0x60005028        0x8 ./startup/startup_mimxrt1021.o
                0x60005028                GPC_IRQHandler
 .text.SRC_IRQHandler
                0x60005030        0x8 ./startup/startup_mimxrt1021.o
                0x60005030                SRC_IRQHandler
 .text.Reserved115_IRQHandler
                0x60005038        0x8 ./startup/startup_mimxrt1021.o
                0x60005038                Reserved115_IRQHandler
 .text.GPT1_IRQHandler
                0x60005040        0x8 ./startup/startup_mimxrt1021.o
                0x60005040                GPT1_IRQHandler
 .text.GPT2_IRQHandler
                0x60005048        0x8 ./startup/startup_mimxrt1021.o
                0x60005048                GPT2_IRQHandler
 .text.PWM1_0_IRQHandler
                0x60005050        0x8 ./startup/startup_mimxrt1021.o
                0x60005050                PWM1_0_IRQHandler
 .text.PWM1_1_IRQHandler
                0x60005058        0x8 ./startup/startup_mimxrt1021.o
                0x60005058                PWM1_1_IRQHandler
 .text.PWM1_2_IRQHandler
                0x60005060        0x8 ./startup/startup_mimxrt1021.o
                0x60005060                PWM1_2_IRQHandler
 .text.PWM1_3_IRQHandler
                0x60005068        0x8 ./startup/startup_mimxrt1021.o
                0x60005068                PWM1_3_IRQHandler
 .text.PWM1_FAULT_IRQHandler
                0x60005070        0x8 ./startup/startup_mimxrt1021.o
                0x60005070                PWM1_FAULT_IRQHandler
 .text.Reserved123_IRQHandler
                0x60005078        0x8 ./startup/startup_mimxrt1021.o
                0x60005078                Reserved123_IRQHandler
 .text.FLEXSPI_IRQHandler
                0x60005080        0x8 ./startup/startup_mimxrt1021.o
                0x60005080                FLEXSPI_IRQHandler
 .text.SEMC_IRQHandler
                0x60005088        0x8 ./startup/startup_mimxrt1021.o
                0x60005088                SEMC_IRQHandler
 .text.USDHC1_IRQHandler
                0x60005090        0x8 ./startup/startup_mimxrt1021.o
                0x60005090                USDHC1_IRQHandler
 .text.USDHC2_IRQHandler
                0x60005098        0x8 ./startup/startup_mimxrt1021.o
                0x60005098                USDHC2_IRQHandler
 .text.Reserved128_IRQHandler
                0x600050a0        0x8 ./startup/startup_mimxrt1021.o
                0x600050a0                Reserved128_IRQHandler
 .text.USB_OTG1_IRQHandler
                0x600050a8        0x8 ./startup/startup_mimxrt1021.o
                0x600050a8                USB_OTG1_IRQHandler
 .text.ENET_IRQHandler
                0x600050b0        0x8 ./startup/startup_mimxrt1021.o
                0x600050b0                ENET_IRQHandler
 .text.ENET_1588_Timer_IRQHandler
                0x600050b8        0x8 ./startup/startup_mimxrt1021.o
                0x600050b8                ENET_1588_Timer_IRQHandler
 .text.XBAR1_IRQ_0_1_IRQHandler
                0x600050c0        0x8 ./startup/startup_mimxrt1021.o
                0x600050c0                XBAR1_IRQ_0_1_IRQHandler
 .text.XBAR1_IRQ_2_3_IRQHandler
                0x600050c8        0x8 ./startup/startup_mimxrt1021.o
                0x600050c8                XBAR1_IRQ_2_3_IRQHandler
 .text.ADC_ETC_IRQ0_IRQHandler
                0x600050d0        0x8 ./startup/startup_mimxrt1021.o
                0x600050d0                ADC_ETC_IRQ0_IRQHandler
 .text.ADC_ETC_IRQ1_IRQHandler
                0x600050d8        0x8 ./startup/startup_mimxrt1021.o
                0x600050d8                ADC_ETC_IRQ1_IRQHandler
 .text.ADC_ETC_IRQ2_IRQHandler
                0x600050e0        0x8 ./startup/startup_mimxrt1021.o
                0x600050e0                ADC_ETC_IRQ2_IRQHandler
 .text.ADC_ETC_ERROR_IRQ_IRQHandler
                0x600050e8        0x8 ./startup/startup_mimxrt1021.o
                0x600050e8                ADC_ETC_ERROR_IRQ_IRQHandler
 .text.PIT_IRQHandler
                0x600050f0        0x8 ./startup/startup_mimxrt1021.o
                0x600050f0                PIT_IRQHandler
 .text.ACMP1_IRQHandler
                0x600050f8        0x8 ./startup/startup_mimxrt1021.o
                0x600050f8                ACMP1_IRQHandler
 .text.ACMP2_IRQHandler
                0x60005100        0x8 ./startup/startup_mimxrt1021.o
                0x60005100                ACMP2_IRQHandler
 .text.ACMP3_IRQHandler
                0x60005108        0x8 ./startup/startup_mimxrt1021.o
                0x60005108                ACMP3_IRQHandler
 .text.ACMP4_IRQHandler
                0x60005110        0x8 ./startup/startup_mimxrt1021.o
                0x60005110                ACMP4_IRQHandler
 .text.Reserved143_IRQHandler
                0x60005118        0x8 ./startup/startup_mimxrt1021.o
                0x60005118                Reserved143_IRQHandler
 .text.Reserved144_IRQHandler
                0x60005120        0x8 ./startup/startup_mimxrt1021.o
                0x60005120                Reserved144_IRQHandler
 .text.ENC1_IRQHandler
                0x60005128        0x8 ./startup/startup_mimxrt1021.o
                0x60005128                ENC1_IRQHandler
 .text.ENC2_IRQHandler
                0x60005130        0x8 ./startup/startup_mimxrt1021.o
                0x60005130                ENC2_IRQHandler
 .text.Reserved147_IRQHandler
                0x60005138        0x8 ./startup/startup_mimxrt1021.o
                0x60005138                Reserved147_IRQHandler
 .text.Reserved148_IRQHandler
                0x60005140        0x8 ./startup/startup_mimxrt1021.o
                0x60005140                Reserved148_IRQHandler
 .text.TMR1_IRQHandler
                0x60005148        0x8 ./startup/startup_mimxrt1021.o
                0x60005148                TMR1_IRQHandler
 .text.TMR2_IRQHandler
                0x60005150        0x8 ./startup/startup_mimxrt1021.o
                0x60005150                TMR2_IRQHandler
 .text.Reserved151_IRQHandler
                0x60005158        0x8 ./startup/startup_mimxrt1021.o
                0x60005158                Reserved151_IRQHandler
 .text.Reserved152_IRQHandler
                0x60005160        0x8 ./startup/startup_mimxrt1021.o
                0x60005160                Reserved152_IRQHandler
 .text.PWM2_0_IRQHandler
                0x60005168        0x8 ./startup/startup_mimxrt1021.o
                0x60005168                PWM2_0_IRQHandler
 .text.PWM2_1_IRQHandler
                0x60005170        0x8 ./startup/startup_mimxrt1021.o
                0x60005170                PWM2_1_IRQHandler
 .text.PWM2_2_IRQHandler
                0x60005178        0x8 ./startup/startup_mimxrt1021.o
                0x60005178                PWM2_2_IRQHandler
 .text.PWM2_3_IRQHandler
                0x60005180        0x8 ./startup/startup_mimxrt1021.o
                0x60005180                PWM2_3_IRQHandler
 .text.PWM2_FAULT_IRQHandler
                0x60005188        0x8 ./startup/startup_mimxrt1021.o
                0x60005188                PWM2_FAULT_IRQHandler
 .text.main     0x60005190       0x14 ./source/main.o
                0x60005190                main
 .text.vListInsertEnd
                0x600051a4       0x48 ./freertos/freertos_kernel/list.o
                0x600051a4                vListInsertEnd
 .text.vListInsert
                0x600051ec       0x72 ./freertos/freertos_kernel/list.o
                0x600051ec                vListInsert
 .text.uxListRemove
                0x6000525e       0x54 ./freertos/freertos_kernel/list.o
                0x6000525e                uxListRemove
 .text.LPUART_EnableInterrupts
                0x600052b2       0x52 ./drivers/fsl_lpuart.o
                0x600052b2                LPUART_EnableInterrupts
 .text.LPUART_DisableInterrupts
                0x60005304       0x58 ./drivers/fsl_lpuart.o
                0x60005304                LPUART_DisableInterrupts
 .text.LPUART_GetStatusFlags
                0x6000535c       0x2c ./drivers/fsl_lpuart.o
                0x6000535c                LPUART_GetStatusFlags
 .text.SystemInitHook
                0x60005388        0xe ./device/system_MIMXRT1021.o
                0x60005388                SystemInitHook
 .text.LPUART_WriteByte
                0x60005396       0x1e ./component/uart/lpuart_adapter.o
 .text.LPUART_ReadByte
                0x600053b4       0x6e ./component/uart/lpuart_adapter.o
 .text.LPUART1_IRQHandler
                0x60005422       0x14 ./component/uart/lpuart_adapter.o
                0x60005422                LPUART1_IRQHandler
 .text.LPUART2_IRQHandler
                0x60005436       0x14 ./component/uart/lpuart_adapter.o
                0x60005436                LPUART2_IRQHandler
 .text.LPUART3_IRQHandler
                0x6000544a       0x14 ./component/uart/lpuart_adapter.o
                0x6000544a                LPUART3_IRQHandler
 .text.LPUART4_IRQHandler
                0x6000545e       0x14 ./component/uart/lpuart_adapter.o
                0x6000545e                LPUART4_IRQHandler
 .text.LPUART5_IRQHandler
                0x60005472       0x14 ./component/uart/lpuart_adapter.o
                0x60005472                LPUART5_IRQHandler
 .text.LPUART6_IRQHandler
                0x60005486       0x14 ./component/uart/lpuart_adapter.o
                0x60005486                LPUART6_IRQHandler
 .text.LPUART7_IRQHandler
                0x6000549a       0x14 ./component/uart/lpuart_adapter.o
                0x6000549a                LPUART7_IRQHandler
 .text.LPUART8_IRQHandler
                0x600054ae       0x14 ./component/uart/lpuart_adapter.o
                0x600054ae                LPUART8_IRQHandler
 .text.DisableGlobalIRQ
                0x600054c2       0x22 ./component/serial_manager/serial_manager.o
 .text.EnableGlobalIRQ
                0x600054e4       0x20 ./component/serial_manager/serial_manager.o
 .text.SerialManager_AddTail
                0x60005504       0x1c ./component/serial_manager/serial_manager.o
 .text.SerialManager_StartWriting
                0x60005520       0x56 ./component/serial_manager/serial_manager.o
 .text.SerialManager_IsrFunction
                0x60005576       0x34 ./component/serial_manager/serial_manager.o
 .text.SerialManager_WriteNonBlocking
                0x600055aa       0x22 ./component/serial_manager/serial_manager.o
                0x600055aa                SerialManager_WriteNonBlocking
 .text.DisableGlobalIRQ
                0x600055cc       0x22 ./component/lists/generic_list.o
 .text.EnableGlobalIRQ
                0x600055ee       0x20 ./component/lists/generic_list.o
 .text.LIST_Error_Check
                0x6000560e       0x5a ./component/lists/generic_list.o
 .text.LIST_AddTail
                0x60005668       0x74 ./component/lists/generic_list.o
                0x60005668                LIST_AddTail
 .text.LIST_GetHead
                0x600056dc       0x18 ./component/lists/generic_list.o
                0x600056dc                LIST_GetHead
 .text.CLOCK_DisableClock
                0x600056f4       0x1e ./board/clock_config.o
 .text.CLOCK_SetPllBypass
                0x60005712       0x4e ./board/clock_config.o
 .text.IOMUXC_SetSaiMClkClockSource
                0x60005760       0x6c ./board/clock_config.o
 .text.CLOCK_EnableClock
                0x600057cc       0x1e ./board/pin_mux.o
 .text.IOMUXC_SetPinMux
                0x600057ea       0x3a ./board/pin_mux.o
 .text.IOMUXC_SetPinConfig
                0x60005824       0x26 ./board/pin_mux.o
 .text.__main   0x6000584a        0xe d:/program_files/mcuxpressoide_11.2.1_4149/ide/plugins/com.nxp.mcuxpresso.tools.win32_11.2.0.202008311134/tools/bin/../lib/gcc/arm-none-eabi/9.2.1/../../../../arm-none-eabi/lib/thumb/v7e-m+dp/hard\libcr_nohost_nf.a(_cr__main.o)
                0x6000584a                __main
 .text.memset   0x60005858        0x4 d:/program_files/mcuxpressoide_11.2.1_4149/ide/plugins/com.nxp.mcuxpresso.tools.win32_11.2.0.202008311134/tools/bin/../lib/gcc/arm-none-eabi/9.2.1/../../../../arm-none-eabi/lib/thumb/v7e-m+dp/hard\libcr_c.a(memset.o)
                0x60005858                memset
 .text.free     0x6000585c       0x30 d:/program_files/mcuxpressoide_11.2.1_4149/ide/plugins/com.nxp.mcuxpresso.tools.win32_11.2.0.202008311134/tools/bin/../lib/gcc/arm-none-eabi/9.2.1/../../../../arm-none-eabi/lib/thumb/v7e-m+dp/hard\libcr_c.a(alloc.o)
                0x6000585c                free
 .text.setvbuf  0x6000588c       0x3e d:/program_files/mcuxpressoide_11.2.1_4149/ide/plugins/com.nxp.mcuxpresso.tools.win32_11.2.0.202008311134/tools/bin/../lib/gcc/arm-none-eabi/9.2.1/../../../../arm-none-eabi/lib/thumb/v7e-m+dp/hard\libcr_c.a(setvbuf.o)
                0x6000588c                setvbuf
 .text.strlen   0x600058ca       0x4c d:/program_files/mcuxpressoide_11.2.1_4149/ide/plugins/com.nxp.mcuxpresso.tools.win32_11.2.0.202008311134/tools/bin/../lib/gcc/arm-none-eabi/9.2.1/../../../../arm-none-eabi/lib/thumb/v7e-m+dp/hard\libcr_c.a(strlen.o)
                0x600058ca                strlen
 .text._deferredlazyseek
                0x60005916       0x40 d:/program_files/mcuxpressoide_11.2.1_4149/ide/plugins/com.nxp.mcuxpresso.tools.win32_11.2.0.202008311134/tools/bin/../lib/gcc/arm-none-eabi/9.2.1/../../../../arm-none-eabi/lib/thumb/v7e-m+dp/hard\libcr_c.a(_deferredlazyseek.o)
                0x60005916                _deferredlazyseek
 .text._fdopen  0x60005956       0x68 d:/program_files/mcuxpressoide_11.2.1_4149/ide/plugins/com.nxp.mcuxpresso.tools.win32_11.2.0.202008311134/tools/bin/../lib/gcc/arm-none-eabi/9.2.1/../../../../arm-none-eabi/lib/thumb/v7e-m+dp/hard\libcr_c.a(_fdopen.o)
                0x60005956                _fdopen
 .text._fflush  0x600059be       0x52 d:/program_files/mcuxpressoide_11.2.1_4149/ide/plugins/com.nxp.mcuxpresso.tools.win32_11.2.0.202008311134/tools/bin/../lib/gcc/arm-none-eabi/9.2.1/../../../../arm-none-eabi/lib/thumb/v7e-m+dp/hard\libcr_c.a(_fflush.o)
                0x600059be                _fflush
 .text.fclose   0x60005a10       0x58 d:/program_files/mcuxpressoide_11.2.1_4149/ide/plugins/com.nxp.mcuxpresso.tools.win32_11.2.0.202008311134/tools/bin/../lib/gcc/arm-none-eabi/9.2.1/../../../../arm-none-eabi/lib/thumb/v7e-m+dp/hard\libcr_c.a(fclose.o)
                0x60005a10                fclose
 .text.remove   0x60005a68       0x14 d:/program_files/mcuxpressoide_11.2.1_4149/ide/plugins/com.nxp.mcuxpresso.tools.win32_11.2.0.202008311134/tools/bin/../lib/gcc/arm-none-eabi/9.2.1/../../../../arm-none-eabi/lib/thumb/v7e-m+dp/hard\libcr_c.a(remove.o)
                0x60005a68                remove
 .text._do_fflush
                0x60005a7c       0x40 d:/program_files/mcuxpressoide_11.2.1_4149/ide/plugins/com.nxp.mcuxpresso.tools.win32_11.2.0.202008311134/tools/bin/../lib/gcc/arm-none-eabi/9.2.1/../../../../arm-none-eabi/lib/thumb/v7e-m+dp/hard\libcr_c.a(_do_fflush.o)
                0x60005a7c                _do_fflush
 .text.__aeabi_memset_lowlevel
                0x60005abc       0x32 d:/program_files/mcuxpressoide_11.2.1_4149/ide/plugins/com.nxp.mcuxpresso.tools.win32_11.2.0.202008311134/tools/bin/../lib/gcc/arm-none-eabi/9.2.1/thumb/v7e-m+dp/hard\libcr_eabihelpers.a(memcpy.o)
                0x60005abc                __aeabi_lowlevel_memset
 .text.__sys_close
                0x60005aee        0x6 d:/program_files/mcuxpressoide_11.2.1_4149/ide/plugins/com.nxp.mcuxpresso.tools.win32_11.2.0.202008311134/tools/bin/../lib/gcc/arm-none-eabi/9.2.1/../../../../arm-none-eabi/lib/thumb/v7e-m+dp/hard\libcr_nohost_nf.a(__sys_close.o)
                0x60005aee                __sys_close
 .text.__sys_flen
                0x60005af4        0x6 d:/program_files/mcuxpressoide_11.2.1_4149/ide/plugins/com.nxp.mcuxpresso.tools.win32_11.2.0.202008311134/tools/bin/../lib/gcc/arm-none-eabi/9.2.1/../../../../arm-none-eabi/lib/thumb/v7e-m+dp/hard\libcr_nohost_nf.a(__sys_flen.o)
                0x60005af4                __sys_flen
 .text.__sys_istty
                0x60005afa        0x6 d:/program_files/mcuxpressoide_11.2.1_4149/ide/plugins/com.nxp.mcuxpresso.tools.win32_11.2.0.202008311134/tools/bin/../lib/gcc/arm-none-eabi/9.2.1/../../../../arm-none-eabi/lib/thumb/v7e-m+dp/hard\libcr_nohost_nf.a(__sys_istty.o)
                0x60005afa                __sys_istty
 .text.__sys_remove
                0x60005b00        0x6 d:/program_files/mcuxpressoide_11.2.1_4149/ide/plugins/com.nxp.mcuxpresso.tools.win32_11.2.0.202008311134/tools/bin/../lib/gcc/arm-none-eabi/9.2.1/../../../../arm-none-eabi/lib/thumb/v7e-m+dp/hard\libcr_nohost_nf.a(__sys_remove.o)
                0x60005b00                __sys_remove
 .text.__sys_seek
                0x60005b06        0x6 d:/program_files/mcuxpressoide_11.2.1_4149/ide/plugins/com.nxp.mcuxpresso.tools.win32_11.2.0.202008311134/tools/bin/../lib/gcc/arm-none-eabi/9.2.1/../../../../arm-none-eabi/lib/thumb/v7e-m+dp/hard\libcr_nohost_nf.a(__sys_seek.o)
                0x60005b06                __sys_seek
 .text.__sys_tmpnam
                0x60005b0c        0x6 d:/program_files/mcuxpressoide_11.2.1_4149/ide/plugins/com.nxp.mcuxpresso.tools.win32_11.2.0.202008311134/tools/bin/../lib/gcc/arm-none-eabi/9.2.1/../../../../arm-none-eabi/lib/thumb/v7e-m+dp/hard\libcr_nohost_nf.a(__sys_tmpnam.o)
                0x60005b0c                __sys_tmpnam
 .text.__sys_write
                0x60005b12        0x4 d:/program_files/mcuxpressoide_11.2.1_4149/ide/plugins/com.nxp.mcuxpresso.tools.win32_11.2.0.202008311134/tools/bin/../lib/gcc/arm-none-eabi/9.2.1/../../../../arm-none-eabi/lib/thumb/v7e-m+dp/hard\libcr_nohost_nf.a(__sys_write.o)
                0x60005b12                __sys_write
 *freertos*/tasks.o(SORT_BY_ALIGNMENT(.rodata*))
 *fill*         0x60005b16        0x2 ff
 .rodata.vTaskStartScheduler.str1.4
                0x60005b18        0x5 ./freertos/freertos_kernel/tasks.o
 *fill*         0x60005b1d        0x3 ff
 .rodata.vTaskList.str1.4
                0x60005b20        0xf ./freertos/freertos_kernel/tasks.o
 *fill*         0x60005b2f        0x1 ff
 .rodata        0x60005b30       0x1c ./freertos/freertos_kernel/tasks.o
                0x60005b30                portArch_Name
                0x60005b34                FreeRTOSDebugConfig
 *(SORT_BY_ALIGNMENT(.rodata) SORT_BY_ALIGNMENT(.rodata.*) SORT_BY_ALIGNMENT(.constdata) SORT_BY_ALIGNMENT(.constdata.*))
 .rodata.__assertion_failed.str1.4
                0x60005b4c       0x14 ./utilities/fsl_assert.o
 .rodata.DbgConsole_SendData.str1.4
                0x60005b60       0x4e ./utilities/fsl_debug_console.o
 *fill*         0x60005bae        0x2 ff
 .rodata.DbgConsole_SendDataReliable.str1.4
                0x60005bb0       0x4e ./utilities/fsl_debug_console.o
 *fill*         0x60005bfe        0x2 ff
 .rodata.CLOCK_InitExternalClk.str1.4
                0x60005c00       0x22 ./drivers/fsl_clock.o
 *fill*         0x60005c22        0x2 ff
 .rodata.s_LpuartAdapterBase
                0x60005c24       0x24 ./component/uart/lpuart_adapter.o
 .rodata.HAL_UartSendNonBlocking.str1.4
                0x60005c48       0x5f ./component/uart/lpuart_adapter.o
 *fill*         0x60005ca7        0x1 ff
 .rodata.HAL_UartIsrFunction.str1.4
                0x60005ca8       0x1f ./component/uart/lpuart_adapter.o
 *fill*         0x60005cc7        0x1 ff
 .rodata.SerialManager_Write.str1.4
                0x60005cc8      0x145 ./component/serial_manager/serial_manager.o
 *fill*         0x60005e0d        0x3 ff
 .rodata.Serial_UartWrite.str1.4
                0x60005e10       0x6d ./component/serial_manager/serial_port_uart.o
 *fill*         0x60005e7d        0x3 ff
 .rodata.Serial_UartIsrFunction.str1.4
                0x60005e80       0x27 ./component/serial_manager/serial_port_uart.o
 *fill*         0x60005ea7        0x1 ff
 .rodata.BOARD_ConfigMPU.str1.4
                0x60005ea8       0x6a ./board/board.o
 *fill*         0x60005f12        0x2 ff
 .rodata.CLOCK_SetMux.str1.4
                0x60005f14       0x77 ./board/clock_config.o
 *fill*         0x60005f8b        0x1 ff
 .rodata.CLOCK_SetDiv.str1.4
                0x60005f8c       0x77 ./board/clock_config.o
 *fill*         0x60006003        0x1 ff
 .rodata.CLOCK_ControlGate.str1.4
                0x60006004       0x66 ./board/clock_config.o
 *fill*         0x6000606a        0x2 ff
 .rodata.sysPllConfig_BOARD_BootClockRUN
                0x6000606c       0x14 ./board/clock_config.o
                0x6000606c                sysPllConfig_BOARD_BootClockRUN
 .rodata.enetPllConfig_BOARD_BootClockRUN
                0x60006080        0x5 ./board/clock_config.o
                0x60006080                enetPllConfig_BOARD_BootClockRUN
 .rodata.CLOCK_ControlGate.str1.4
                0x60006085       0x66 ./board/pin_mux.o
 *fill*         0x60006085        0x3 ff
 .rodata.__num_Ciob_streams
                0x60006088        0x4 d:/program_files/mcuxpressoide_11.2.1_4149/ide/plugins/com.nxp.mcuxpresso.tools.win32_11.2.0.202008311134/tools/bin/../lib/gcc/arm-none-eabi/9.2.1/../../../../arm-none-eabi/lib/thumb/v7e-m+dp/hard\libcr_nohost_nf.a(__ciob.o)
                0x60006088                __num_Ciob_streams
 .rodata._initio.str1.1
                0x6000608c        0x4 d:/program_files/mcuxpressoide_11.2.1_4149/ide/plugins/com.nxp.mcuxpresso.tools.win32_11.2.0.202008311134/tools/bin/../lib/gcc/arm-none-eabi/9.2.1/../../../../arm-none-eabi/lib/thumb/v7e-m+dp/hard\libcr_c.a(initio.o)
                0x60006090                . = ALIGN (0x4)

.glue_7         0x60006090        0x0
 .glue_7        0x60006090        0x0 linker stubs

.glue_7t        0x60006090        0x0
 .glue_7t       0x60006090        0x0 linker stubs

.vfp11_veneer   0x60006090        0x0
 .vfp11_veneer  0x60006090        0x0 linker stubs

.v4_bx          0x60006090        0x0
 .v4_bx         0x60006090        0x0 linker stubs

.iplt           0x60006090        0x0
 .iplt          0x60006090        0x0 ./xip/evkmimxrt1020_flexspi_nor_config.o

.rel.dyn        0x60006090        0x0
 .rel.iplt      0x60006090        0x0 ./xip/evkmimxrt1020_flexspi_nor_config.o

.ARM.extab
 *(SORT_BY_ALIGNMENT(.ARM.extab*) SORT_BY_ALIGNMENT(.gnu.linkonce.armextab.*))

.ARM.exidx      0x60006090        0x0
                0x60006090                __exidx_start = .
 *(SORT_BY_ALIGNMENT(.ARM.exidx*) SORT_BY_ALIGNMENT(.gnu.linkonce.armexidx.*))
                0x60006090                __exidx_end = .
                0x60006090                _etext = .

.data_RAM2      0x00000000        0x0 load address 0x60006090
 FILL mask 0xff
                [!provide]                PROVIDE (__start_data_RAM2 = .)
                [!provide]                PROVIDE (__start_data_SRAM_ITC = .)
 *(SORT_BY_ALIGNMENT(.ramfunc.$RAM2))
 *(SORT_BY_ALIGNMENT(.ramfunc.$SRAM_ITC))
 *(SORT_BY_ALIGNMENT(.data.$RAM2))
 *(SORT_BY_ALIGNMENT(.data.$SRAM_ITC))
 *(SORT_BY_ALIGNMENT(.data.$RAM2.*))
 *(SORT_BY_ALIGNMENT(.data.$SRAM_ITC.*))
                0x00000000                . = ALIGN (0x4)
                [!provide]                PROVIDE (__end_data_RAM2 = .)
                [!provide]                PROVIDE (__end_data_SRAM_ITC = .)

.data_RAM3      0x20200000        0x0 load address 0x60006090
 FILL mask 0xff
                [!provide]                PROVIDE (__start_data_RAM3 = .)
                [!provide]                PROVIDE (__start_data_SRAM_OC = .)
 *(SORT_BY_ALIGNMENT(.ramfunc.$RAM3))
 *(SORT_BY_ALIGNMENT(.ramfunc.$SRAM_OC))
 *(SORT_BY_ALIGNMENT(.data.$RAM3))
 *(SORT_BY_ALIGNMENT(.data.$SRAM_OC))
 *(SORT_BY_ALIGNMENT(.data.$RAM3.*))
 *(SORT_BY_ALIGNMENT(.data.$SRAM_OC.*))
                0x20200000                . = ALIGN (0x4)
                [!provide]                PROVIDE (__end_data_RAM3 = .)
                [!provide]                PROVIDE (__end_data_SRAM_OC = .)

.data_RAM4      0x80000000        0x0 load address 0x60006090
 FILL mask 0xff
                [!provide]                PROVIDE (__start_data_RAM4 = .)
                [!provide]                PROVIDE (__start_data_BOARD_SDRAM = .)
 *(SORT_BY_ALIGNMENT(.ramfunc.$RAM4))
 *(SORT_BY_ALIGNMENT(.ramfunc.$BOARD_SDRAM))
 *(SORT_BY_ALIGNMENT(.data.$RAM4))
 *(SORT_BY_ALIGNMENT(.data.$BOARD_SDRAM))
 *(SORT_BY_ALIGNMENT(.data.$RAM4.*))
 *(SORT_BY_ALIGNMENT(.data.$BOARD_SDRAM.*))
                0x80000000                . = ALIGN (0x4)
                [!provide]                PROVIDE (__end_data_RAM4 = .)
                [!provide]                PROVIDE (__end_data_BOARD_SDRAM = .)

.data_RAM5      0x81e00000        0x0 load address 0x60006090
 FILL mask 0xff
                [!provide]                PROVIDE (__start_data_RAM5 = .)
                [!provide]                PROVIDE (__start_data_NCACHE_REGION = .)
 *(SORT_BY_ALIGNMENT(.ramfunc.$RAM5))
 *(SORT_BY_ALIGNMENT(.ramfunc.$NCACHE_REGION))
 *(SORT_BY_ALIGNMENT(.data.$RAM5))
 *(SORT_BY_ALIGNMENT(.data.$NCACHE_REGION))
 *(SORT_BY_ALIGNMENT(.data.$RAM5.*))
 *(SORT_BY_ALIGNMENT(.data.$NCACHE_REGION.*))
                0x81e00000                . = ALIGN (0x4)
                [!provide]                PROVIDE (__end_data_RAM5 = .)
                [!provide]                PROVIDE (__end_data_NCACHE_REGION = .)

.uninit_RESERVED
                0x20000000        0x0
                0x20000000                _start_uninit_RESERVED = .
 *(SORT_BY_ALIGNMENT(.bss.$RESERVED*))
                0x20000000                . = ALIGN (0x4)
                0x20000000                _end_uninit_RESERVED = .

.data           0x20000000        0x8 load address 0x60006090
 FILL mask 0xff
                0x20000000                _data = .
                [!provide]                PROVIDE (__start_data_RAM = .)
                [!provide]                PROVIDE (__start_data_SRAM_DTC = .)
 *(SORT_BY_ALIGNMENT(vtable))
 *(SORT_BY_ALIGNMENT(.ramfunc*))
 *(SORT_BY_ALIGNMENT(CodeQuickAccess))
 *(SORT_BY_ALIGNMENT(DataQuickAccess))
 *(SORT_BY_ALIGNMENT(RamFunction))
 *(SORT_BY_ALIGNMENT(NonCacheable.init))
 *(SORT_BY_ALIGNMENT(.data*))
 .data.uxCriticalNesting
                0x20000000        0x4 ./freertos/freertos_kernel/portable/GCC/ARM_CM4F/port.o
 .data.SystemCoreClock
                0x20000004        0x4 ./device/system_MIMXRT1021.o
                0x20000004                SystemCoreClock
                0x20000008                . = ALIGN (0x4)
                0x20000008                _edata = .
                [!provide]                PROVIDE (__end_data_RAM = .)
                [!provide]                PROVIDE (__end_data_SRAM_DTC = .)

.igot.plt       0x20000008        0x0 load address 0x60006098
 .igot.plt      0x20000008        0x0 ./xip/evkmimxrt1020_flexspi_nor_config.o

.bss_RAM2       0x00000000        0x0
                [!provide]                PROVIDE (__start_bss_RAM2 = .)
                [!provide]                PROVIDE (__start_bss_SRAM_ITC = .)
 *(SORT_BY_ALIGNMENT(.bss.$RAM2))
 *(SORT_BY_ALIGNMENT(.bss.$SRAM_ITC))
 *(SORT_BY_ALIGNMENT(.bss.$RAM2.*))
 *(SORT_BY_ALIGNMENT(.bss.$SRAM_ITC.*))
                0x00000000                . = ALIGN ((. != 0x0)?0x4:0x1)
                [!provide]                PROVIDE (__end_bss_RAM2 = .)
                [!provide]                PROVIDE (__end_bss_SRAM_ITC = .)

.bss_RAM3       0x20200000        0x0
                [!provide]                PROVIDE (__start_bss_RAM3 = .)
                [!provide]                PROVIDE (__start_bss_SRAM_OC = .)
 *(SORT_BY_ALIGNMENT(.bss.$RAM3))
 *(SORT_BY_ALIGNMENT(.bss.$SRAM_OC))
 *(SORT_BY_ALIGNMENT(.bss.$RAM3.*))
 *(SORT_BY_ALIGNMENT(.bss.$SRAM_OC.*))
                0x20200000                . = ALIGN ((. != 0x0)?0x4:0x1)
                [!provide]                PROVIDE (__end_bss_RAM3 = .)
                [!provide]                PROVIDE (__end_bss_SRAM_OC = .)

.bss_RAM4       0x80000000        0x0
                [!provide]                PROVIDE (__start_bss_RAM4 = .)
                [!provide]                PROVIDE (__start_bss_BOARD_SDRAM = .)
 *(SORT_BY_ALIGNMENT(.bss.$RAM4))
 *(SORT_BY_ALIGNMENT(.bss.$BOARD_SDRAM))
 *(SORT_BY_ALIGNMENT(.bss.$RAM4.*))
 *(SORT_BY_ALIGNMENT(.bss.$BOARD_SDRAM.*))
                0x80000000                . = ALIGN ((. != 0x0)?0x4:0x1)
                [!provide]                PROVIDE (__end_bss_RAM4 = .)
                [!provide]                PROVIDE (__end_bss_BOARD_SDRAM = .)

.bss_RAM5       0x81e00000        0x0
                [!provide]                PROVIDE (__start_bss_RAM5 = .)
                [!provide]                PROVIDE (__start_bss_NCACHE_REGION = .)
 *(SORT_BY_ALIGNMENT(.bss.$RAM5))
 *(SORT_BY_ALIGNMENT(.bss.$NCACHE_REGION))
 *(SORT_BY_ALIGNMENT(.bss.$RAM5.*))
 *(SORT_BY_ALIGNMENT(.bss.$NCACHE_REGION.*))
                0x81e00000                . = ALIGN ((. != 0x0)?0x4:0x1)
                [!provide]                PROVIDE (__end_bss_RAM5 = .)
                [!provide]                PROVIDE (__end_bss_NCACHE_REGION = .)

.bss            0x20000008      0x93c
                0x20000008                _bss = .
                [!provide]                PROVIDE (__start_bss_RAM = .)
                [!provide]                PROVIDE (__start_bss_SRAM_DTC = .)
 *(SORT_BY_ALIGNMENT(NonCacheable))
 *(SORT_BY_ALIGNMENT(.bss*))
 .bss.s_debugConsoleState
                0x20000008      0x788 ./utilities/fsl_debug_console.o
 .bss.g_serialHandle
                0x20000790        0x4 ./utilities/fsl_debug_console.o
                0x20000790                g_serialHandle
 .bss.pxCurrentTCB
                0x20000794        0x4 ./freertos/freertos_kernel/tasks.o
                0x20000794                pxCurrentTCB
 .bss.pxReadyTasksLists
                0x20000798       0x64 ./freertos/freertos_kernel/tasks.o
 .bss.pxDelayedTaskList
                0x200007fc        0x4 ./freertos/freertos_kernel/tasks.o
 .bss.pxOverflowDelayedTaskList
                0x20000800        0x4 ./freertos/freertos_kernel/tasks.o
 .bss.xPendingReadyList
                0x20000804       0x14 ./freertos/freertos_kernel/tasks.o
 .bss.xSuspendedTaskList
                0x20000818       0x14 ./freertos/freertos_kernel/tasks.o
 .bss.uxCurrentNumberOfTasks
                0x2000082c        0x4 ./freertos/freertos_kernel/tasks.o
 .bss.xTickCount
                0x20000830        0x4 ./freertos/freertos_kernel/tasks.o
 .bss.uxTopReadyPriority
                0x20000834        0x4 ./freertos/freertos_kernel/tasks.o
 .bss.xSchedulerRunning
                0x20000838        0x4 ./freertos/freertos_kernel/tasks.o
 .bss.xPendedTicks
                0x2000083c        0x4 ./freertos/freertos_kernel/tasks.o
 .bss.xYieldPending
                0x20000840        0x4 ./freertos/freertos_kernel/tasks.o
 .bss.xNumOfOverflows
                0x20000844        0x4 ./freertos/freertos_kernel/tasks.o
 .bss.xNextTaskUnblockTime
                0x20000848        0x4 ./freertos/freertos_kernel/tasks.o
 .bss.uxSchedulerSuspended
                0x2000084c        0x4 ./freertos/freertos_kernel/tasks.o
 .bss.g_xtalFreq
                0x20000850        0x4 ./drivers/fsl_clock.o
                0x20000850                g_xtalFreq
 .bss.g_rtcXtalFreq
                0x20000854        0x4 ./drivers/fsl_clock.o
                0x20000854                g_rtcXtalFreq
 .bss.s_usdhcHandle
                0x20000858        0xc ./drivers/fsl_usdhc.o
 .bss.s_usdhcIsr
                0x20000864        0x4 ./drivers/fsl_usdhc.o
 .bss.s_UartState
                0x20000868       0x24 ./component/uart/lpuart_adapter.o
 .bss.errno     0x2000088c        0x4 d:/program_files/mcuxpressoide_11.2.1_4149/ide/plugins/com.nxp.mcuxpresso.tools.win32_11.2.0.202008311134/tools/bin/../lib/gcc/arm-none-eabi/9.2.1/../../../../arm-none-eabi/lib/thumb/v7e-m+dp/hard\libcr_c.a(errno.o)
                0x2000088c                errno
 .bss.__Ciob    0x20000890       0xb4 d:/program_files/mcuxpressoide_11.2.1_4149/ide/plugins/com.nxp.mcuxpresso.tools.win32_11.2.0.202008311134/tools/bin/../lib/gcc/arm-none-eabi/9.2.1/../../../../arm-none-eabi/lib/thumb/v7e-m+dp/hard\libcr_nohost_nf.a(__ciob.o)
                0x20000890                __Ciob
 *(SORT_BY_ALIGNMENT(COMMON))
                0x20000944                . = ALIGN (0x4)
                0x20000944                _ebss = .
                [!provide]                PROVIDE (__end_bss_RAM = .)
                [!provide]                PROVIDE (__end_bss_SRAM_DTC = .)
                [!provide]                PROVIDE (end = .)

.noinit_RAM2    0x00000000        0x0
                [!provide]                PROVIDE (__start_noinit_RAM2 = .)
                [!provide]                PROVIDE (__start_noinit_SRAM_ITC = .)
 *(SORT_BY_ALIGNMENT(.noinit.$RAM2))
 *(SORT_BY_ALIGNMENT(.noinit.$SRAM_ITC))
 *(SORT_BY_ALIGNMENT(.noinit.$RAM2.*))
 *(SORT_BY_ALIGNMENT(.noinit.$SRAM_ITC.*))
                0x00000000                . = ALIGN (0x4)
                [!provide]                PROVIDE (__end_noinit_RAM2 = .)
                [!provide]                PROVIDE (__end_noinit_SRAM_ITC = .)

.noinit_RAM3    0x20200000        0x0
                [!provide]                PROVIDE (__start_noinit_RAM3 = .)
                [!provide]                PROVIDE (__start_noinit_SRAM_OC = .)
 *(SORT_BY_ALIGNMENT(.noinit.$RAM3))
 *(SORT_BY_ALIGNMENT(.noinit.$SRAM_OC))
 *(SORT_BY_ALIGNMENT(.noinit.$RAM3.*))
 *(SORT_BY_ALIGNMENT(.noinit.$SRAM_OC.*))
                0x20200000                . = ALIGN (0x4)
                [!provide]                PROVIDE (__end_noinit_RAM3 = .)
                [!provide]                PROVIDE (__end_noinit_SRAM_OC = .)

.noinit_RAM4    0x80000000        0x0
                [!provide]                PROVIDE (__start_noinit_RAM4 = .)
                [!provide]                PROVIDE (__start_noinit_BOARD_SDRAM = .)
 *(SORT_BY_ALIGNMENT(.noinit.$RAM4))
 *(SORT_BY_ALIGNMENT(.noinit.$BOARD_SDRAM))
 *(SORT_BY_ALIGNMENT(.noinit.$RAM4.*))
 *(SORT_BY_ALIGNMENT(.noinit.$BOARD_SDRAM.*))
                0x80000000                . = ALIGN (0x4)
                [!provide]                PROVIDE (__end_noinit_RAM4 = .)
                [!provide]                PROVIDE (__end_noinit_BOARD_SDRAM = .)

.noinit_RAM5    0x81e00000        0x0
                [!provide]                PROVIDE (__start_noinit_RAM5 = .)
                [!provide]                PROVIDE (__start_noinit_NCACHE_REGION = .)
 *(SORT_BY_ALIGNMENT(.noinit.$RAM5))
 *(SORT_BY_ALIGNMENT(.noinit.$NCACHE_REGION))
 *(SORT_BY_ALIGNMENT(.noinit.$RAM5.*))
 *(SORT_BY_ALIGNMENT(.noinit.$NCACHE_REGION.*))
                0x81e00000                . = ALIGN (0x4)
                [!provide]                PROVIDE (__end_noinit_RAM5 = .)
                [!provide]                PROVIDE (__end_noinit_NCACHE_REGION = .)

.noinit         0x20000944        0x0
                0x20000944                _noinit = .
                [!provide]                PROVIDE (__start_noinit_RAM = .)
                [!provide]                PROVIDE (__start_noinit_SRAM_DTC = .)
 *(SORT_BY_ALIGNMENT(.noinit*))
                0x20000944                . = ALIGN (0x4)
                0x20000944                _end_noinit = .
                [!provide]                PROVIDE (__end_noinit_RAM = .)
                [!provide]                PROVIDE (__end_noinit_SRAM_DTC = .)
                0x00001000                _HeapSize = 0x1000

.heap           0x20000944     0x1000
                0x20000944                _pvHeapStart = .
                0x20001944                . = (. + _HeapSize)
 *fill*         0x20000944     0x1000 
                0x20001944                . = ALIGN (0x4)
                0x20001944                _pvHeapLimit = .
                0x00001000                _StackSize = 0x1000

.heap2stackfill
                0x20001944     0x1000
                0x20002944                . = (. + _StackSize)
 *fill*         0x20001944     0x1000 

.stack          0x2000f000        0x0
                0x2000f000                _vStackBase = .
                0x2000f000                . = ALIGN (0x4)
                0x20010000                _vStackTop = (. + _StackSize)
                0x60002000                _image_start = LOADADDR (.text)
                0x60006098                _image_end = (LOADADDR (.data) + SIZEOF (.data))
                0x00004098                _image_size = (_image_end - _image_start)
OUTPUT(evkmimxrt1020_sdcard_freertos.axf elf32-littlearm)

.debug_info     0x00000000    0x14169
 .debug_info    0x00000000      0x7f3 ./xip/evkmimxrt1020_flexspi_nor_config.o
 .debug_info    0x000007f3      0x5ef ./xip/fsl_flexspi_nor_boot.o
 .debug_info    0x00000de2      0x156 ./utilities/fsl_assert.o
 .debug_info    0x00000f38      0xf69 ./utilities/fsl_debug_console.o
 .debug_info    0x00001ea1      0xafe ./utilities/fsl_str.o
 .debug_info    0x0000299f      0xd01 ./startup/startup_mimxrt1021.o
 .debug_info    0x000036a0      0x285 ./source/main.o
 .debug_info    0x00003925      0x511 ./freertos/freertos_kernel/portable/GCC/ARM_CM4F/port.o
 .debug_info    0x00003e36      0x302 ./freertos/freertos_kernel/list.o
 .debug_info    0x00004138     0x2263 ./freertos/freertos_kernel/tasks.o
 .debug_info    0x0000639b     0x1b2a ./drivers/fsl_clock.o
 .debug_info    0x00007ec5     0x21d4 ./drivers/fsl_lpuart.o
 .debug_info    0x0000a099     0x2bdf ./drivers/fsl_usdhc.o
 .debug_info    0x0000cc78      0xc94 ./device/system_MIMXRT1021.o
 .debug_info    0x0000d90c     0x1997 ./component/uart/lpuart_adapter.o
 .debug_info    0x0000f2a3     0x109e ./component/serial_manager/serial_manager.o
 .debug_info    0x00010341      0x90d ./component/serial_manager/serial_port_uart.o
 .debug_info    0x00010c4e      0x601 ./component/lists/generic_list.o
 .debug_info    0x0001124f     0x10b7 ./board/board.o
 .debug_info    0x00012306     0x16c4 ./board/clock_config.o
 .debug_info    0x000139ca      0x79f ./board/pin_mux.o

.debug_abbrev   0x00000000     0x2f61
 .debug_abbrev  0x00000000      0x14c ./xip/evkmimxrt1020_flexspi_nor_config.o
 .debug_abbrev  0x0000014c      0x13f ./xip/fsl_flexspi_nor_boot.o
 .debug_abbrev  0x0000028b       0xbe ./utilities/fsl_assert.o
 .debug_abbrev  0x00000349      0x2fa ./utilities/fsl_debug_console.o
 .debug_abbrev  0x00000643      0x24d ./utilities/fsl_str.o
 .debug_abbrev  0x00000890      0x147 ./startup/startup_mimxrt1021.o
 .debug_abbrev  0x000009d7       0xe8 ./source/main.o
 .debug_abbrev  0x00000abf      0x259 ./freertos/freertos_kernel/portable/GCC/ARM_CM4F/port.o
 .debug_abbrev  0x00000d18      0x12d ./freertos/freertos_kernel/list.o
 .debug_abbrev  0x00000e45      0x32b ./freertos/freertos_kernel/tasks.o
 .debug_abbrev  0x00001170      0x38b ./drivers/fsl_clock.o
 .debug_abbrev  0x000014fb      0x354 ./drivers/fsl_lpuart.o
 .debug_abbrev  0x0000184f      0x352 ./drivers/fsl_usdhc.o
 .debug_abbrev  0x00001ba1      0x1be ./device/system_MIMXRT1021.o
 .debug_abbrev  0x00001d5f      0x30b ./component/uart/lpuart_adapter.o
 .debug_abbrev  0x0000206a      0x31a ./component/serial_manager/serial_manager.o
 .debug_abbrev  0x00002384      0x2bc ./component/serial_manager/serial_port_uart.o
 .debug_abbrev  0x00002640      0x2ba ./component/lists/generic_list.o
 .debug_abbrev  0x000028fa      0x2c7 ./board/board.o
 .debug_abbrev  0x00002bc1      0x218 ./board/clock_config.o
 .debug_abbrev  0x00002dd9      0x188 ./board/pin_mux.o

.debug_aranges  0x00000000     0x1228
 .debug_aranges
                0x00000000       0x18 ./xip/evkmimxrt1020_flexspi_nor_config.o
 .debug_aranges
                0x00000018       0x18 ./xip/fsl_flexspi_nor_boot.o
 .debug_aranges
                0x00000030       0x20 ./utilities/fsl_assert.o
 .debug_aranges
                0x00000050       0xb0 ./utilities/fsl_debug_console.o
 .debug_aranges
                0x00000100       0xb0 ./utilities/fsl_str.o
 .debug_aranges
                0x000001b0      0x4f0 ./startup/startup_mimxrt1021.o
 .debug_aranges
                0x000006a0       0x20 ./source/main.o
 .debug_aranges
                0x000006c0       0x80 ./freertos/freertos_kernel/portable/GCC/ARM_CM4F/port.o
 .debug_aranges
                0x00000740       0x40 ./freertos/freertos_kernel/list.o
 .debug_aranges
                0x00000780      0x218 ./freertos/freertos_kernel/tasks.o
 .debug_aranges
                0x00000998      0x128 ./drivers/fsl_clock.o
 .debug_aranges
                0x00000ac0      0x160 ./drivers/fsl_lpuart.o
 .debug_aranges
                0x00000c20      0x1b8 ./drivers/fsl_usdhc.o
 .debug_aranges
                0x00000dd8       0x30 ./device/system_MIMXRT1021.o
 .debug_aranges
                0x00000e08      0x100 ./component/uart/lpuart_adapter.o
 .debug_aranges
                0x00000f08      0x100 ./component/serial_manager/serial_manager.o
 .debug_aranges
                0x00001008       0x78 ./component/serial_manager/serial_port_uart.o
 .debug_aranges
                0x00001080       0x90 ./component/lists/generic_list.o
 .debug_aranges
                0x00001110       0x58 ./board/board.o
 .debug_aranges
                0x00001168       0x78 ./board/clock_config.o
 .debug_aranges
                0x000011e0       0x48 ./board/pin_mux.o

.debug_macro    0x00000000    0x274d3
 .debug_macro   0x00000000      0x118 ./xip/evkmimxrt1020_flexspi_nor_config.o
 .debug_macro   0x00000118      0xb14 ./xip/evkmimxrt1020_flexspi_nor_config.o
 .debug_macro   0x00000c2c       0x10 ./xip/evkmimxrt1020_flexspi_nor_config.o
 .debug_macro   0x00000c3c      0x12e ./xip/evkmimxrt1020_flexspi_nor_config.o
 .debug_macro   0x00000d6a      0x5b3 ./xip/evkmimxrt1020_flexspi_nor_config.o
 .debug_macro   0x0000131d       0x22 ./xip/evkmimxrt1020_flexspi_nor_config.o
 .debug_macro   0x0000133f       0x16 ./xip/evkmimxrt1020_flexspi_nor_config.o
 .debug_macro   0x00001355       0x22 ./xip/evkmimxrt1020_flexspi_nor_config.o
 .debug_macro   0x00001377       0x10 ./xip/evkmimxrt1020_flexspi_nor_config.o
 .debug_macro   0x00001387       0x4d ./xip/evkmimxrt1020_flexspi_nor_config.o
 .debug_macro   0x000013d4       0x1c ./xip/evkmimxrt1020_flexspi_nor_config.o
 .debug_macro   0x000013f0       0x22 ./xip/evkmimxrt1020_flexspi_nor_config.o
 .debug_macro   0x00001412      0x101 ./xip/evkmimxrt1020_flexspi_nor_config.o
 .debug_macro   0x00001513     0x1305 ./xip/evkmimxrt1020_flexspi_nor_config.o
 .debug_macro   0x00002818      0x11f ./xip/evkmimxrt1020_flexspi_nor_config.o
 .debug_macro   0x00002937       0x27 ./xip/evkmimxrt1020_flexspi_nor_config.o
 .debug_macro   0x0000295e       0x1c ./xip/evkmimxrt1020_flexspi_nor_config.o
 .debug_macro   0x0000297a    0x1ffc2 ./xip/evkmimxrt1020_flexspi_nor_config.o
 .debug_macro   0x0002293c      0x6da ./xip/evkmimxrt1020_flexspi_nor_config.o
 .debug_macro   0x00023016       0xde ./xip/evkmimxrt1020_flexspi_nor_config.o
 .debug_macro   0x000230f4      0x1fb ./xip/evkmimxrt1020_flexspi_nor_config.o
 .debug_macro   0x000232ef      0x1a4 ./xip/evkmimxrt1020_flexspi_nor_config.o
 .debug_macro   0x00023493      0x13f ./xip/fsl_flexspi_nor_boot.o
 .debug_macro   0x000235d2      0x106 ./xip/fsl_flexspi_nor_boot.o
 .debug_macro   0x000236d8       0x10 ./xip/fsl_flexspi_nor_boot.o
 .debug_macro   0x000236e8      0x166 ./xip/fsl_flexspi_nor_boot.o
 .debug_macro   0x0002384e       0x7c ./xip/fsl_flexspi_nor_boot.o
 .debug_macro   0x000238ca      0x199 ./utilities/fsl_assert.o
 .debug_macro   0x00023a63       0x1c ./utilities/fsl_assert.o
 .debug_macro   0x00023a7f       0x2e ./utilities/fsl_assert.o
 .debug_macro   0x00023aad      0x1a4 ./utilities/fsl_assert.o
 .debug_macro   0x00023c51      0x15a ./utilities/fsl_assert.o
 .debug_macro   0x00023dab       0xe4 ./utilities/fsl_assert.o
 .debug_macro   0x00023e8f       0x1c ./utilities/fsl_assert.o
 .debug_macro   0x00023eab       0x26 ./utilities/fsl_assert.o
 .debug_macro   0x00023ed1      0x3a0 ./utilities/fsl_assert.o
 .debug_macro   0x00024271       0x28 ./utilities/fsl_assert.o
 .debug_macro   0x00024299       0x47 ./utilities/fsl_assert.o
 .debug_macro   0x000242e0       0x2e ./utilities/fsl_assert.o
 .debug_macro   0x0002430e      0x235 ./utilities/fsl_debug_console.o
 .debug_macro   0x00024543       0x16 ./utilities/fsl_debug_console.o
 .debug_macro   0x00024559       0x10 ./utilities/fsl_debug_console.o
 .debug_macro   0x00024569       0x28 ./utilities/fsl_debug_console.o
 .debug_macro   0x00024591      0x1a4 ./utilities/fsl_debug_console.o
 .debug_macro   0x00024735       0xb5 ./utilities/fsl_debug_console.o
 .debug_macro   0x000247ea       0xaa ./utilities/fsl_debug_console.o
 .debug_macro   0x00024894       0x80 ./utilities/fsl_debug_console.o
 .debug_macro   0x00024914       0x7e ./utilities/fsl_debug_console.o
 .debug_macro   0x00024992       0x5c ./utilities/fsl_debug_console.o
 .debug_macro   0x000249ee       0x2e ./utilities/fsl_debug_console.o
 .debug_macro   0x00024a1c       0x34 ./utilities/fsl_debug_console.o
 .debug_macro   0x00024a50      0x128 ./utilities/fsl_str.o
 .debug_macro   0x00024b78       0xc4 ./utilities/fsl_str.o
 .debug_macro   0x00024c3c       0x1c ./utilities/fsl_str.o
 .debug_macro   0x00024c58       0x62 ./utilities/fsl_str.o
 .debug_macro   0x00024cba       0x29 ./startup/startup_mimxrt1021.o
 .debug_macro   0x00024ce3      0x1a5 ./source/main.o
 .debug_macro   0x00024e88       0x16 ./source/main.o
 .debug_macro   0x00024e9e       0x1c ./source/main.o
 .debug_macro   0x00024eba      0x179 ./freertos/freertos_kernel/portable/GCC/ARM_CM4F/port.o
 .debug_macro   0x00025033       0xb8 ./freertos/freertos_kernel/list.o
 .debug_macro   0x000250eb      0x1a5 ./freertos/freertos_kernel/tasks.o
 .debug_macro   0x00025290       0x10 ./freertos/freertos_kernel/tasks.o
 .debug_macro   0x000252a0       0xd2 ./freertos/freertos_kernel/tasks.o
 .debug_macro   0x00025372       0x16 ./freertos/freertos_kernel/tasks.o
 .debug_macro   0x00025388      0x103 ./drivers/fsl_clock.o
 .debug_macro   0x0002548b      0x112 ./drivers/fsl_lpuart.o
 .debug_macro   0x0002559d       0x10 ./drivers/fsl_lpuart.o
 .debug_macro   0x000255ad      0x13f ./drivers/fsl_usdhc.o
 .debug_macro   0x000256ec       0x64 ./drivers/fsl_usdhc.o
 .debug_macro   0x00025750       0x10 ./drivers/fsl_usdhc.o
 .debug_macro   0x00025760       0xa7 ./device/system_MIMXRT1021.o
 .debug_macro   0x00025807      0x175 ./component/uart/lpuart_adapter.o
 .debug_macro   0x0002597c       0x16 ./component/uart/lpuart_adapter.o
 .debug_macro   0x00025992      0x1b5 ./component/serial_manager/serial_manager.o
 .debug_macro   0x00025b47       0x10 ./component/serial_manager/serial_manager.o
 .debug_macro   0x00025b57      0x19a ./component/serial_manager/serial_port_uart.o
 .debug_macro   0x00025cf1      0x10d ./component/lists/generic_list.o
 .debug_macro   0x00025dfe      0x1c3 ./board/board.o
 .debug_macro   0x00025fc1      0x10c ./board/board.o
 .debug_macro   0x000260cd     0x11e1 ./board/board.o
 .debug_macro   0x000272ae      0x115 ./board/clock_config.o
 .debug_macro   0x000273c3      0x110 ./board/pin_mux.o

.debug_line     0x00000000     0xd8fd
 .debug_line    0x00000000      0x383 ./xip/evkmimxrt1020_flexspi_nor_config.o
 .debug_line    0x00000383      0x3db ./xip/fsl_flexspi_nor_boot.o
 .debug_line    0x0000075e      0x5f4 ./utilities/fsl_assert.o
 .debug_line    0x00000d52      0xd0d ./utilities/fsl_debug_console.o
 .debug_line    0x00001a5f      0xaac ./utilities/fsl_str.o
 .debug_line    0x0000250b      0xe51 ./startup/startup_mimxrt1021.o
 .debug_line    0x0000335c      0x589 ./source/main.o
 .debug_line    0x000038e5      0x67a ./freertos/freertos_kernel/portable/GCC/ARM_CM4F/port.o
 .debug_line    0x00003f5f      0x44f ./freertos/freertos_kernel/list.o
 .debug_line    0x000043ae     0x1ac0 ./freertos/freertos_kernel/tasks.o
 .debug_line    0x00005e6e      0xbf8 ./drivers/fsl_clock.o
 .debug_line    0x00006a66     0x1258 ./drivers/fsl_lpuart.o
 .debug_line    0x00007cbe     0x16d4 ./drivers/fsl_usdhc.o
 .debug_line    0x00009392      0x501 ./device/system_MIMXRT1021.o
 .debug_line    0x00009893      0xbb8 ./component/uart/lpuart_adapter.o
 .debug_line    0x0000a44b     0x101c ./component/serial_manager/serial_manager.o
 .debug_line    0x0000b467      0x8c2 ./component/serial_manager/serial_port_uart.o
 .debug_line    0x0000bd29      0x695 ./component/lists/generic_list.o
 .debug_line    0x0000c3be      0xa17 ./board/board.o
 .debug_line    0x0000cdd5      0x6b6 ./board/clock_config.o
 .debug_line    0x0000d48b      0x472 ./board/pin_mux.o

.debug_str      0x00000000   0x135b56
 .debug_str     0x00000000   0x117dd7 ./xip/evkmimxrt1020_flexspi_nor_config.o
                             0x117e80 (size before relaxing)
 .debug_str     0x00117dd7     0x165b ./xip/fsl_flexspi_nor_boot.o
                             0x118818 (size before relaxing)
 .debug_str     0x00119432     0x3478 ./utilities/fsl_assert.o
                             0x119dfd (size before relaxing)
 .debug_str     0x0011c8aa     0x2bd8 ./utilities/fsl_debug_console.o
                             0x11d249 (size before relaxing)
 .debug_str     0x0011f482      0x826 ./utilities/fsl_str.o
                             0x117481 (size before relaxing)
 .debug_str     0x0011fca8      0xd0a ./startup/startup_mimxrt1021.o
                               0x3d4b (size before relaxing)
 .debug_str     0x001209b2       0x23 ./source/main.o
                             0x11b850 (size before relaxing)
 .debug_str     0x001209d5      0x867 ./freertos/freertos_kernel/portable/GCC/ARM_CM4F/port.o
                               0x8bab (size before relaxing)
 .debug_str     0x0012123c      0x140 ./freertos/freertos_kernel/list.o
                               0x7e2b (size before relaxing)
 .debug_str     0x0012137c     0x212e ./freertos/freertos_kernel/tasks.o
                               0xa639 (size before relaxing)
 .debug_str     0x001234aa      0xd47 ./drivers/fsl_clock.o
                             0x1180ab (size before relaxing)
 .debug_str     0x001241f1     0x1f74 ./drivers/fsl_lpuart.o
                             0x119388 (size before relaxing)
 .debug_str     0x00126165     0x1ef6 ./drivers/fsl_usdhc.o
                             0x11a1df (size before relaxing)
 .debug_str     0x0012805b      0x207 ./device/system_MIMXRT1021.o
                             0x11567e (size before relaxing)
 .debug_str     0x00128262      0x484 ./component/uart/lpuart_adapter.o
                             0x11b816 (size before relaxing)
 .debug_str     0x001286e6      0x6e7 ./component/serial_manager/serial_manager.o
                             0x11a731 (size before relaxing)
 .debug_str     0x00128dcd      0x1fa ./component/serial_manager/serial_port_uart.o
                             0x11a4ed (size before relaxing)
 .debug_str     0x00128fc7      0x19c ./component/lists/generic_list.o
                             0x116be3 (size before relaxing)
 .debug_str     0x00129163     0xc56d ./board/board.o
                             0x127a5f (size before relaxing)
 .debug_str     0x001356d0      0x3d7 ./board/clock_config.o
                             0x124cd5 (size before relaxing)
 .debug_str     0x00135aa7       0xaf ./board/pin_mux.o
                             0x1231f5 (size before relaxing)

.comment        0x00000000       0x79
 .comment       0x00000000       0x79 ./xip/evkmimxrt1020_flexspi_nor_config.o
                                 0x7a (size before relaxing)
 .comment       0x00000079       0x7a ./xip/fsl_flexspi_nor_boot.o
 .comment       0x00000079       0x7a ./utilities/fsl_assert.o
 .comment       0x00000079       0x7a ./utilities/fsl_debug_console.o
 .comment       0x00000079       0x7a ./utilities/fsl_str.o
 .comment       0x00000079       0x7a ./startup/startup_mimxrt1021.o
 .comment       0x00000079       0x7a ./source/main.o
 .comment       0x00000079       0x7a ./freertos/freertos_kernel/portable/GCC/ARM_CM4F/port.o
 .comment       0x00000079       0x7a ./freertos/freertos_kernel/list.o
 .comment       0x00000079       0x7a ./freertos/freertos_kernel/tasks.o
 .comment       0x00000079       0x7a ./drivers/fsl_clock.o
 .comment       0x00000079       0x7a ./drivers/fsl_lpuart.o
 .comment       0x00000079       0x7a ./drivers/fsl_usdhc.o
 .comment       0x00000079       0x7a ./device/system_MIMXRT1021.o
 .comment       0x00000079       0x7a ./component/uart/lpuart_adapter.o
 .comment       0x00000079       0x7a ./component/serial_manager/serial_manager.o
 .comment       0x00000079       0x7a ./component/serial_manager/serial_port_uart.o
 .comment       0x00000079       0x7a ./component/lists/generic_list.o
 .comment       0x00000079       0x7a ./board/board.o
 .comment       0x00000079       0x7a ./board/clock_config.o
 .comment       0x00000079       0x7a ./board/pin_mux.o
 .comment       0x00000079       0x7a d:/program_files/mcuxpressoide_11.2.1_4149/ide/plugins/com.nxp.mcuxpresso.tools.win32_11.2.0.202008311134/tools/bin/../lib/gcc/arm-none-eabi/9.2.1/../../../../arm-none-eabi/lib/thumb/v7e-m+dp/hard\libcr_nohost_nf.a(_cr__main.o)
 .comment       0x00000079       0x7a d:/program_files/mcuxpressoide_11.2.1_4149/ide/plugins/com.nxp.mcuxpresso.tools.win32_11.2.0.202008311134/tools/bin/../lib/gcc/arm-none-eabi/9.2.1/../../../../arm-none-eabi/lib/thumb/v7e-m+dp/hard\libcr_c.a(memset.o)