Archive member included to satisfy reference by file (symbol)

d:/program_files/mcuxpressoide_11.2.1_4149/ide/plugins/com.nxp.mcuxpresso.tools.win32_11.2.0.202008311134/tools/bin/../lib/gcc/arm-none-eabi/9.2.1/../../../../arm-none-eabi/lib/thumb/v7e-m+dp/hard\libcr_nohost_nf.a(_cr__main.o)
                              ./startup/startup_mimxrt1021.o (__main)
d:/program_files/mcuxpressoide_11.2.1_4149/ide/plugins/com.nxp.mcuxpresso.tools.win32_11.2.0.202008311134/tools/bin/../lib/gcc/arm-none-eabi/9.2.1/../../../../arm-none-eabi/lib/thumb/v7e-m+dp/hard\libcr_c.a(memcpy.o)
                              ./utilities/fsl_str.o (memcpy)
d:/program_files/mcuxpressoide_11.2.1_4149/ide/plugins/com.nxp.mcuxpresso.tools.win32_11.2.0.202008311134/tools/bin/../lib/gcc/arm-none-eabi/9.2.1/../../../../arm-none-eabi/lib/thumb/v7e-m+dp/hard\libcr_c.a(memset.o)
                              ./utilities/fsl_debug_console.o (memset)
d:/program_files/mcuxpressoide_11.2.1_4149/ide/plugins/com.nxp.mcuxpresso.tools.win32_11.2.0.202008311134/tools/bin/../lib/gcc/arm-none-eabi/9.2.1/../../../../arm-none-eabi/lib/thumb/v7e-m+dp/hard\libcr_c.a(alloc.o)
                              ./drivers/fsl_common.o (malloc)
d:/program_files/mcuxpressoide_11.2.1_4149/ide/plugins/com.nxp.mcuxpresso.tools.win32_11.2.0.202008311134/tools/bin/../lib/gcc/arm-none-eabi/9.2.1/../../../../arm-none-eabi/lib/thumb/v7e-m+dp/hard\libcr_c.a(initio.o)
                              d:/program_files/mcuxpressoide_11.2.1_4149/ide/plugins/com.nxp.mcuxpresso.tools.win32_11.2.0.202008311134/tools/bin/../lib/gcc/arm-none-eabi/9.2.1/../../../../arm-none-eabi/lib/thumb/v7e-m+dp/hard\libcr_nohost_nf.a(_cr__main.o) (_initio)
d:/program_files/mcuxpressoide_11.2.1_4149/ide/plugins/com.nxp.mcuxpresso.tools.win32_11.2.0.202008311134/tools/bin/../lib/gcc/arm-none-eabi/9.2.1/../../../../arm-none-eabi/lib/thumb/v7e-m+dp/hard\libcr_c.a(printf.o)
                              ./freertos/freertos_kernel/tasks.o (_sprintf)
d:/program_files/mcuxpressoide_11.2.1_4149/ide/plugins/com.nxp.mcuxpresso.tools.win32_11.2.0.202008311134/tools/bin/../lib/gcc/arm-none-eabi/9.2.1/../../../../arm-none-eabi/lib/thumb/v7e-m+dp/hard\libcr_c.a(scanf.o)
                              ./utilities/fsl_str.o (strtoul)
d:/program_files/mcuxpressoide_11.2.1_4149/ide/plugins/com.nxp.mcuxpresso.tools.win32_11.2.0.202008311134/tools/bin/../lib/gcc/arm-none-eabi/9.2.1/../../../../arm-none-eabi/lib/thumb/v7e-m+dp/hard\libcr_c.a(setvbuf.o)
                              d:/program_files/mcuxpressoide_11.2.1_4149/ide/plugins/com.nxp.mcuxpresso.tools.win32_11.2.0.202008311134/tools/bin/../lib/gcc/arm-none-eabi/9.2.1/../../../../arm-none-eabi/lib/thumb/v7e-m+dp/hard\libcr_c.a(initio.o) (setvbuf)
d:/program_files/mcuxpressoide_11.2.1_4149/ide/plugins/com.nxp.mcuxpresso.tools.win32_11.2.0.202008311134/tools/bin/../lib/gcc/arm-none-eabi/9.2.1/../../../../arm-none-eabi/lib/thumb/v7e-m+dp/hard\libcr_c.a(strcpy.o)
                              ./freertos/freertos_kernel/tasks.o (strcpy)
d:/program_files/mcuxpressoide_11.2.1_4149/ide/plugins/com.nxp.mcuxpresso.tools.win32_11.2.0.202008311134/tools/bin/../lib/gcc/arm-none-eabi/9.2.1/../../../../arm-none-eabi/lib/thumb/v7e-m+dp/hard\libcr_c.a(strlen.o)
                              ./utilities/fsl_str.o (strlen)
d:/program_files/mcuxpressoide_11.2.1_4149/ide/plugins/com.nxp.mcuxpresso.tools.win32_11.2.0.202008311134/tools/bin/../lib/gcc/arm-none-eabi/9.2.1/../../../../arm-none-eabi/lib/thumb/v7e-m+dp/hard\libcr_c.a(ungetc.o)
                              d:/program_files/mcuxpressoide_11.2.1_4149/ide/plugins/com.nxp.mcuxpresso.tools.win32_11.2.0.202008311134/tools/bin/../lib/gcc/arm-none-eabi/9.2.1/../../../../arm-none-eabi/lib/thumb/v7e-m+dp/hard\libcr_c.a(scanf.o) (ungetc)
d:/program_files/mcuxpressoide_11.2.1_4149/ide/plugins/com.nxp.mcuxpresso.tools.win32_11.2.0.202008311134/tools/bin/../lib/gcc/arm-none-eabi/9.2.1/../../../../arm-none-eabi/lib/thumb/v7e-m+dp/hard\libcr_c.a(__fillbuf.o)
                              d:/program_files/mcuxpressoide_11.2.1_4149/ide/plugins/com.nxp.mcuxpresso.tools.win32_11.2.0.202008311134/tools/bin/../lib/gcc/arm-none-eabi/9.2.1/../../../../arm-none-eabi/lib/thumb/v7e-m+dp/hard\libcr_c.a(scanf.o) (__filbuf)
d:/program_files/mcuxpressoide_11.2.1_4149/ide/plugins/com.nxp.mcuxpresso.tools.win32_11.2.0.202008311134/tools/bin/../lib/gcc/arm-none-eabi/9.2.1/../../../../arm-none-eabi/lib/thumb/v7e-m+dp/hard\libcr_c.a(__init_alloc.o)
                              d:/program_files/mcuxpressoide_11.2.1_4149/ide/plugins/com.nxp.mcuxpresso.tools.win32_11.2.0.202008311134/tools/bin/../lib/gcc/arm-none-eabi/9.2.1/../../../../arm-none-eabi/lib/thumb/v7e-m+dp/hard\libcr_c.a(alloc.o) (__heaps)
d:/program_files/mcuxpressoide_11.2.1_4149/ide/plugins/com.nxp.mcuxpresso.tools.win32_11.2.0.202008311134/tools/bin/../lib/gcc/arm-none-eabi/9.2.1/../../../../arm-none-eabi/lib/thumb/v7e-m+dp/hard\libcr_c.a(_cr_sbrk.o)
[...]
Memory Configuration

Name             Origin             Length             Attributes
BOARD_FLASH      0x60000000         0x00800000         xr
SRAM_DTC         0x20000000         0x00010000         xrw
SRAM_ITC         0x00000000         0x00010000         xrw
SRAM_OC          0x20200000         0x00020000         xrw
BOARD_SDRAM      0x80000000         0x01e00000         xrw
NCACHE_REGION    0x81e00000         0x00200000         xrw
*default*        0x00000000         0xffffffff

Linker script and memory map

LOAD ./xip/evkmimxrt1020_flexspi_nor_config.o
LOAD ./xip/fsl_flexspi_nor_boot.o
LOAD ./utilities/fsl_assert.o
LOAD ./utilities/fsl_debug_console.o
LOAD ./utilities/fsl_str.o
LOAD ./startup/startup_mimxrt1021.o
LOAD ./samplingModule/adcDriver.o
LOAD ./samplingModule/dmaDriver.o
LOAD ./samplingModule/samplingModule.o
LOAD ./main/main.o
LOAD ./ledModule/ledModule.o
LOAD ./freertos/freertos_kernel/portable/MemMang/heap_4.o
LOAD ./freertos/freertos_kernel/portable/GCC/ARM_CM4F/port.o
LOAD ./freertos/freertos_kernel/croutine.o
LOAD ./freertos/freertos_kernel/event_groups.o
LOAD ./freertos/freertos_kernel/list.o
LOAD ./freertos/freertos_kernel/queue.o
LOAD ./freertos/freertos_kernel/stream_buffer.o
LOAD ./freertos/freertos_kernel/tasks.o
LOAD ./freertos/freertos_kernel/timers.o
LOAD ./drivers/fsl_adc.o
LOAD ./drivers/fsl_adc_etc.o
LOAD ./drivers/fsl_cache.o
LOAD ./drivers/fsl_clock.o
LOAD ./drivers/fsl_common.o
LOAD ./drivers/fsl_dmamux.o
LOAD ./drivers/fsl_edma.o
LOAD ./drivers/fsl_gpio.o
LOAD ./drivers/fsl_lpuart.o
LOAD ./drivers/fsl_pit.o
LOAD ./drivers/fsl_xbara.o
LOAD ./device/system_MIMXRT1021.o
LOAD ./component/uart/lpuart_adapter.o
LOAD ./component/serial_manager/serial_manager.o
LOAD ./component/serial_manager/serial_port_uart.o
LOAD ./component/osa/fsl_os_abstraction_free_rtos.o
LOAD ./component/lists/generic_list.o
LOAD ./board/board.o
LOAD ./board/clock_config.o
LOAD ./board/dcd.o
LOAD ./board/pin_mux.o
START GROUP
LOAD d:/program_files/mcuxpressoide_11.2.1_4149/ide/plugins/com.nxp.mcuxpresso.tools.win32_11.2.0.202008311134/tools/bin/../lib/gcc/arm-none-eabi/9.2.1/../../../../arm-none-eabi/lib/thumb/v7e-m+dp/hard\libcr_nohost_nf.a
LOAD d:/program_files/mcuxpressoide_11.2.1_4149/ide/plugins/com.nxp.mcuxpresso.tools.win32_11.2.0.202008311134/tools/bin/../lib/gcc/arm-none-eabi/9.2.1/../../../../arm-none-eabi/lib/thumb/v7e-m+dp/hard\libcr_c.a
LOAD d:/program_files/mcuxpressoide_11.2.1_4149/ide/plugins/com.nxp.mcuxpresso.tools.win32_11.2.0.202008311134/tools/bin/../lib/gcc/arm-none-eabi/9.2.1/thumb/v7e-m+dp/hard\libcr_eabihelpers.a
LOAD d:/program_files/mcuxpressoide_11.2.1_4149/ide/plugins/com.nxp.mcuxpresso.tools.win32_11.2.0.202008311134/tools/bin/../lib/gcc/arm-none-eabi/9.2.1/thumb/v7e-m+dp/hard\libgcc.a
END GROUP
                0x60000000                __base_BOARD_FLASH = 0x60000000
                0x60000000                __base_Flash = 0x60000000
                0x60800000                __top_BOARD_FLASH = 0x60800000
                0x60800000                __top_Flash = 0x60800000
                0x20000000                __base_SRAM_DTC = 0x20000000
                0x20000000                __base_RAM = 0x20000000
                0x20010000                __top_SRAM_DTC = 0x20010000
                0x20010000                __top_RAM = 0x20010000
                0x00000000                __base_SRAM_ITC = 0x0
                0x00000000                __base_RAM2 = 0x0
                0x00010000                __top_SRAM_ITC = 0x10000
                0x00010000                __top_RAM2 = 0x10000
                0x20200000                __base_SRAM_OC = 0x20200000
                0x20200000                __base_RAM3 = 0x20200000
                0x20220000                __top_SRAM_OC = 0x20220000
                0x20220000                __top_RAM3 = 0x20220000
                0x80000000                __base_BOARD_SDRAM = 0x80000000
                0x80000000                __base_RAM4 = 0x80000000
                0x81e00000                __top_BOARD_SDRAM = 0x81e00000
                0x81e00000                __top_RAM4 = 0x81e00000
                0x81e00000                __base_NCACHE_REGION = 0x81e00000
                0x81e00000                __base_RAM5 = 0x81e00000
                0x82000000                __top_NCACHE_REGION = 0x82000000
                0x82000000                __top_RAM5 = 0x82000000

.boot_hdr       0x60000000     0x2000
 FILL mask 0xff
                0x60000000                __boot_hdr_start__ = ABSOLUTE (.)
 *(SORT_BY_ALIGNMENT(.boot_hdr.conf))
 .boot_hdr.conf
                0x60000000      0x200 ./xip/evkmimxrt1020_flexspi_nor_config.o
                0x60000000                qspiflash_config
                0x00001000                . = 0x1000
 *fill*         0x60000200      0xe00 ff
 *(SORT_BY_ALIGNMENT(.boot_hdr.ivt))
 .boot_hdr.ivt  0x60001000       0x20 ./xip/fsl_flexspi_nor_boot.o
                0x60001000                image_vector_table
                0x00001020                . = 0x1020
 *(SORT_BY_ALIGNMENT(.boot_hdr.boot_data))
 .boot_hdr.boot_data
                0x60001020       0x10 ./xip/fsl_flexspi_nor_boot.o
                0x60001020                boot_data
                0x00001030                . = 0x1030
 *(SORT_BY_ALIGNMENT(.boot_hdr.dcd_data))
                0x60001030                __boot_hdr_end__ = ABSOLUTE (.)
                0x00002000                . = 0x2000
 *fill*         0x60001030      0xfd0 ff

.text           0x60002000     0x7e84
 FILL mask 0xff
                0x60002000                __vectors_start__ = ABSOLUTE (.)
 *(SORT_BY_ALIGNMENT(.isr_vector))
 .isr_vector    0x60002000      0x278 ./startup/startup_mimxrt1021.o
                0x60002000                g_pfnVectors
                0x60002000                __Vectors
                0x60002278                . = ALIGN (0x4)
                0x60002278                __section_table_start = .
                0x60002278                __data_section_table = .
                0x60002278        0x4 LONG 0x60009e84 LOADADDR (.data)
                0x6000227c        0x4 LONG 0x20000000 ADDR (.data)
                0x60002280        0x4 LONG 0x8 SIZEOF (.data)
                0x60002284        0x4 LONG 0x60009e84 LOADADDR (.data_RAM2)
                0x60002288        0x4 LONG 0x0 ADDR (.data_RAM2)
                0x6000228c        0x4 LONG 0x0 SIZEOF (.data_RAM2)
                0x60002290        0x4 LONG 0x60009e84 LOADADDR (.data_RAM3)
                0x60002294        0x4 LONG 0x20200000 ADDR (.data_RAM3)
                0x60002298        0x4 LONG 0x0 SIZEOF (.data_RAM3)
                0x6000229c        0x4 LONG 0x60009e84 LOADADDR (.data_RAM4)
                0x600022a0        0x4 LONG 0x80000000 ADDR (.data_RAM4)
                0x600022a4        0x4 LONG 0x0 SIZEOF (.data_RAM4)
                0x600022a8        0x4 LONG 0x60009e84 LOADADDR (.data_RAM5)
                0x600022ac        0x4 LONG 0x81e00000 ADDR (.data_RAM5)
                0x600022b0        0x4 LONG 0x0 SIZEOF (.data_RAM5)
                0x600022b4                __data_section_table_end = .
                0x600022b4                __bss_section_table = .
                0x600022b4        0x4 LONG 0x20000008 ADDR (.bss)
                0x600022b8        0x4 LONG 0x869c SIZEOF (.bss)
                0x600022bc        0x4 LONG 0x0 ADDR (.bss_RAM2)
                0x600022c0        0x4 LONG 0x0 SIZEOF (.bss_RAM2)
                0x600022c4        0x4 LONG 0x20200000 ADDR (.bss_RAM3)
                0x600022c8        0x4 LONG 0x0 SIZEOF (.bss_RAM3)
                0x600022cc        0x4 LONG 0x80000000 ADDR (.bss_RAM4)
                0x600022d0        0x4 LONG 0x0 SIZEOF (.bss_RAM4)
                0x600022d4        0x4 LONG 0x81e00000 ADDR (.bss_RAM5)
                0x600022d8        0x4 LONG 0x0 SIZEOF (.bss_RAM5)
                0x600022dc                __bss_section_table_end = .
                0x600022dc                __section_table_end = .
 *(SORT_BY_ALIGNMENT(.after_vectors*))
 .after_vectors.reset
                0x600022dc       0x4c ./startup/startup_mimxrt1021.o
                0x600022dc                ResetISR
 .after_vectors.init_data
                0x60002328       0x1e ./startup/startup_mimxrt1021.o
                0x60002328                data_init
 .after_vectors.init_bss
                0x60002346       0x12 ./startup/startup_mimxrt1021.o
                0x60002346                bss_init
 .after_vectors
                0x60002358       0x14 ./startup/startup_mimxrt1021.o
                0x60002358                NMI_Handler
                0x6000235a                HardFault_Handler
                0x6000235c                MemManage_Handler
                0x6000235e                BusFault_Handler
                0x60002360                UsageFault_Handler
                0x60002364                DebugMon_Handler
                0x6000236a                CCM_2_DriverIRQHandler
                0x6000236a                PIT_DriverIRQHandler
                0x6000236a                Reserved102_DriverIRQHandler
                0x6000236a                Reserved152_DriverIRQHandler
                0x6000236a                FLEXRAM_DriverIRQHandler
                0x6000236a                LPSPI2_DriverIRQHandler
                0x6000236a                LPSPI4_DriverIRQHandler
                0x6000236a                SEMC_DriverIRQHandler
                0x6000236a                SPDIF_DriverIRQHandler
                0x6000236a                KPP_DriverIRQHandler
                0x6000236a                USB_PHY_DriverIRQHandler
                0x6000236a                SAI3_RX_DriverIRQHandler
                0x6000236a                Reserved82_DriverIRQHandler
                0x6000236a                BEE_DriverIRQHandler
                0x6000236a                LPI2C3_DriverIRQHandler
                0x6000236a                GPR_IRQ_DriverIRQHandler
                0x6000236a                Reserved103_DriverIRQHandler
                0x6000236a                PWM2_FAULT_DriverIRQHandler
                0x6000236a                Reserved56_DriverIRQHandler
                0x6000236a                TMR1_DriverIRQHandler
                0x6000236a                TRNG_DriverIRQHandler
                0x6000236a                ENET_1588_Timer_DriverIRQHandler
                0x6000236a                GPIO2_Combined_16_31_DriverIRQHandler
                0x6000236a                Reserved143_DriverIRQHandler
                0x6000236a                GPIO3_Combined_0_15_DriverIRQHandler
                0x6000236a                Reserved151_DriverIRQHandler
                0x6000236a                IntDefaultHandler
                0x6000236a                SRC_DriverIRQHandler
                0x6000236a                GPIO1_INT4_DriverIRQHandler
                0x6000236a                Reserved144_DriverIRQHandler
                0x6000236a                USDHC1_DriverIRQHandler
                0x6000236a                Reserved87_DriverIRQHandler
                0x6000236a                WDOG1_DriverIRQHandler
                0x6000236a                FLEXIO1_DriverIRQHandler
                0x6000236a                ENET_DriverIRQHandler
                0x6000236a                Reserved78_DriverIRQHandler
                0x6000236a                ENC2_DriverIRQHandler
                0x6000236a                ADC_ETC_IRQ2_DriverIRQHandler
                0x6000236a                GPIO1_Combined_16_31_DriverIRQHandler
                0x6000236a                GPIO1_INT7_DriverIRQHandler
                0x6000236a                SAI1_DriverIRQHandler
                0x6000236a                DCDC_DriverIRQHandler
                0x6000236a                ADC_ETC_ERROR_IRQ_DriverIRQHandler
                0x6000236a                ACMP2_DriverIRQHandler
                0x6000236a                GPIO5_Combined_0_15_DriverIRQHandler
                0x6000236a                GPIO1_INT0_DriverIRQHandler
                0x6000236a                GPIO1_INT2_DriverIRQHandler
                0x6000236a                RTWDOG_DriverIRQHandler
                0x6000236a                FLEXSPI_DriverIRQHandler
                0x6000236a                GPT2_DriverIRQHandler
                0x6000236a                PWM2_1_DriverIRQHandler
                0x6000236a                PWM1_1_DriverIRQHandler
                0x6000236a                ADC1_DriverIRQHandler
                0x6000236a                Reserved148_DriverIRQHandler
                0x6000236a                PWM1_0_DriverIRQHandler
                0x6000236a                ENC1_DriverIRQHandler
                0x6000236a                CAN2_DriverIRQHandler
                0x6000236a                DCP_DriverIRQHandler
                0x6000236a                CTI0_ERROR_DriverIRQHandler
                0x6000236a                GPT1_DriverIRQHandler
                0x6000236a                ACMP3_DriverIRQHandler
                0x6000236a                CSU_DriverIRQHandler
                0x6000236a                GPIO1_INT5_DriverIRQHandler
                0x6000236a                TMR2_DriverIRQHandler
                0x6000236a                CTI1_ERROR_DriverIRQHandler
                0x6000236a                GPIO1_Combined_0_15_DriverIRQHandler
                0x6000236a                USDHC2_DriverIRQHandler
                0x6000236a                EWM_DriverIRQHandler
                0x6000236a                SAI2_DriverIRQHandler
                0x6000236a                CORE_DriverIRQHandler
                0x6000236a                Reserved147_DriverIRQHandler
                0x6000236a                PWM2_3_DriverIRQHandler
                0x6000236a                Reserved60_DriverIRQHandler
                0x6000236a                XBAR1_IRQ_2_3_DriverIRQHandler
                0x6000236a                SNVS_HP_WRAPPER_TZ_DriverIRQHandler
                0x6000236a                GPIO3_Combined_16_31_DriverIRQHandler
                0x6000236a                PWM1_FAULT_DriverIRQHandler
                0x6000236a                LPI2C1_DriverIRQHandler
                0x6000236a                PWM2_2_DriverIRQHandler
                0x6000236a                Reserved128_DriverIRQHandler
                0x6000236a                SNVS_HP_WRAPPER_DriverIRQHandler
                0x6000236a                XBAR1_IRQ_0_1_DriverIRQHandler
                0x6000236a                ADC_ETC_IRQ1_DriverIRQHandler
                0x6000236a                LPSPI1_DriverIRQHandler
                0x6000236a                GPIO1_INT3_DriverIRQHandler
                0x6000236a                DCP_VMI_DriverIRQHandler
                0x6000236a                LPI2C4_DriverIRQHandler
                0x6000236a                GPC_DriverIRQHandler
                0x6000236a                Reserved123_DriverIRQHandler
                0x6000236a                GPIO2_Combined_0_15_DriverIRQHandler
                0x6000236a                PWM1_2_DriverIRQHandler
                0x6000236a                USB_OTG1_DriverIRQHandler
                0x6000236a                TEMP_LOW_HIGH_DriverIRQHandler
                0x6000236a                SAI3_TX_DriverIRQHandler
                0x6000236a                WDOG2_DriverIRQHandler
                0x6000236a                Reserved68_DriverIRQHandler
                0x6000236a                PMU_DriverIRQHandler
                0x6000236a                Reserved59_DriverIRQHandler
                0x6000236a                GPIO5_Combined_16_31_DriverIRQHandler
                0x6000236a                CCM_1_DriverIRQHandler
                0x6000236a                ADC2_DriverIRQHandler
                0x6000236a                Reserved58_DriverIRQHandler
                0x6000236a                Reserved115_DriverIRQHandler
                0x6000236a                TEMP_PANIC_DriverIRQHandler
                0x6000236a                ACMP4_DriverIRQHandler
                0x6000236a                Reserved107_DriverIRQHandler
                0x6000236a                LPSPI3_DriverIRQHandler
                0x6000236a                PWM1_3_DriverIRQHandler
                0x6000236a                Reserved70_DriverIRQHandler
                0x6000236a                ACMP1_DriverIRQHandler
                0x6000236a                LPI2C2_DriverIRQHandler
                0x6000236a                Reserved86_DriverIRQHandler
                0x6000236a                DMA_ERROR_DriverIRQHandler
                0x6000236a                ADC_ETC_IRQ0_DriverIRQHandler
                0x6000236a                CAN1_DriverIRQHandler
                0x6000236a                GPIO1_INT6_DriverIRQHandler
                0x6000236a                GPIO1_INT1_DriverIRQHandler
                0x6000236a                PWM2_0_DriverIRQHandler
                0x6000236a                SNVS_LP_WRAPPER_DriverIRQHandler
 *(SORT_BY_ALIGNMENT(.text*))
 *fill*         0x6000236c        0x4 ff
 .text.SVC_Handler
                0x60002370       0x28 ./freertos/freertos_kernel/portable/GCC/ARM_CM4F/port.o
                0x60002370                SVC_Handler
 *fill*         0x60002398        0x8 ff
 .text.PendSV_Handler
                0x600023a0       0x68 ./freertos/freertos_kernel/portable/GCC/ARM_CM4F/port.o
                0x600023a0                PendSV_Handler
 .text.__assertion_failed
                0x60002408       0x18 ./utilities/fsl_assert.o
                0x60002408                __assertion_failed
 .text.DbgConsole_SendData
                0x60002420      0x164 ./utilities/fsl_debug_console.o
                0x60002420                DbgConsole_SendData
 .text.DbgConsole_SendDataReliable
                0x60002584      0x100 ./utilities/fsl_debug_console.o
                0x60002584                DbgConsole_SendDataReliable
 .text.DbgConsole_Flush
                0x60002684       0x48 ./utilities/fsl_debug_console.o
                0x60002684                DbgConsole_Flush
 .text.DbgConsole_Printf
                0x600026cc       0x78 ./utilities/fsl_debug_console.o
                0x600026cc                DbgConsole_Printf
 .text.__NVIC_EnableIRQ
                0x60002744       0x3c ./samplingModule/adcDriver.o
 .text.CLOCK_SetMux
                0x60002780       0x9c ./samplingModule/adcDriver.o
 .text.CLOCK_SetDiv
                0x6000281c       0x9c ./samplingModule/adcDriver.o
 .text.CLOCK_ControlGate
                0x600028b8       0x64 ./samplingModule/adcDriver.o
 .text.PIT_GetDefaultConfig
                0x6000291c       0x28 ./samplingModule/adcDriver.o
 .text.ADCDriver_Init
                0x60002944      0x208 ./samplingModule/adcDriver.o
                0x60002944                ADCDriver_Init
 .text.ADCDriver_StartSampling
                0x60002b4c       0x14 ./samplingModule/adcDriver.o
                0x60002b4c                ADCDriver_StartSampling
 .text.ADC_ETC_IRQ0_IRQHandler
                0x60002b60       0x1c ./samplingModule/adcDriver.o
                0x60002b60                ADC_ETC_IRQ0_IRQHandler
 .text.ADC_ETC_IRQ1_IRQHandler
                0x60002b7c       0x1c ./samplingModule/adcDriver.o
                0x60002b7c                ADC_ETC_IRQ1_IRQHandler
 .text.main     0x60002b98       0x44 ./main/main.o
                0x60002b98                main
 .text.LedModule_Init
                0x60002bdc       0x5c ./ledModule/ledModule.o
                0x60002bdc                LedModule_Init
 .text.LedModule_Task
                0x60002c38       0x44 ./ledModule/ledModule.o
                0x60002c38                LedModule_Task
 .text.pvPortMalloc
                0x60002c7c      0x198 ./freertos/freertos_kernel/portable/MemMang/heap_4.o
                0x60002c7c                pvPortMalloc
 .text.vPortFree
                0x60002e14       0xc4 ./freertos/freertos_kernel/portable/MemMang/heap_4.o
                0x60002e14                vPortFree
 .text.prvHeapInit
                0x60002ed8       0xc4 ./freertos/freertos_kernel/portable/MemMang/heap_4.o
 .text.prvInsertBlockIntoFreeList
                0x60002f9c       0xb4 ./freertos/freertos_kernel/portable/MemMang/heap_4.o
 .text.pxPortInitialiseStack
                0x60003050       0x68 ./freertos/freertos_kernel/portable/GCC/ARM_CM4F/port.o
                0x60003050                pxPortInitialiseStack
 .text.prvTaskExitError
                0x600030b8       0x58 ./freertos/freertos_kernel/portable/GCC/ARM_CM4F/port.o
 .text.prvPortStartFirstTask
                0x60003110       0x28 ./freertos/freertos_kernel/portable/GCC/ARM_CM4F/port.o
 .text.xPortStartScheduler
                0x60003138      0x144 ./freertos/freertos_kernel/portable/GCC/ARM_CM4F/port.o
                0x60003138                xPortStartScheduler
 .text.vPortEnterCritical
                0x6000327c       0x60 ./freertos/freertos_kernel/portable/GCC/ARM_CM4F/port.o
                0x6000327c                vPortEnterCritical
 .text.vPortExitCritical
                0x600032dc       0x54 ./freertos/freertos_kernel/portable/GCC/ARM_CM4F/port.o
                0x600032dc                vPortExitCritical
 .text.SysTick_Handler
                0x60003330       0x44 ./freertos/freertos_kernel/portable/GCC/ARM_CM4F/port.o
                0x60003330                SysTick_Handler
 .text.vPortSetupTimerInterrupt
                0x60003374       0x48 ./freertos/freertos_kernel/portable/GCC/ARM_CM4F/port.o
                0x60003374                vPortSetupTimerInterrupt
 .text.vPortEnableVFP
                0x600033bc       0x14 ./freertos/freertos_kernel/portable/GCC/ARM_CM4F/port.o
 .text.vPortValidateInterruptPriority
                0x600033d0       0x80 ./freertos/freertos_kernel/portable/GCC/ARM_CM4F/port.o
                0x600033d0                vPortValidateInterruptPriority
 .text.xQueueGenericReset
                0x60003450       0xd0 ./freertos/freertos_kernel/queue.o
                0x60003450                xQueueGenericReset
 .text.xQueueGenericSend
                0x60003520      0x1fc ./freertos/freertos_kernel/queue.o
                0x60003520                xQueueGenericSend
 .text.xQueueReceive
                0x6000371c      0x1c0 ./freertos/freertos_kernel/queue.o
                0x6000371c                xQueueReceive
 .text.vQueueAddToRegistry
                0x600038dc       0x54 ./freertos/freertos_kernel/queue.o
                0x600038dc                vQueueAddToRegistry
 .text.prvAddNewTaskToReadyList
                0x60003930       0xdc ./freertos/freertos_kernel/tasks.o
 .text.vTaskDelay
                0x60003a0c       0x68 ./freertos/freertos_kernel/tasks.o
                0x60003a0c                vTaskDelay
 .text.vTaskStartScheduler
                0x60003a74       0x9c ./freertos/freertos_kernel/tasks.o
                0x60003a74                vTaskStartScheduler
 .text.vTaskSuspendAll
                0x60003b10       0x1c ./freertos/freertos_kernel/tasks.o
                0x60003b10                vTaskSuspendAll
 .text.xTaskResumeAll
                0x60003b2c      0x138 ./freertos/freertos_kernel/tasks.o
                0x60003b2c                xTaskResumeAll
 .text.xTaskGetTickCount
                0x60003c64       0x20 ./freertos/freertos_kernel/tasks.o
                0x60003c64                xTaskGetTickCount
 .text.xTaskIncrementTick
                0x60003c84      0x154 ./freertos/freertos_kernel/tasks.o
                0x60003c84                xTaskIncrementTick
 .text.vTaskSwitchContext
                0x60003dd8       0xb8 ./freertos/freertos_kernel/tasks.o
                0x60003dd8                vTaskSwitchContext
 .text.vTaskPlaceOnEventList
                0x60003e90       0x48 ./freertos/freertos_kernel/tasks.o
                0x60003e90                vTaskPlaceOnEventList
 .text.vTaskPlaceOnEventListRestricted
                0x60003ed8       0x58 ./freertos/freertos_kernel/tasks.o
                0x60003ed8                vTaskPlaceOnEventListRestricted
 .text.xTaskRemoveFromEventList
                0x60003f30       0xc4 ./freertos/freertos_kernel/tasks.o
                0x60003f30                xTaskRemoveFromEventList
 .text.vTaskInternalSetTimeOutState
                0x60003ff4       0x2c ./freertos/freertos_kernel/tasks.o
                0x60003ff4                vTaskInternalSetTimeOutState
 .text.xTaskCheckForTimeOut
                0x60004020       0xc4 ./freertos/freertos_kernel/tasks.o
                0x60004020                xTaskCheckForTimeOut
 .text.vTaskMissedYield
                0x600040e4       0x18 ./freertos/freertos_kernel/tasks.o
                0x600040e4                vTaskMissedYield
 .text.prvIdleTask
                0x600040fc       0x30 ./freertos/freertos_kernel/tasks.o
 .text.prvInitialiseTaskLists
                0x6000412c       0x80 ./freertos/freertos_kernel/tasks.o
 .text.prvCheckTasksWaitingTermination
                0x600041ac       0x5c ./freertos/freertos_kernel/tasks.o
 .text.prvResetNextTaskUnblockTime
                0x60004208       0x40 ./freertos/freertos_kernel/tasks.o
 .text.xTaskGetSchedulerState
                0x60004248       0x3c ./freertos/freertos_kernel/tasks.o
                0x60004248                xTaskGetSchedulerState
 .text.xTaskPriorityDisinherit
                0x60004284      0x10c ./freertos/freertos_kernel/tasks.o
                0x60004284                xTaskPriorityDisinherit
 .text.prvAddCurrentTaskToDelayedList
                0x60004390       0xcc ./freertos/freertos_kernel/tasks.o
 .text.xTimerCreateTimerTask
                0x6000445c       0x64 ./freertos/freertos_kernel/timers.o
                0x6000445c                xTimerCreateTimerTask
 .text.xTimerGenericCommand
                0x600044c0       0x9c ./freertos/freertos_kernel/timers.o
                0x600044c0                xTimerGenericCommand
 .text.prvProcessExpiredTimer
                0x6000455c       0x98 ./freertos/freertos_kernel/timers.o
 .text.prvProcessTimerOrBlockTask
                0x600045f4       0x9c ./freertos/freertos_kernel/timers.o
 .text.prvGetNextExpireTime
                0x60004690       0x48 ./freertos/freertos_kernel/timers.o
 .text.prvSampleTimeNow
                0x600046d8       0x40 ./freertos/freertos_kernel/timers.o
 .text.prvInsertTimerInActiveList
                0x60004718       0x84 ./freertos/freertos_kernel/timers.o
 .text.prvProcessReceivedCommands
                0x6000479c      0x1c4 ./freertos/freertos_kernel/timers.o
 .text.prvSwitchTimerLists
                0x60004960       0xc8 ./freertos/freertos_kernel/timers.o
 .text.prvCheckForValidListAndQueue
                0x60004a28       0x6c ./freertos/freertos_kernel/timers.o
 .text.CLOCK_ControlGate
                0x60004a94       0x64 ./drivers/fsl_adc.o
 .text.ADC_GetChannelConversionValue
                0x60004af8       0x30 ./drivers/fsl_adc.o
 .text.ADC_GetChannelStatusFlags
                0x60004b28       0x38 ./drivers/fsl_adc.o
 .text.ADC_GetInstance
                0x60004b60       0x4c ./drivers/fsl_adc.o
 .text.ADC_Init
                0x60004bac       0xf8 ./drivers/fsl_adc.o
                0x60004bac                ADC_Init
 .text.ADC_GetDefaultConfig
                0x60004ca4       0x6c ./drivers/fsl_adc.o
                0x60004ca4                ADC_GetDefaultConfig
 .text.ADC_SetChannelConfig
                0x60004d10       0x58 ./drivers/fsl_adc.o
                0x60004d10                ADC_SetChannelConfig
 .text.ADC_ETC_Init
                0x60004d68       0x90 ./drivers/fsl_adc_etc.o
                0x60004d68                ADC_ETC_Init
 .text.ADC_ETC_SetTriggerConfig
                0x60004df8       0xa8 ./drivers/fsl_adc_etc.o
                0x60004df8                ADC_ETC_SetTriggerConfig
 .text.ADC_ETC_SetTriggerChainConfig
                0x60004ea0      0x1f0 ./drivers/fsl_adc_etc.o
                0x60004ea0                ADC_ETC_SetTriggerChainConfig
 .text.CLOCK_InitExternalClk
                0x60005090       0x6c ./drivers/fsl_clock.o
                0x60005090                CLOCK_InitExternalClk
 .text.CLOCK_SwitchOsc
                0x600050fc       0x34 ./drivers/fsl_clock.o
                0x600050fc                CLOCK_SwitchOsc
 .text.CLOCK_InitRcOsc24M
                0x60005130       0x24 ./drivers/fsl_clock.o
                0x60005130                CLOCK_InitRcOsc24M
 .text.CLOCK_InitSysPll
                0x60005154       0x9c ./drivers/fsl_clock.o
                0x60005154                CLOCK_InitSysPll
 .text.CLOCK_DeinitAudioPll
                0x600051f0       0x1c ./drivers/fsl_clock.o
                0x600051f0                CLOCK_DeinitAudioPll
 .text.CLOCK_InitEnetPll
                0x6000520c       0xa4 ./drivers/fsl_clock.o
                0x6000520c                CLOCK_InitEnetPll
 .text.CLOCK_InitSysPfd
                0x600052b0       0x64 ./drivers/fsl_clock.o
                0x600052b0                CLOCK_InitSysPfd
 .text.EDMA_GetChannelStatusFlags
                0x60005314       0x74 ./drivers/fsl_edma.o
                0x60005314                EDMA_GetChannelStatusFlags
 .text.EDMA_HandleIRQ
                0x60005388      0x160 ./drivers/fsl_edma.o
                0x60005388                EDMA_HandleIRQ
 .text.DMA0_DMA16_DriverIRQHandler
                0x600054e8       0x50 ./drivers/fsl_edma.o
                0x600054e8                DMA0_DMA16_DriverIRQHandler
 .text.DMA1_DMA17_DriverIRQHandler
                0x60005538       0x50 ./drivers/fsl_edma.o
                0x60005538                DMA1_DMA17_DriverIRQHandler
 .text.DMA2_DMA18_DriverIRQHandler
                0x60005588       0x50 ./drivers/fsl_edma.o
                0x60005588                DMA2_DMA18_DriverIRQHandler
 .text.DMA3_DMA19_DriverIRQHandler
                0x600055d8       0x50 ./drivers/fsl_edma.o
                0x600055d8                DMA3_DMA19_DriverIRQHandler
 .text.DMA4_DMA20_DriverIRQHandler
                0x60005628       0x50 ./drivers/fsl_edma.o
                0x60005628                DMA4_DMA20_DriverIRQHandler
 .text.DMA5_DMA21_DriverIRQHandler
                0x60005678       0x50 ./drivers/fsl_edma.o
                0x60005678                DMA5_DMA21_DriverIRQHandler
 .text.DMA6_DMA22_DriverIRQHandler
                0x600056c8       0x50 ./drivers/fsl_edma.o
                0x600056c8                DMA6_DMA22_DriverIRQHandler
 .text.DMA7_DMA23_DriverIRQHandler
                0x60005718       0x50 ./drivers/fsl_edma.o
                0x60005718                DMA7_DMA23_DriverIRQHandler
 .text.DMA8_DMA24_DriverIRQHandler
                0x60005768       0x50 ./drivers/fsl_edma.o
                0x60005768                DMA8_DMA24_DriverIRQHandler
 .text.DMA9_DMA25_DriverIRQHandler
                0x600057b8       0x50 ./drivers/fsl_edma.o
                0x600057b8                DMA9_DMA25_DriverIRQHandler
 .text.DMA10_DMA26_DriverIRQHandler
                0x60005808       0x50 ./drivers/fsl_edma.o
                0x60005808                DMA10_DMA26_DriverIRQHandler
 .text.DMA11_DMA27_DriverIRQHandler
                0x60005858       0x50 ./drivers/fsl_edma.o
                0x60005858                DMA11_DMA27_DriverIRQHandler
 .text.DMA12_DMA28_DriverIRQHandler
                0x600058a8       0x50 ./drivers/fsl_edma.o
                0x600058a8                DMA12_DMA28_DriverIRQHandler
 .text.DMA13_DMA29_DriverIRQHandler
                0x600058f8       0x50 ./drivers/fsl_edma.o
                0x600058f8                DMA13_DMA29_DriverIRQHandler
 .text.DMA14_DMA30_DriverIRQHandler
                0x60005948       0x50 ./drivers/fsl_edma.o
                0x60005948                DMA14_DMA30_DriverIRQHandler
 .text.DMA15_DMA31_DriverIRQHandler
                0x60005998       0x50 ./drivers/fsl_edma.o
                0x60005998                DMA15_DMA31_DriverIRQHandler
 .text.CLOCK_ControlGate
                0x600059e8       0x64 ./drivers/fsl_gpio.o
 .text.GPIO_GetInstance
                0x60005a4c       0x4c ./drivers/fsl_gpio.o
 .text.GPIO_PinInit
                0x60005a98       0xa4 ./drivers/fsl_gpio.o
                0x60005a98                GPIO_PinInit
 .text.GPIO_PinWrite
                0x60005b3c       0x54 ./drivers/fsl_gpio.o
                0x60005b3c                GPIO_PinWrite
 .text.GPIO_PinSetInterruptConfig
                0x60005b90       0xfc ./drivers/fsl_gpio.o
                0x60005b90                GPIO_PinSetInterruptConfig
 .text.LPUART_GetEnabledInterrupts
                0x60005c8c       0x44 ./drivers/fsl_lpuart.o
                0x60005c8c                LPUART_GetEnabledInterrupts
 .text.LPUART_ClearStatusFlags
                0x60005cd0       0xa4 ./drivers/fsl_lpuart.o
                0x60005cd0                LPUART_ClearStatusFlags
 .text.CLOCK_ControlGate
                0x60005d74       0x64 ./drivers/fsl_pit.o
 .text.PIT_GetInstance
                0x60005dd8       0x44 ./drivers/fsl_pit.o
 .text.PIT_Init
                0x60005e1c       0x94 ./drivers/fsl_pit.o
                0x60005e1c                PIT_Init
 .text.CLOCK_ControlGate
                0x60005eb0       0x64 ./drivers/fsl_xbara.o
 .text.XBARA_GetInstance
                0x60005f14       0x44 ./drivers/fsl_xbara.o
 .text.SystemInit
                0x60005f58      0x1d8 ./device/system_MIMXRT1021.o
                0x60005f58                SystemInit
 .text.HAL_UartInterruptHandle
                0x60006130      0x164 ./component/uart/lpuart_adapter.o
 .text.HAL_UartSendNonBlocking
                0x60006294       0x88 ./component/uart/lpuart_adapter.o
                0x60006294                HAL_UartSendNonBlocking
 .text.HAL_UartIsrFunction
                0x6000631c       0x30 ./component/uart/lpuart_adapter.o
                0x6000631c                HAL_UartIsrFunction
 .text.SerialManager_Write
                0x6000634c      0x134 ./component/serial_manager/serial_manager.o
 .text.Serial_UartWrite
                0x60006480       0x8c ./component/serial_manager/serial_port_uart.o
                0x60006480                Serial_UartWrite
 .text.Serial_UartIsrFunction
                0x6000650c       0x30 ./component/serial_manager/serial_port_uart.o
                0x6000650c                Serial_UartIsrFunction
 .text.ARM_MPU_Enable
                0x6000653c       0x40 ./board/board.o
 .text.ARM_MPU_Disable
                0x6000657c       0x34 ./board/board.o
 .text.BOARD_ConfigMPU
                0x600065b0      0x2e4 ./board/board.o
                0x600065b0                BOARD_ConfigMPU
 .text.CLOCK_SetMux
                0x60006894       0x9c ./board/clock_config.o
 .text.CLOCK_SetDiv
                0x60006930       0x9c ./board/clock_config.o
 .text.CLOCK_ControlGate
                0x600069cc       0x64 ./board/clock_config.o
 .text.CLOCK_SetXtalFreq
                0x60006a30       0x20 ./board/clock_config.o
 .text.CLOCK_SetRtcXtalFreq
                0x60006a50       0x20 ./board/clock_config.o
 .text.IOMUXC_EnableMode
                0x60006a70       0x48 ./board/clock_config.o
 .text.IOMUXC_MQSConfig
                0x60006ab8       0x44 ./board/clock_config.o
 .text.BOARD_BootClockRUN
                0x60006afc      0x4ec ./board/clock_config.o
                0x60006afc                BOARD_BootClockRUN
 .text.CLOCK_ControlGate
                0x60006fe8       0x64 ./board/pin_mux.o
 .text.BOARD_InitPins
                0x6000704c      0x238 ./board/pin_mux.o
                0x6000704c                BOARD_InitPins
 .text._initio  0x60007284       0x78 d:/program_files/mcuxpressoide_11.2.1_4149/ide/plugins/com.nxp.mcuxpresso.tools.win32_11.2.0.202008311134/tools/bin/../lib/gcc/arm-none-eabi/9.2.1/../../../../arm-none-eabi/lib/thumb/v7e-m+dp/hard\libcr_c.a(initio.o)
                0x60007284                _initio
 .text._Cwritebuf
                0x600072fc       0x6c d:/program_files/mcuxpressoide_11.2.1_4149/ide/plugins/com.nxp.mcuxpresso.tools.win32_11.2.0.202008311134/tools/bin/../lib/gcc/arm-none-eabi/9.2.1/../../../../arm-none-eabi/lib/thumb/v7e-m+dp/hard\libcr_c.a(_writebuf.o)
                0x600072fc                _Cwritebuf
 .text.fflush   0x60007368       0x44 d:/program_files/mcuxpressoide_11.2.1_4149/ide/plugins/com.nxp.mcuxpresso.tools.win32_11.2.0.202008311134/tools/bin/../lib/gcc/arm-none-eabi/9.2.1/../../../../arm-none-eabi/lib/thumb/v7e-m+dp/hard\libcr_c.a(fflush.o)
                0x60007368                fflush
 .text.fseek    0x600073ac      0x100 d:/program_files/mcuxpressoide_11.2.1_4149/ide/plugins/com.nxp.mcuxpresso.tools.win32_11.2.0.202008311134/tools/bin/../lib/gcc/arm-none-eabi/9.2.1/../../../../arm-none-eabi/lib/thumb/v7e-m+dp/hard\libcr_c.a(fseek.o)
                0x600073ac                fseek
 .text.ftell    0x600074ac       0x44 d:/program_files/mcuxpressoide_11.2.1_4149/ide/plugins/com.nxp.mcuxpresso.tools.win32_11.2.0.202008311134/tools/bin/../lib/gcc/arm-none-eabi/9.2.1/../../../../arm-none-eabi/lib/thumb/v7e-m+dp/hard\libcr_c.a(ftell.o)
                0x600074ac                ftell
 .text.DisableGlobalIRQ
                0x600074f0       0x22 ./utilities/fsl_debug_console.o
 .text.EnableGlobalIRQ
                0x60007512       0x20 ./utilities/fsl_debug_console.o
 .text.DbgConsole_PrintCallback
                0x60007532       0x66 ./utilities/fsl_debug_console.o
 .text.PrintGetWidth
                0x60007598       0x6a ./utilities/fsl_str.o
 .text.PrintGetPrecision
                0x60007602       0x8c ./utilities/fsl_str.o
 .text.PrintIsobpu
                0x6000768e       0x38 ./utilities/fsl_str.o
 .text.PrintIsdi
                0x600076c6       0x2c ./utilities/fsl_str.o
 .text.PrintOutputdifFobpu
                0x600076f2       0x44 ./utilities/fsl_str.o
 .text.PrintOutputxX
                0x60007736       0x44 ./utilities/fsl_str.o
 .text.PrintIsfF
                0x6000777a       0x2c ./utilities/fsl_str.o
 .text.PrintIsxX
                0x600077a6       0x2c ./utilities/fsl_str.o
 .text.PrintGetRadixFromobpu
                0x600077d2       0x40 ./utilities/fsl_str.o
 .text.ConvertRadixNumToString
                0x60007812      0x118 ./utilities/fsl_str.o
 .text.StrFormatPrintf
                0x6000792a      0x286 ./utilities/fsl_str.o
                0x6000792a                StrFormatPrintf
 .text.DMA0_DMA16_IRQHandler
                0x60007bb0        0x8 ./startup/startup_mimxrt1021.o
                0x60007bb0                DMA0_DMA16_IRQHandler
 .text.DMA1_DMA17_IRQHandler
                0x60007bb8        0x8 ./startup/startup_mimxrt1021.o
                0x60007bb8                DMA1_DMA17_IRQHandler
 .text.DMA2_DMA18_IRQHandler
                0x60007bc0        0x8 ./startup/startup_mimxrt1021.o
                0x60007bc0                DMA2_DMA18_IRQHandler
 .text.DMA3_DMA19_IRQHandler
                0x60007bc8        0x8 ./startup/startup_mimxrt1021.o
                0x60007bc8                DMA3_DMA19_IRQHandler
 .text.DMA4_DMA20_IRQHandler
                0x60007bd0        0x8 ./startup/startup_mimxrt1021.o
                0x60007bd0                DMA4_DMA20_IRQHandler
 .text.DMA5_DMA21_IRQHandler
                0x60007bd8        0x8 ./startup/startup_mimxrt1021.o
                0x60007bd8                DMA5_DMA21_IRQHandler
 .text.DMA6_DMA22_IRQHandler
                0x60007be0        0x8 ./startup/startup_mimxrt1021.o
                0x60007be0                DMA6_DMA22_IRQHandler
 .text.DMA7_DMA23_IRQHandler
                0x60007be8        0x8 ./startup/startup_mimxrt1021.o
                0x60007be8                DMA7_DMA23_IRQHandler
 .text.DMA8_DMA24_IRQHandler
                0x60007bf0        0x8 ./startup/startup_mimxrt1021.o
                0x60007bf0                DMA8_DMA24_IRQHandler
 .text.DMA9_DMA25_IRQHandler
                0x60007bf8        0x8 ./startup/startup_mimxrt1021.o
                0x60007bf8                DMA9_DMA25_IRQHandler
 .text.DMA10_DMA26_IRQHandler
                0x60007c00        0x8 ./startup/startup_mimxrt1021.o
                0x60007c00                DMA10_DMA26_IRQHandler
 .text.DMA11_DMA27_IRQHandler
                0x60007c08        0x8 ./startup/startup_mimxrt1021.o
                0x60007c08                DMA11_DMA27_IRQHandler
 .text.DMA12_DMA28_IRQHandler
                0x60007c10        0x8 ./startup/startup_mimxrt1021.o
                0x60007c10                DMA12_DMA28_IRQHandler
 .text.DMA13_DMA29_IRQHandler
                0x60007c18        0x8 ./startup/startup_mimxrt1021.o
                0x60007c18                DMA13_DMA29_IRQHandler
 .text.DMA14_DMA30_IRQHandler
                0x60007c20        0x8 ./startup/startup_mimxrt1021.o
                0x60007c20                DMA14_DMA30_IRQHandler
 .text.DMA15_DMA31_IRQHandler
                0x60007c28        0x8 ./startup/startup_mimxrt1021.o
                0x60007c28                DMA15_DMA31_IRQHandler
 .text.DMA_ERROR_IRQHandler
                0x60007c30        0x8 ./startup/startup_mimxrt1021.o
                0x60007c30                DMA_ERROR_IRQHandler
 .text.CTI0_ERROR_IRQHandler
                0x60007c38        0x8 ./startup/startup_mimxrt1021.o
                0x60007c38                CTI0_ERROR_IRQHandler
 .text.CTI1_ERROR_IRQHandler
                0x60007c40        0x8 ./startup/startup_mimxrt1021.o
                0x60007c40                CTI1_ERROR_IRQHandler
 .text.CORE_IRQHandler
                0x60007c48        0x8 ./startup/startup_mimxrt1021.o
                0x60007c48                CORE_IRQHandler
 .text.LPI2C1_IRQHandler
                0x60007c50        0x8 ./startup/startup_mimxrt1021.o
                0x60007c50                LPI2C1_IRQHandler
 .text.LPI2C2_IRQHandler
                0x60007c58        0x8 ./startup/startup_mimxrt1021.o
                0x60007c58                LPI2C2_IRQHandler
 .text.LPI2C3_IRQHandler
                0x60007c60        0x8 ./startup/startup_mimxrt1021.o
                0x60007c60                LPI2C3_IRQHandler
 .text.LPI2C4_IRQHandler
                0x60007c68        0x8 ./startup/startup_mimxrt1021.o
                0x60007c68                LPI2C4_IRQHandler
 .text.LPSPI1_IRQHandler
                0x60007c70        0x8 ./startup/startup_mimxrt1021.o
                0x60007c70                LPSPI1_IRQHandler
 .text.LPSPI2_IRQHandler
                0x60007c78        0x8 ./startup/startup_mimxrt1021.o
                0x60007c78                LPSPI2_IRQHandler
 .text.LPSPI3_IRQHandler
                0x60007c80        0x8 ./startup/startup_mimxrt1021.o
                0x60007c80                LPSPI3_IRQHandler
 .text.LPSPI4_IRQHandler
                0x60007c88        0x8 ./startup/startup_mimxrt1021.o
                0x60007c88                LPSPI4_IRQHandler
 .text.CAN1_IRQHandler
                0x60007c90        0x8 ./startup/startup_mimxrt1021.o
                0x60007c90                CAN1_IRQHandler
 .text.CAN2_IRQHandler
                0x60007c98        0x8 ./startup/startup_mimxrt1021.o
                0x60007c98                CAN2_IRQHandler
 .text.FLEXRAM_IRQHandler
                0x60007ca0        0x8 ./startup/startup_mimxrt1021.o
                0x60007ca0                FLEXRAM_IRQHandler
 .text.KPP_IRQHandler
                0x60007ca8        0x8 ./startup/startup_mimxrt1021.o
                0x60007ca8                KPP_IRQHandler
 .text.Reserved56_IRQHandler
                0x60007cb0        0x8 ./startup/startup_mimxrt1021.o
                0x60007cb0                Reserved56_IRQHandler
 .text.GPR_IRQ_IRQHandler
                0x60007cb8        0x8 ./startup/startup_mimxrt1021.o
                0x60007cb8                GPR_IRQ_IRQHandler
 .text.Reserved58_IRQHandler
                0x60007cc0        0x8 ./startup/startup_mimxrt1021.o
                0x60007cc0                Reserved58_IRQHandler
 .text.Reserved59_IRQHandler
                0x60007cc8        0x8 ./startup/startup_mimxrt1021.o
                0x60007cc8                Reserved59_IRQHandler
 .text.Reserved60_IRQHandler
                0x60007cd0        0x8 ./startup/startup_mimxrt1021.o
                0x60007cd0                Reserved60_IRQHandler
 .text.WDOG2_IRQHandler
                0x60007cd8        0x8 ./startup/startup_mimxrt1021.o
                0x60007cd8                WDOG2_IRQHandler
 .text.SNVS_HP_WRAPPER_IRQHandler
                0x60007ce0        0x8 ./startup/startup_mimxrt1021.o
                0x60007ce0                SNVS_HP_WRAPPER_IRQHandler
 .text.SNVS_HP_WRAPPER_TZ_IRQHandler
                0x60007ce8        0x8 ./startup/startup_mimxrt1021.o
                0x60007ce8                SNVS_HP_WRAPPER_TZ_IRQHandler
 .text.SNVS_LP_WRAPPER_IRQHandler
                0x60007cf0        0x8 ./startup/startup_mimxrt1021.o
                0x60007cf0                SNVS_LP_WRAPPER_IRQHandler
 .text.CSU_IRQHandler
                0x60007cf8        0x8 ./startup/startup_mimxrt1021.o
                0x60007cf8                CSU_IRQHandler
 .text.DCP_IRQHandler
                0x60007d00        0x8 ./startup/startup_mimxrt1021.o
                0x60007d00                DCP_IRQHandler
 .text.DCP_VMI_IRQHandler
                0x60007d08        0x8 ./startup/startup_mimxrt1021.o
                0x60007d08                DCP_VMI_IRQHandler
 .text.Reserved68_IRQHandler
                0x60007d10        0x8 ./startup/startup_mimxrt1021.o
                0x60007d10                Reserved68_IRQHandler
 .text.TRNG_IRQHandler
                0x60007d18        0x8 ./startup/startup_mimxrt1021.o
                0x60007d18                TRNG_IRQHandler
 .text.Reserved70_IRQHandler
                0x60007d20        0x8 ./startup/startup_mimxrt1021.o
                0x60007d20                Reserved70_IRQHandler
 .text.BEE_IRQHandler
                0x60007d28        0x8 ./startup/startup_mimxrt1021.o
                0x60007d28                BEE_IRQHandler
 .text.SAI1_IRQHandler
                0x60007d30        0x8 ./startup/startup_mimxrt1021.o
                0x60007d30                SAI1_IRQHandler
 .text.SAI2_IRQHandler
                0x60007d38        0x8 ./startup/startup_mimxrt1021.o
                0x60007d38                SAI2_IRQHandler
 .text.SAI3_RX_IRQHandler
                0x60007d40        0x8 ./startup/startup_mimxrt1021.o
                0x60007d40                SAI3_RX_IRQHandler
 .text.SAI3_TX_IRQHandler
                0x60007d48        0x8 ./startup/startup_mimxrt1021.o
                0x60007d48                SAI3_TX_IRQHandler
 .text.SPDIF_IRQHandler
                0x60007d50        0x8 ./startup/startup_mimxrt1021.o
                0x60007d50                SPDIF_IRQHandler
 .text.PMU_IRQHandler
                0x60007d58        0x8 ./startup/startup_mimxrt1021.o
                0x60007d58                PMU_IRQHandler
 .text.Reserved78_IRQHandler
                0x60007d60        0x8 ./startup/startup_mimxrt1021.o
                0x60007d60                Reserved78_IRQHandler
 .text.TEMP_LOW_HIGH_IRQHandler
                0x60007d68        0x8 ./startup/startup_mimxrt1021.o
                0x60007d68                TEMP_LOW_HIGH_IRQHandler
 .text.TEMP_PANIC_IRQHandler
                0x60007d70        0x8 ./startup/startup_mimxrt1021.o
                0x60007d70                TEMP_PANIC_IRQHandler
 .text.USB_PHY_IRQHandler
                0x60007d78        0x8 ./startup/startup_mimxrt1021.o
                0x60007d78                USB_PHY_IRQHandler
 .text.Reserved82_IRQHandler
                0x60007d80        0x8 ./startup/startup_mimxrt1021.o
                0x60007d80                Reserved82_IRQHandler
 .text.ADC1_IRQHandler
                0x60007d88        0x8 ./startup/startup_mimxrt1021.o
                0x60007d88                ADC1_IRQHandler
 .text.ADC2_IRQHandler
                0x60007d90        0x8 ./startup/startup_mimxrt1021.o
                0x60007d90                ADC2_IRQHandler
 .text.DCDC_IRQHandler
                0x60007d98        0x8 ./startup/startup_mimxrt1021.o
                0x60007d98                DCDC_IRQHandler
 .text.Reserved86_IRQHandler
                0x60007da0        0x8 ./startup/startup_mimxrt1021.o
                0x60007da0                Reserved86_IRQHandler
 .text.Reserved87_IRQHandler
                0x60007da8        0x8 ./startup/startup_mimxrt1021.o
                0x60007da8                Reserved87_IRQHandler
 .text.GPIO1_INT0_IRQHandler
                0x60007db0        0x8 ./startup/startup_mimxrt1021.o
                0x60007db0                GPIO1_INT0_IRQHandler
 .text.GPIO1_INT1_IRQHandler
                0x60007db8        0x8 ./startup/startup_mimxrt1021.o
                0x60007db8                GPIO1_INT1_IRQHandler
 .text.GPIO1_INT2_IRQHandler
                0x60007dc0        0x8 ./startup/startup_mimxrt1021.o
                0x60007dc0                GPIO1_INT2_IRQHandler
 .text.GPIO1_INT3_IRQHandler
                0x60007dc8        0x8 ./startup/startup_mimxrt1021.o
                0x60007dc8                GPIO1_INT3_IRQHandler
 .text.GPIO1_INT4_IRQHandler
                0x60007dd0        0x8 ./startup/startup_mimxrt1021.o
                0x60007dd0                GPIO1_INT4_IRQHandler
 .text.GPIO1_INT5_IRQHandler
                0x60007dd8        0x8 ./startup/startup_mimxrt1021.o
                0x60007dd8                GPIO1_INT5_IRQHandler
 .text.GPIO1_INT6_IRQHandler
                0x60007de0        0x8 ./startup/startup_mimxrt1021.o
                0x60007de0                GPIO1_INT6_IRQHandler
 .text.GPIO1_INT7_IRQHandler
                0x60007de8        0x8 ./startup/startup_mimxrt1021.o
                0x60007de8                GPIO1_INT7_IRQHandler
 .text.GPIO1_Combined_0_15_IRQHandler
                0x60007df0        0x8 ./startup/startup_mimxrt1021.o
                0x60007df0                GPIO1_Combined_0_15_IRQHandler
 .text.GPIO1_Combined_16_31_IRQHandler
                0x60007df8        0x8 ./startup/startup_mimxrt1021.o
                0x60007df8                GPIO1_Combined_16_31_IRQHandler
 .text.GPIO2_Combined_0_15_IRQHandler
                0x60007e00        0x8 ./startup/startup_mimxrt1021.o
                0x60007e00                GPIO2_Combined_0_15_IRQHandler
 .text.GPIO2_Combined_16_31_IRQHandler
                0x60007e08        0x8 ./startup/startup_mimxrt1021.o
                0x60007e08                GPIO2_Combined_16_31_IRQHandler
 .text.GPIO3_Combined_0_15_IRQHandler
                0x60007e10        0x8 ./startup/startup_mimxrt1021.o
                0x60007e10                GPIO3_Combined_0_15_IRQHandler
 .text.GPIO3_Combined_16_31_IRQHandler
                0x60007e18        0x8 ./startup/startup_mimxrt1021.o
                0x60007e18                GPIO3_Combined_16_31_IRQHandler
 .text.Reserved102_IRQHandler
                0x60007e20        0x8 ./startup/startup_mimxrt1021.o
                0x60007e20                Reserved102_IRQHandler
 .text.Reserved103_IRQHandler
                0x60007e28        0x8 ./startup/startup_mimxrt1021.o
                0x60007e28                Reserved103_IRQHandler
 .text.GPIO5_Combined_0_15_IRQHandler
                0x60007e30        0x8 ./startup/startup_mimxrt1021.o
                0x60007e30                GPIO5_Combined_0_15_IRQHandler
 .text.GPIO5_Combined_16_31_IRQHandler
                0x60007e38        0x8 ./startup/startup_mimxrt1021.o
                0x60007e38                GPIO5_Combined_16_31_IRQHandler
 .text.FLEXIO1_IRQHandler
                0x60007e40        0x8 ./startup/startup_mimxrt1021.o
                0x60007e40                FLEXIO1_IRQHandler
 .text.Reserved107_IRQHandler
                0x60007e48        0x8 ./startup/startup_mimxrt1021.o
                0x60007e48                Reserved107_IRQHandler
 .text.WDOG1_IRQHandler
                0x60007e50        0x8 ./startup/startup_mimxrt1021.o
                0x60007e50                WDOG1_IRQHandler
 .text.RTWDOG_IRQHandler
                0x60007e58        0x8 ./startup/startup_mimxrt1021.o
                0x60007e58                RTWDOG_IRQHandler
 .text.EWM_IRQHandler
                0x60007e60        0x8 ./startup/startup_mimxrt1021.o
                0x60007e60                EWM_IRQHandler
 .text.CCM_1_IRQHandler
                0x60007e68        0x8 ./startup/startup_mimxrt1021.o
                0x60007e68                CCM_1_IRQHandler
 .text.CCM_2_IRQHandler
                0x60007e70        0x8 ./startup/startup_mimxrt1021.o
                0x60007e70                CCM_2_IRQHandler
 .text.GPC_IRQHandler
                0x60007e78        0x8 ./startup/startup_mimxrt1021.o
                0x60007e78                GPC_IRQHandler
 .text.SRC_IRQHandler
                0x60007e80        0x8 ./startup/startup_mimxrt1021.o
                0x60007e80                SRC_IRQHandler
 .text.Reserved115_IRQHandler
                0x60007e88        0x8 ./startup/startup_mimxrt1021.o
                0x60007e88                Reserved115_IRQHandler
 .text.GPT1_IRQHandler
                0x60007e90        0x8 ./startup/startup_mimxrt1021.o
                0x60007e90                GPT1_IRQHandler
 .text.GPT2_IRQHandler
                0x60007e98        0x8 ./startup/startup_mimxrt1021.o
                0x60007e98                GPT2_IRQHandler
 .text.PWM1_0_IRQHandler
                0x60007ea0        0x8 ./startup/startup_mimxrt1021.o
                0x60007ea0                PWM1_0_IRQHandler
 .text.PWM1_1_IRQHandler
                0x60007ea8        0x8 ./startup/startup_mimxrt1021.o
                0x60007ea8                PWM1_1_IRQHandler
 .text.PWM1_2_IRQHandler
                0x60007eb0        0x8 ./startup/startup_mimxrt1021.o
                0x60007eb0                PWM1_2_IRQHandler
 .text.PWM1_3_IRQHandler
                0x60007eb8        0x8 ./startup/startup_mimxrt1021.o
                0x60007eb8                PWM1_3_IRQHandler
 .text.PWM1_FAULT_IRQHandler
                0x60007ec0        0x8 ./startup/startup_mimxrt1021.o
                0x60007ec0                PWM1_FAULT_IRQHandler
 .text.Reserved123_IRQHandler
                0x60007ec8        0x8 ./startup/startup_mimxrt1021.o
                0x60007ec8                Reserved123_IRQHandler
 .text.FLEXSPI_IRQHandler
                0x60007ed0        0x8 ./startup/startup_mimxrt1021.o
                0x60007ed0                FLEXSPI_IRQHandler
 .text.SEMC_IRQHandler
                0x60007ed8        0x8 ./startup/startup_mimxrt1021.o
                0x60007ed8                SEMC_IRQHandler
 .text.USDHC1_IRQHandler
                0x60007ee0        0x8 ./startup/startup_mimxrt1021.o
                0x60007ee0                USDHC1_IRQHandler
 .text.USDHC2_IRQHandler
                0x60007ee8        0x8 ./startup/startup_mimxrt1021.o
                0x60007ee8                USDHC2_IRQHandler
 .text.Reserved128_IRQHandler
                0x60007ef0        0x8 ./startup/startup_mimxrt1021.o
                0x60007ef0                Reserved128_IRQHandler
 .text.USB_OTG1_IRQHandler
                0x60007ef8        0x8 ./startup/startup_mimxrt1021.o
                0x60007ef8                USB_OTG1_IRQHandler
 .text.ENET_IRQHandler
                0x60007f00        0x8 ./startup/startup_mimxrt1021.o
                0x60007f00                ENET_IRQHandler
 .text.ENET_1588_Timer_IRQHandler
                0x60007f08        0x8 ./startup/startup_mimxrt1021.o
                0x60007f08                ENET_1588_Timer_IRQHandler
 .text.XBAR1_IRQ_0_1_IRQHandler
                0x60007f10        0x8 ./startup/startup_mimxrt1021.o
                0x60007f10                XBAR1_IRQ_0_1_IRQHandler
 .text.XBAR1_IRQ_2_3_IRQHandler
                0x60007f18        0x8 ./startup/startup_mimxrt1021.o
                0x60007f18                XBAR1_IRQ_2_3_IRQHandler
 .text.ADC_ETC_IRQ2_IRQHandler
                0x60007f20        0x8 ./startup/startup_mimxrt1021.o
                0x60007f20                ADC_ETC_IRQ2_IRQHandler
 .text.ADC_ETC_ERROR_IRQ_IRQHandler
                0x60007f28        0x8 ./startup/startup_mimxrt1021.o
                0x60007f28                ADC_ETC_ERROR_IRQ_IRQHandler
 .text.PIT_IRQHandler
                0x60007f30        0x8 ./startup/startup_mimxrt1021.o
                0x60007f30                PIT_IRQHandler
 .text.ACMP1_IRQHandler
                0x60007f38        0x8 ./startup/startup_mimxrt1021.o
                0x60007f38                ACMP1_IRQHandler
 .text.ACMP2_IRQHandler
                0x60007f40        0x8 ./startup/startup_mimxrt1021.o
                0x60007f40                ACMP2_IRQHandler
 .text.ACMP3_IRQHandler
                0x60007f48        0x8 ./startup/startup_mimxrt1021.o
                0x60007f48                ACMP3_IRQHandler
 .text.ACMP4_IRQHandler
                0x60007f50        0x8 ./startup/startup_mimxrt1021.o
                0x60007f50                ACMP4_IRQHandler
 .text.Reserved143_IRQHandler
                0x60007f58        0x8 ./startup/startup_mimxrt1021.o
                0x60007f58                Reserved143_IRQHandler
 .text.Reserved144_IRQHandler
                0x60007f60        0x8 ./startup/startup_mimxrt1021.o
                0x60007f60                Reserved144_IRQHandler
 .text.ENC1_IRQHandler
                0x60007f68        0x8 ./startup/startup_mimxrt1021.o
                0x60007f68                ENC1_IRQHandler
 .text.ENC2_IRQHandler
                0x60007f70        0x8 ./startup/startup_mimxrt1021.o
                0x60007f70                ENC2_IRQHandler
 .text.Reserved147_IRQHandler
                0x60007f78        0x8 ./startup/startup_mimxrt1021.o
                0x60007f78                Reserved147_IRQHandler
 .text.Reserved148_IRQHandler
                0x60007f80        0x8 ./startup/startup_mimxrt1021.o
                0x60007f80                Reserved148_IRQHandler
 .text.TMR1_IRQHandler
                0x60007f88        0x8 ./startup/startup_mimxrt1021.o
                0x60007f88                TMR1_IRQHandler
 .text.TMR2_IRQHandler
                0x60007f90        0x8 ./startup/startup_mimxrt1021.o
                0x60007f90                TMR2_IRQHandler
 .text.Reserved151_IRQHandler
                0x60007f98        0x8 ./startup/startup_mimxrt1021.o
                0x60007f98                Reserved151_IRQHandler
 .text.Reserved152_IRQHandler
                0x60007fa0        0x8 ./startup/startup_mimxrt1021.o
                0x60007fa0                Reserved152_IRQHandler
 .text.PWM2_0_IRQHandler
                0x60007fa8        0x8 ./startup/startup_mimxrt1021.o
                0x60007fa8                PWM2_0_IRQHandler
 .text.PWM2_1_IRQHandler
                0x60007fb0        0x8 ./startup/startup_mimxrt1021.o
                0x60007fb0                PWM2_1_IRQHandler
 .text.PWM2_2_IRQHandler
                0x60007fb8        0x8 ./startup/startup_mimxrt1021.o
                0x60007fb8                PWM2_2_IRQHandler
 .text.PWM2_3_IRQHandler
                0x60007fc0        0x8 ./startup/startup_mimxrt1021.o
                0x60007fc0                PWM2_3_IRQHandler
 .text.PWM2_FAULT_IRQHandler
                0x60007fc8        0x8 ./startup/startup_mimxrt1021.o
                0x60007fc8                PWM2_FAULT_IRQHandler
 .text.CLOCK_EnableClock
                0x60007fd0       0x1e ./samplingModule/adcDriver.o
 .text.PIT_SetTimerPeriod
                0x60007fee       0x28 ./samplingModule/adcDriver.o
 .text.PIT_StartTimer
                0x60008016       0x38 ./samplingModule/adcDriver.o
 .text.ADC_EnableHardwareTrigger
                0x6000804e       0x38 ./samplingModule/adcDriver.o
 .text.IOMUXC_SetPinConfig
                0x60008086       0x26 ./samplingModule/adcDriver.o
 .text.IOMUXC_SetPinMux
                0x600080ac       0x3a ./ledModule/ledModule.o
 .text.IOMUXC_SetPinConfig
                0x600080e6       0x26 ./ledModule/ledModule.o
 .text.vListInitialise
                0x6000810c       0x40 ./freertos/freertos_kernel/list.o
                0x6000810c                vListInitialise
 .text.vListInitialiseItem
                0x6000814c       0x1a ./freertos/freertos_kernel/list.o
                0x6000814c                vListInitialiseItem
 .text.vListInsertEnd
                0x60008166       0x48 ./freertos/freertos_kernel/list.o
                0x60008166                vListInsertEnd
 .text.vListInsert
                0x600081ae       0x72 ./freertos/freertos_kernel/list.o
                0x600081ae                vListInsert
 .text.uxListRemove
                0x60008220       0x54 ./freertos/freertos_kernel/list.o
                0x60008220                uxListRemove
 .text.xQueueGenericCreate
                0x60008274       0x6c ./freertos/freertos_kernel/queue.o
                0x60008274                xQueueGenericCreate
 .text.prvInitialiseNewQueue
                0x600082e0       0x46 ./freertos/freertos_kernel/queue.o
 .text.xQueueGenericSendFromISR
                0x60008326      0x136 ./freertos/freertos_kernel/queue.o
                0x60008326                xQueueGenericSendFromISR
 .text.prvCopyDataToQueue
                0x6000845c       0xd4 ./freertos/freertos_kernel/queue.o
 .text.prvCopyDataFromQueue
                0x60008530       0x4c ./freertos/freertos_kernel/queue.o
 .text.prvUnlockQueue
                0x6000857c       0xa4 ./freertos/freertos_kernel/queue.o
 .text.prvIsQueueEmpty
                0x60008620       0x2c ./freertos/freertos_kernel/queue.o
 .text.prvIsQueueFull
                0x6000864c       0x30 ./freertos/freertos_kernel/queue.o
 .text.vQueueWaitForMessageRestricted
                0x6000867c       0x68 ./freertos/freertos_kernel/queue.o
                0x6000867c                vQueueWaitForMessageRestricted
 .text.xTaskCreate
                0x600086e4       0x82 ./freertos/freertos_kernel/tasks.o
                0x600086e4                xTaskCreate
 .text.prvInitialiseNewTask
                0x60008766      0x13c ./freertos/freertos_kernel/tasks.o
 .text.prvDeleteTCB
                0x600088a2       0x20 ./freertos/freertos_kernel/tasks.o
 .text.prvTimerTask
                0x600088c2       0x24 ./freertos/freertos_kernel/timers.o
 .text.CLOCK_EnableClock
                0x600088e6       0x1e ./drivers/fsl_adc.o
 .text.ADC_EnableHardwareTrigger
                0x60008904       0x38 ./drivers/fsl_adc.o
 .text.ADC_GetStatusFlags
                0x6000893c       0x18 ./drivers/fsl_adc.o
 .text.ADC_DoAutoCalibration
                0x60008954       0xa4 ./drivers/fsl_adc.o
                0x60008954                ADC_DoAutoCalibration
 .text.ADC_ETC_DoSoftwareReset
                0x600089f8       0x38 ./drivers/fsl_adc_etc.o
 .text.ADC_ETC_GetDefaultConfig
                0x60008a30       0x44 ./drivers/fsl_adc_etc.o
                0x60008a30                ADC_ETC_GetDefaultConfig
 .text.ADC_ETC_ClearInterruptStatusFlags
                0x60008a74       0x6e ./drivers/fsl_adc_etc.o
                0x60008a74                ADC_ETC_ClearInterruptStatusFlags
 .text.CLOCK_EnableClock
                0x60008ae2       0x1e ./drivers/fsl_gpio.o
 .text.GPIO_SetPinInterruptConfig
                0x60008b00       0x22 ./drivers/fsl_gpio.o
 .text.LPUART_EnableInterrupts
                0x60008b22       0x52 ./drivers/fsl_lpuart.o
                0x60008b22                LPUART_EnableInterrupts
 .text.LPUART_DisableInterrupts
                0x60008b74       0x58 ./drivers/fsl_lpuart.o
                0x60008b74                LPUART_DisableInterrupts
 .text.LPUART_GetStatusFlags
                0x60008bcc       0x2c ./drivers/fsl_lpuart.o
                0x60008bcc                LPUART_GetStatusFlags
 .text.CLOCK_EnableClock
                0x60008bf8       0x1e ./drivers/fsl_pit.o
 .text.CLOCK_EnableClock
                0x60008c16       0x1e ./drivers/fsl_xbara.o
 .text.XBARA_Init
                0x60008c34       0x20 ./drivers/fsl_xbara.o
                0x60008c34                XBARA_Init
 .text.XBARA_SetSignalsConnection
                0x60008c54       0x5a ./drivers/fsl_xbara.o
                0x60008c54                XBARA_SetSignalsConnection
 .text.SystemInitHook
                0x60008cae        0xe ./device/system_MIMXRT1021.o
                0x60008cae                SystemInitHook
 .text.LPUART_WriteByte
                0x60008cbc       0x1e ./component/uart/lpuart_adapter.o
 .text.LPUART_ReadByte
                0x60008cda       0x6e ./component/uart/lpuart_adapter.o
 .text.LPUART1_IRQHandler
                0x60008d48       0x14 ./component/uart/lpuart_adapter.o
                0x60008d48                LPUART1_IRQHandler
 .text.LPUART2_IRQHandler
                0x60008d5c       0x14 ./component/uart/lpuart_adapter.o
                0x60008d5c                LPUART2_IRQHandler
 .text.LPUART3_IRQHandler
                0x60008d70       0x14 ./component/uart/lpuart_adapter.o
                0x60008d70                LPUART3_IRQHandler
 .text.LPUART4_IRQHandler
                0x60008d84       0x14 ./component/uart/lpuart_adapter.o
                0x60008d84                LPUART4_IRQHandler
 .text.LPUART5_IRQHandler
                0x60008d98       0x14 ./component/uart/lpuart_adapter.o
                0x60008d98                LPUART5_IRQHandler
 .text.LPUART6_IRQHandler
                0x60008dac       0x14 ./component/uart/lpuart_adapter.o
                0x60008dac                LPUART6_IRQHandler
 .text.LPUART7_IRQHandler
                0x60008dc0       0x14 ./component/uart/lpuart_adapter.o
                0x60008dc0                LPUART7_IRQHandler
 .text.LPUART8_IRQHandler
                0x60008dd4       0x14 ./component/uart/lpuart_adapter.o
                0x60008dd4                LPUART8_IRQHandler
 .text.DisableGlobalIRQ
                0x60008de8       0x22 ./component/serial_manager/serial_manager.o
 .text.EnableGlobalIRQ
                0x60008e0a       0x20 ./component/serial_manager/serial_manager.o
 .text.SerialManager_AddTail
                0x60008e2a       0x1c ./component/serial_manager/serial_manager.o
 .text.SerialManager_StartWriting
                0x60008e46       0x56 ./component/serial_manager/serial_manager.o
 .text.SerialManager_IsrFunction
                0x60008e9c       0x34 ./component/serial_manager/serial_manager.o
 .text.SerialManager_WriteNonBlocking
                0x60008ed0       0x22 ./component/serial_manager/serial_manager.o
                0x60008ed0                SerialManager_WriteNonBlocking
 .text.DisableGlobalIRQ
                0x60008ef2       0x22 ./component/lists/generic_list.o
 .text.EnableGlobalIRQ
                0x60008f14       0x20 ./component/lists/generic_list.o
 .text.LIST_Error_Check
                0x60008f34       0x5a ./component/lists/generic_list.o
 .text.LIST_AddTail
                0x60008f8e       0x74 ./component/lists/generic_list.o
                0x60008f8e                LIST_AddTail
 .text.LIST_GetHead
                0x60009002       0x18 ./component/lists/generic_list.o
                0x60009002                LIST_GetHead
 .text.CLOCK_DisableClock
                0x6000901a       0x1e ./board/clock_config.o
 .text.CLOCK_SetPllBypass
                0x60009038       0x4e ./board/clock_config.o
 .text.IOMUXC_SetSaiMClkClockSource
                0x60009086       0x6c ./board/clock_config.o
 .text.CLOCK_EnableClock
                0x600090f2       0x1e ./board/pin_mux.o
 .text.IOMUXC_SetPinMux
                0x60009110       0x3a ./board/pin_mux.o
 .text.IOMUXC_SetPinConfig
                0x6000914a       0x26 ./board/pin_mux.o
 .text.__main   0x60009170        0xe d:/program_files/mcuxpressoide_11.2.1_4149/ide/plugins/com.nxp.mcuxpresso.tools.win32_11.2.0.202008311134/tools/bin/../lib/gcc/arm-none-eabi/9.2.1/../../../../arm-none-eabi/lib/thumb/v7e-m+dp/hard\libcr_nohost_nf.a(_cr__main.o)
                0x60009170                __main
 .text.memcpy   0x6000917e        0x4 d:/program_files/mcuxpressoide_11.2.1_4149/ide/plugins/com.nxp.mcuxpresso.tools.win32_11.2.0.202008311134/tools/bin/../lib/gcc/arm-none-eabi/9.2.1/../../../../arm-none-eabi/lib/thumb/v7e-m+dp/hard\libcr_c.a(memcpy.o)
                0x6000917e                memcpy
 .text.memset   0x60009182        0x4 d:/program_files/mcuxpressoide_11.2.1_4149/ide/plugins/com.nxp.mcuxpresso.tools.win32_11.2.0.202008311134/tools/bin/../lib/gcc/arm-none-eabi/9.2.1/../../../../arm-none-eabi/lib/thumb/v7e-m+dp/hard\libcr_c.a(memset.o)
                0x60009182                memset
 .text.free     0x60009186       0x30 d:/program_files/mcuxpressoide_11.2.1_4149/ide/plugins/com.nxp.mcuxpresso.tools.win32_11.2.0.202008311134/tools/bin/../lib/gcc/arm-none-eabi/9.2.1/../../../../arm-none-eabi/lib/thumb/v7e-m+dp/hard\libcr_c.a(alloc.o)
                0x60009186                free
 .text.setvbuf  0x600091b6       0x3e d:/program_files/mcuxpressoide_11.2.1_4149/ide/plugins/com.nxp.mcuxpresso.tools.win32_11.2.0.202008311134/tools/bin/../lib/gcc/arm-none-eabi/9.2.1/../../../../arm-none-eabi/lib/thumb/v7e-m+dp/hard\libcr_c.a(setvbuf.o)
                0x600091b6                setvbuf
 .text.strlen   0x600091f4       0x4c d:/program_files/mcuxpressoide_11.2.1_4149/ide/plugins/com.nxp.mcuxpresso.tools.win32_11.2.0.202008311134/tools/bin/../lib/gcc/arm-none-eabi/9.2.1/../../../../arm-none-eabi/lib/thumb/v7e-m+dp/hard\libcr_c.a(strlen.o)
                0x600091f4                strlen
 .text._deferredlazyseek
                0x60009240       0x40 d:/program_files/mcuxpressoide_11.2.1_4149/ide/plugins/com.nxp.mcuxpresso.tools.win32_11.2.0.202008311134/tools/bin/../lib/gcc/arm-none-eabi/9.2.1/../../../../arm-none-eabi/lib/thumb/v7e-m+dp/hard\libcr_c.a(_deferredlazyseek.o)
                0x60009240                _deferredlazyseek
 .text._fdopen  0x60009280       0x68 d:/program_files/mcuxpressoide_11.2.1_4149/ide/plugins/com.nxp.mcuxpresso.tools.win32_11.2.0.202008311134/tools/bin/../lib/gcc/arm-none-eabi/9.2.1/../../../../arm-none-eabi/lib/thumb/v7e-m+dp/hard\libcr_c.a(_fdopen.o)
                0x60009280                _fdopen
 .text._fflush  0x600092e8       0x52 d:/program_files/mcuxpressoide_11.2.1_4149/ide/plugins/com.nxp.mcuxpresso.tools.win32_11.2.0.202008311134/tools/bin/../lib/gcc/arm-none-eabi/9.2.1/../../../../arm-none-eabi/lib/thumb/v7e-m+dp/hard\libcr_c.a(_fflush.o)
                0x600092e8                _fflush
 .text.fclose   0x6000933a       0x58 d:/program_files/mcuxpressoide_11.2.1_4149/ide/plugins/com.nxp.mcuxpresso.tools.win32_11.2.0.202008311134/tools/bin/../lib/gcc/arm-none-eabi/9.2.1/../../../../arm-none-eabi/lib/thumb/v7e-m+dp/hard\libcr_c.a(fclose.o)
                0x6000933a                fclose
 .text.remove   0x60009392       0x14 d:/program_files/mcuxpressoide_11.2.1_4149/ide/plugins/com.nxp.mcuxpresso.tools.win32_11.2.0.202008311134/tools/bin/../lib/gcc/arm-none-eabi/9.2.1/../../../../arm-none-eabi/lib/thumb/v7e-m+dp/hard\libcr_c.a(remove.o)
                0x60009392                remove
 .text._do_fflush
                0x600093a6       0x40 d:/program_files/mcuxpressoide_11.2.1_4149/ide/plugins/com.nxp.mcuxpresso.tools.win32_11.2.0.202008311134/tools/bin/../lib/gcc/arm-none-eabi/9.2.1/../../../../arm-none-eabi/lib/thumb/v7e-m+dp/hard\libcr_c.a(_do_fflush.o)
                0x600093a6                _do_fflush
 .text.__aeabi_memcpy
                0x600093e6       0x34 d:/program_files/mcuxpressoide_11.2.1_4149/ide/plugins/com.nxp.mcuxpresso.tools.win32_11.2.0.202008311134/tools/bin/../lib/gcc/arm-none-eabi/9.2.1/thumb/v7e-m+dp/hard\libcr_eabihelpers.a(memcpy.o)
                0x600093e6                __aeabi_memcpy
                0x600093f0                __aeabi_memcpy8
                0x600093f0                __aeabi_memcpy4
 .text.__aeabi_memset_lowlevel
                0x6000941a       0x32 d:/program_files/mcuxpressoide_11.2.1_4149/ide/plugins/com.nxp.mcuxpresso.tools.win32_11.2.0.202008311134/tools/bin/../lib/gcc/arm-none-eabi/9.2.1/thumb/v7e-m+dp/hard\libcr_eabihelpers.a(memcpy.o)
                0x6000941a                __aeabi_lowlevel_memset
 .text.__sys_close
                0x6000944c        0x6 d:/program_files/mcuxpressoide_11.2.1_4149/ide/plugins/com.nxp.mcuxpresso.tools.win32_11.2.0.202008311134/tools/bin/../lib/gcc/arm-none-eabi/9.2.1/../../../../arm-none-eabi/lib/thumb/v7e-m+dp/hard\libcr_nohost_nf.a(__sys_close.o)
                0x6000944c                __sys_close
 .text.__sys_flen
                0x60009452        0x6 d:/program_files/mcuxpressoide_11.2.1_4149/ide/plugins/com.nxp.mcuxpresso.tools.win32_11.2.0.202008311134/tools/bin/../lib/gcc/arm-none-eabi/9.2.1/../../../../arm-none-eabi/lib/thumb/v7e-m+dp/hard\libcr_nohost_nf.a(__sys_flen.o)
                0x60009452                __sys_flen
 .text.__sys_istty
                0x60009458        0x6 d:/program_files/mcuxpressoide_11.2.1_4149/ide/plugins/com.nxp.mcuxpresso.tools.win32_11.2.0.202008311134/tools/bin/../lib/gcc/arm-none-eabi/9.2.1/../../../../arm-none-eabi/lib/thumb/v7e-m+dp/hard\libcr_nohost_nf.a(__sys_istty.o)
                0x60009458                __sys_istty
 .text.__sys_remove
                0x6000945e        0x6 d:/program_files/mcuxpressoide_11.2.1_4149/ide/plugins/com.nxp.mcuxpresso.tools.win32_11.2.0.202008311134/tools/bin/../lib/gcc/arm-none-eabi/9.2.1/../../../../arm-none-eabi/lib/thumb/v7e-m+dp/hard\libcr_nohost_nf.a(__sys_remove.o)
                0x6000945e                __sys_remove
 .text.__sys_seek
                0x60009464        0x6 d:/program_files/mcuxpressoide_11.2.1_4149/ide/plugins/com.nxp.mcuxpresso.tools.win32_11.2.0.202008311134/tools/bin/../lib/gcc/arm-none-eabi/9.2.1/../../../../arm-none-eabi/lib/thumb/v7e-m+dp/hard\libcr_nohost_nf.a(__sys_seek.o)
                0x60009464                __sys_seek
 .text.__sys_tmpnam
                0x6000946a        0x6 d:/program_files/mcuxpressoide_11.2.1_4149/ide/plugins/com.nxp.mcuxpresso.tools.win32_11.2.0.202008311134/tools/bin/../lib/gcc/arm-none-eabi/9.2.1/../../../../arm-none-eabi/lib/thumb/v7e-m+dp/hard\libcr_nohost_nf.a(__sys_tmpnam.o)
                0x6000946a                __sys_tmpnam
 .text.__sys_write
                0x60009470        0x4 d:/program_files/mcuxpressoide_11.2.1_4149/ide/plugins/com.nxp.mcuxpresso.tools.win32_11.2.0.202008311134/tools/bin/../lib/gcc/arm-none-eabi/9.2.1/../../../../arm-none-eabi/lib/thumb/v7e-m+dp/hard\libcr_nohost_nf.a(__sys_write.o)
                0x60009470                __sys_write
 *freertos*/tasks.o(SORT_BY_ALIGNMENT(.rodata*))
 .rodata.vTaskStartScheduler.str1.4
                0x60009474        0x5 ./freertos/freertos_kernel/tasks.o
 *fill*         0x60009479        0x3 ff
 .rodata.vTaskList.str1.4
                0x6000947c        0xf ./freertos/freertos_kernel/tasks.o
 *fill*         0x6000948b        0x1 ff
 .rodata        0x6000948c       0x1c ./freertos/freertos_kernel/tasks.o
                0x6000948c                portArch_Name
                0x60009490                FreeRTOSDebugConfig
 *(SORT_BY_ALIGNMENT(.rodata) SORT_BY_ALIGNMENT(.rodata.*) SORT_BY_ALIGNMENT(.constdata) SORT_BY_ALIGNMENT(.constdata.*))
 .rodata.__assertion_failed.str1.4
                0x600094a8       0x14 ./utilities/fsl_assert.o
 .rodata.DbgConsole_SendData.str1.4
                0x600094bc       0x4e ./utilities/fsl_debug_console.o
 *fill*         0x6000950a        0x2 ff
 .rodata.DbgConsole_SendDataReliable.str1.4
                0x6000950c       0x4e ./utilities/fsl_debug_console.o
 *fill*         0x6000955a        0x2 ff
 .rodata.CLOCK_SetMux.str1.4
                0x6000955c       0x78 ./samplingModule/adcDriver.o
 .rodata.CLOCK_SetDiv.str1.4
                0x600095d4       0x78 ./samplingModule/adcDriver.o
 .rodata.CLOCK_ControlGate.str1.4
                0x6000964c       0x67 ./samplingModule/adcDriver.o
 *fill*         0x600096b3        0x1 ff
 .rodata.PIT_GetDefaultConfig.str1.4
                0x600096b4       0x67 ./samplingModule/adcDriver.o
 *fill*         0x6000971b        0x1 ff
 .rodata.main.str1.4
                0x6000971c        0x8 ./main/main.o
 .rodata.xTimerCreateTimerTask.str1.4
                0x60009724        0x8 ./freertos/freertos_kernel/timers.o
 .rodata.prvCheckForValidListAndQueue.str1.4
                0x6000972c        0x5 ./freertos/freertos_kernel/timers.o
 *fill*         0x60009731        0x3 ff
 .rodata.CLOCK_ControlGate.str1.4
                0x60009734       0x20 ./drivers/fsl_adc.o
 .rodata.ADC_GetChannelConversionValue.str1.4
                0x60009754       0x49 ./drivers/fsl_adc.o
 *fill*         0x6000979d        0x3 ff
 .rodata.ADC_GetChannelStatusFlags.str1.4
                0x600097a0       0x49 ./drivers/fsl_adc.o
 *fill*         0x600097e9        0x3 ff
 .rodata.s_adcBases
                0x600097ec        0xc ./drivers/fsl_adc.o
 .rodata.s_adcClocks
                0x600097f8        0x6 ./drivers/fsl_adc.o
 *fill*         0x600097fe        0x2 ff
 .rodata.ADC_GetInstance.str1.4
                0x60009800       0x32 ./drivers/fsl_adc.o
 *fill*         0x60009832        0x2 ff
 .rodata.ADC_Init.str1.4
                0x60009834       0x1f ./drivers/fsl_adc.o
 *fill*         0x60009853        0x1 ff
 .rodata.ADC_GetDefaultConfig.str1.4
                0x60009854       0x20 ./drivers/fsl_adc.o
 .rodata.ADC_SetChannelConfig.str1.4
                0x60009874       0x69 ./drivers/fsl_adc.o
 *fill*         0x600098dd        0x3 ff
 .rodata.ADC_ETC_Init.str1.4
                0x600098e0       0x23 ./drivers/fsl_adc_etc.o
 *fill*         0x60009903        0x1 ff
 .rodata.ADC_ETC_SetTriggerConfig.str1.4
                0x60009904       0x80 ./drivers/fsl_adc_etc.o
 .rodata.ADC_ETC_SetTriggerChainConfig.str1.4
                0x60009984       0x5b ./drivers/fsl_adc_etc.o
 *fill*         0x600099df        0x1 ff
 .rodata.CLOCK_InitExternalClk.str1.4
                0x600099e0       0x22 ./drivers/fsl_clock.o
 *fill*         0x60009a02        0x2 ff
 .rodata.EDMA_GetChannelStatusFlags.str1.4
                0x60009a04       0x46 ./drivers/fsl_edma.o
 *fill*         0x60009a4a        0x2 ff
 .rodata.EDMA_HandleIRQ.str1.4
                0x60009a4c       0x22 ./drivers/fsl_edma.o
 .rodata.CLOCK_ControlGate.str1.4
                0x60009a6e       0x20 ./drivers/fsl_gpio.o
 *fill*         0x60009a6e        0x2 ff
 .rodata.s_gpioBases
                0x60009a70       0x18 ./drivers/fsl_gpio.o
 .rodata.s_gpioClock
                0x60009a88        0xc ./drivers/fsl_gpio.o
 .rodata.GPIO_GetInstance.str1.4
                0x60009a94       0x34 ./drivers/fsl_gpio.o
 .rodata.GPIO_PinWrite.str1.4
                0x60009ac8       0x1c ./drivers/fsl_gpio.o
 .rodata.CLOCK_ControlGate.str1.4
                0x60009ae4       0x20 ./drivers/fsl_pit.o
 .rodata.PIT_GetInstance.str1.4
                0x60009ae4       0x32 ./drivers/fsl_pit.o
 *fill*         0x60009b16        0x2 ff
 .rodata.PIT_Init.str1.4
                0x60009b18       0x1f ./drivers/fsl_pit.o
 .rodata.CLOCK_ControlGate.str1.4
                0x60009b37       0x20 ./drivers/fsl_xbara.o
 *fill*         0x60009b37        0x1 ff
 .rodata.XBARA_GetInstance.str1.4
                0x60009b38       0x36 ./drivers/fsl_xbara.o
 *fill*         0x60009b6e        0x2 ff
 .rodata.s_LpuartAdapterBase
                0x60009b70       0x24 ./component/uart/lpuart_adapter.o
 .rodata.HAL_UartSendNonBlocking.str1.4
                0x60009b94       0x5f ./component/uart/lpuart_adapter.o
 *fill*         0x60009bf3        0x1 ff
 .rodata.HAL_UartIsrFunction.str1.4
                0x60009bf4       0x1f ./component/uart/lpuart_adapter.o
 *fill*         0x60009c13        0x1 ff
 .rodata.SerialManager_Write.str1.4
                0x60009c14      0x145 ./component/serial_manager/serial_manager.o
 *fill*         0x60009d59        0x3 ff
 .rodata.Serial_UartWrite.str1.4
                0x60009d5c       0x6d ./component/serial_manager/serial_port_uart.o
 *fill*         0x60009dc9        0x3 ff
 .rodata.Serial_UartIsrFunction.str1.4
                0x60009dcc       0x27 ./component/serial_manager/serial_port_uart.o
 *fill*         0x60009df3        0x1 ff
 .rodata.BOARD_ConfigMPU.str1.4
                0x60009df4       0x6a ./board/board.o
 .rodata.CLOCK_SetMux.str1.4
                0x60009e5e       0x78 ./board/clock_config.o
 .rodata.CLOCK_SetDiv.str1.4
                0x60009e5e       0x78 ./board/clock_config.o
 .rodata.CLOCK_ControlGate.str1.4
                0x60009e5e       0x67 ./board/clock_config.o
 *fill*         0x60009e5e        0x2 ff
 .rodata.sysPllConfig_BOARD_BootClockRUN
                0x60009e60       0x14 ./board/clock_config.o
                0x60009e60                sysPllConfig_BOARD_BootClockRUN
 .rodata.enetPllConfig_BOARD_BootClockRUN
                0x60009e74        0x5 ./board/clock_config.o
                0x60009e74                enetPllConfig_BOARD_BootClockRUN
 .rodata.CLOCK_ControlGate.str1.4
                0x60009e79       0x67 ./board/pin_mux.o
 *fill*         0x60009e79        0x3 ff
 .rodata.__num_Ciob_streams
                0x60009e7c        0x4 d:/program_files/mcuxpressoide_11.2.1_4149/ide/plugins/com.nxp.mcuxpresso.tools.win32_11.2.0.202008311134/tools/bin/../lib/gcc/arm-none-eabi/9.2.1/../../../../arm-none-eabi/lib/thumb/v7e-m+dp/hard\libcr_nohost_nf.a(__ciob.o)
                0x60009e7c                __num_Ciob_streams
 .rodata._initio.str1.1
                0x60009e80        0x4 d:/program_files/mcuxpressoide_11.2.1_4149/ide/plugins/com.nxp.mcuxpresso.tools.win32_11.2.0.202008311134/tools/bin/../lib/gcc/arm-none-eabi/9.2.1/../../../../arm-none-eabi/lib/thumb/v7e-m+dp/hard\libcr_c.a(initio.o)
                0x60009e84                . = ALIGN (0x4)

.glue_7         0x60009e84        0x0
 .glue_7        0x60009e84        0x0 linker stubs

.glue_7t        0x60009e84        0x0
 .glue_7t       0x60009e84        0x0 linker stubs

.vfp11_veneer   0x60009e84        0x0
 .vfp11_veneer  0x60009e84        0x0 linker stubs

.v4_bx          0x60009e84        0x0
 .v4_bx         0x60009e84        0x0 linker stubs

.iplt           0x60009e84        0x0
 .iplt          0x60009e84        0x0 ./xip/evkmimxrt1020_flexspi_nor_config.o

.rel.dyn        0x60009e84        0x0
 .rel.iplt      0x60009e84        0x0 ./xip/evkmimxrt1020_flexspi_nor_config.o

.ARM.extab
 *(SORT_BY_ALIGNMENT(.ARM.extab*) SORT_BY_ALIGNMENT(.gnu.linkonce.armextab.*))

.ARM.exidx      0x60009e84        0x0
                0x60009e84                __exidx_start = .
 *(SORT_BY_ALIGNMENT(.ARM.exidx*) SORT_BY_ALIGNMENT(.gnu.linkonce.armexidx.*))
                0x60009e84                __exidx_end = .
                0x60009e84                _etext = .

.data_RAM2      0x00000000        0x0 load address 0x60009e84
 FILL mask 0xff
                [!provide]                PROVIDE (__start_data_RAM2 = .)
                [!provide]                PROVIDE (__start_data_SRAM_ITC = .)
 *(SORT_BY_ALIGNMENT(.ramfunc.$RAM2))
 *(SORT_BY_ALIGNMENT(.ramfunc.$SRAM_ITC))
 *(SORT_BY_ALIGNMENT(.data.$RAM2))
 *(SORT_BY_ALIGNMENT(.data.$SRAM_ITC))
 *(SORT_BY_ALIGNMENT(.data.$RAM2.*))
 *(SORT_BY_ALIGNMENT(.data.$SRAM_ITC.*))
                0x00000000                . = ALIGN (0x4)
                [!provide]                PROVIDE (__end_data_RAM2 = .)
                [!provide]                PROVIDE (__end_data_SRAM_ITC = .)

.data_RAM3      0x20200000        0x0 load address 0x60009e84
 FILL mask 0xff
                [!provide]                PROVIDE (__start_data_RAM3 = .)
                [!provide]                PROVIDE (__start_data_SRAM_OC = .)
 *(SORT_BY_ALIGNMENT(.ramfunc.$RAM3))
 *(SORT_BY_ALIGNMENT(.ramfunc.$SRAM_OC))
 *(SORT_BY_ALIGNMENT(.data.$RAM3))
 *(SORT_BY_ALIGNMENT(.data.$SRAM_OC))
 *(SORT_BY_ALIGNMENT(.data.$RAM3.*))
 *(SORT_BY_ALIGNMENT(.data.$SRAM_OC.*))
                0x20200000                . = ALIGN (0x4)
                [!provide]                PROVIDE (__end_data_RAM3 = .)
                [!provide]                PROVIDE (__end_data_SRAM_OC = .)

.data_RAM4      0x80000000        0x0 load address 0x60009e84
 FILL mask 0xff
                [!provide]                PROVIDE (__start_data_RAM4 = .)
                [!provide]                PROVIDE (__start_data_BOARD_SDRAM = .)
 *(SORT_BY_ALIGNMENT(.ramfunc.$RAM4))
 *(SORT_BY_ALIGNMENT(.ramfunc.$BOARD_SDRAM))
 *(SORT_BY_ALIGNMENT(.data.$RAM4))
 *(SORT_BY_ALIGNMENT(.data.$BOARD_SDRAM))
 *(SORT_BY_ALIGNMENT(.data.$RAM4.*))
 *(SORT_BY_ALIGNMENT(.data.$BOARD_SDRAM.*))
                0x80000000                . = ALIGN (0x4)
                [!provide]                PROVIDE (__end_data_RAM4 = .)
                [!provide]                PROVIDE (__end_data_BOARD_SDRAM = .)

.data_RAM5      0x81e00000        0x0 load address 0x60009e84
 FILL mask 0xff
                [!provide]                PROVIDE (__start_data_RAM5 = .)
                [!provide]                PROVIDE (__start_data_NCACHE_REGION = .)
 *(SORT_BY_ALIGNMENT(.ramfunc.$RAM5))
 *(SORT_BY_ALIGNMENT(.ramfunc.$NCACHE_REGION))
 *(SORT_BY_ALIGNMENT(.data.$RAM5))
 *(SORT_BY_ALIGNMENT(.data.$NCACHE_REGION))
 *(SORT_BY_ALIGNMENT(.data.$RAM5.*))
 *(SORT_BY_ALIGNMENT(.data.$NCACHE_REGION.*))
                0x81e00000                . = ALIGN (0x4)
                [!provide]                PROVIDE (__end_data_RAM5 = .)
                [!provide]                PROVIDE (__end_data_NCACHE_REGION = .)

.uninit_RESERVED
                0x20000000        0x0
                0x20000000                _start_uninit_RESERVED = .
 *(SORT_BY_ALIGNMENT(.bss.$RESERVED*))
                0x20000000                . = ALIGN (0x4)
                0x20000000                _end_uninit_RESERVED = .

.data           0x20000000        0x8 load address 0x60009e84
 FILL mask 0xff
                0x20000000                _data = .
                [!provide]                PROVIDE (__start_data_RAM = .)
                [!provide]                PROVIDE (__start_data_SRAM_DTC = .)
 *(SORT_BY_ALIGNMENT(vtable))
 *(SORT_BY_ALIGNMENT(.ramfunc*))
 *(SORT_BY_ALIGNMENT(CodeQuickAccess))
 *(SORT_BY_ALIGNMENT(DataQuickAccess))
 *(SORT_BY_ALIGNMENT(RamFunction))
 *(SORT_BY_ALIGNMENT(NonCacheable.init))
 *(SORT_BY_ALIGNMENT(.data*))
 .data.uxCriticalNesting
                0x20000000        0x4 ./freertos/freertos_kernel/portable/GCC/ARM_CM4F/port.o
 .data.SystemCoreClock
                0x20000004        0x4 ./device/system_MIMXRT1021.o
                0x20000004                SystemCoreClock
                0x20000008                . = ALIGN (0x4)
                0x20000008                _edata = .
                [!provide]                PROVIDE (__end_data_RAM = .)
                [!provide]                PROVIDE (__end_data_SRAM_DTC = .)

.igot.plt       0x20000008        0x0 load address 0x60009e8c
 .igot.plt      0x20000008        0x0 ./xip/evkmimxrt1020_flexspi_nor_config.o

.bss_RAM2       0x00000000        0x0
                [!provide]                PROVIDE (__start_bss_RAM2 = .)
                [!provide]                PROVIDE (__start_bss_SRAM_ITC = .)
 *(SORT_BY_ALIGNMENT(.bss.$RAM2))
 *(SORT_BY_ALIGNMENT(.bss.$SRAM_ITC))
 *(SORT_BY_ALIGNMENT(.bss.$RAM2.*))
 *(SORT_BY_ALIGNMENT(.bss.$SRAM_ITC.*))
                0x00000000                . = ALIGN ((. != 0x0)?0x4:0x1)
                [!provide]                PROVIDE (__end_bss_RAM2 = .)
                [!provide]                PROVIDE (__end_bss_SRAM_ITC = .)

.bss_RAM3       0x20200000        0x0
                [!provide]                PROVIDE (__start_bss_RAM3 = .)
                [!provide]                PROVIDE (__start_bss_SRAM_OC = .)
 *(SORT_BY_ALIGNMENT(.bss.$RAM3))
 *(SORT_BY_ALIGNMENT(.bss.$SRAM_OC))
 *(SORT_BY_ALIGNMENT(.bss.$RAM3.*))
 *(SORT_BY_ALIGNMENT(.bss.$SRAM_OC.*))
                0x20200000                . = ALIGN ((. != 0x0)?0x4:0x1)
                [!provide]                PROVIDE (__end_bss_RAM3 = .)
                [!provide]                PROVIDE (__end_bss_SRAM_OC = .)

.bss_RAM4       0x80000000        0x0
                [!provide]                PROVIDE (__start_bss_RAM4 = .)
                [!provide]                PROVIDE (__start_bss_BOARD_SDRAM = .)
 *(SORT_BY_ALIGNMENT(.bss.$RAM4))
 *(SORT_BY_ALIGNMENT(.bss.$BOARD_SDRAM))
 *(SORT_BY_ALIGNMENT(.bss.$RAM4.*))
 *(SORT_BY_ALIGNMENT(.bss.$BOARD_SDRAM.*))
                0x80000000                . = ALIGN ((. != 0x0)?0x4:0x1)
                [!provide]                PROVIDE (__end_bss_RAM4 = .)
                [!provide]                PROVIDE (__end_bss_BOARD_SDRAM = .)

.bss_RAM5       0x81e00000        0x0
                [!provide]                PROVIDE (__start_bss_RAM5 = .)
                [!provide]                PROVIDE (__start_bss_NCACHE_REGION = .)
 *(SORT_BY_ALIGNMENT(.bss.$RAM5))
 *(SORT_BY_ALIGNMENT(.bss.$NCACHE_REGION))
 *(SORT_BY_ALIGNMENT(.bss.$RAM5.*))
 *(SORT_BY_ALIGNMENT(.bss.$NCACHE_REGION.*))
                0x81e00000                . = ALIGN ((. != 0x0)?0x4:0x1)
                [!provide]                PROVIDE (__end_bss_RAM5 = .)
                [!provide]                PROVIDE (__end_bss_NCACHE_REGION = .)

.bss            0x20000008     0x869c
                0x20000008                _bss = .
                [!provide]                PROVIDE (__start_bss_RAM = .)
                [!provide]                PROVIDE (__start_bss_SRAM_DTC = .)
 *(SORT_BY_ALIGNMENT(NonCacheable))
 *(SORT_BY_ALIGNMENT(.bss*))
 .bss.s_debugConsoleState
                0x20000008      0x788 ./utilities/fsl_debug_console.o
 .bss.g_serialHandle
                0x20000790        0x4 ./utilities/fsl_debug_console.o
                0x20000790                g_serialHandle
 .bss.ledStatus
                0x20000794        0x4 ./ledModule/ledModule.o
                0x20000794                ledStatus
 .bss.ucHeap    0x20000798     0x7c00 ./freertos/freertos_kernel/portable/MemMang/heap_4.o
 .bss.xStart    0x20008398        0x8 ./freertos/freertos_kernel/portable/MemMang/heap_4.o
 .bss.pxEnd     0x200083a0        0x4 ./freertos/freertos_kernel/portable/MemMang/heap_4.o
 .bss.xFreeBytesRemaining
                0x200083a4        0x4 ./freertos/freertos_kernel/portable/MemMang/heap_4.o
 .bss.xMinimumEverFreeBytesRemaining
                0x200083a8        0x4 ./freertos/freertos_kernel/portable/MemMang/heap_4.o
 .bss.xNumberOfSuccessfulAllocations
                0x200083ac        0x4 ./freertos/freertos_kernel/portable/MemMang/heap_4.o
 .bss.xNumberOfSuccessfulFrees
                0x200083b0        0x4 ./freertos/freertos_kernel/portable/MemMang/heap_4.o
 .bss.xBlockAllocatedBit
                0x200083b4        0x4 ./freertos/freertos_kernel/portable/MemMang/heap_4.o
 .bss.ulMaxPRIGROUPValue
                0x200083b8        0x4 ./freertos/freertos_kernel/portable/GCC/ARM_CM4F/port.o
 .bss.xQueueRegistry
                0x200083bc       0x40 ./freertos/freertos_kernel/queue.o
                0x200083bc                xQueueRegistry
 .bss.pxCurrentTCB
                0x200083fc        0x4 ./freertos/freertos_kernel/tasks.o
                0x200083fc                pxCurrentTCB
 .bss.pxReadyTasksLists
                0x20008400       0x64 ./freertos/freertos_kernel/tasks.o
 .bss.xDelayedTaskList1
                0x20008464       0x14 ./freertos/freertos_kernel/tasks.o
 .bss.xDelayedTaskList2
                0x20008478       0x14 ./freertos/freertos_kernel/tasks.o
 .bss.pxDelayedTaskList
                0x2000848c        0x4 ./freertos/freertos_kernel/tasks.o
 .bss.pxOverflowDelayedTaskList
                0x20008490        0x4 ./freertos/freertos_kernel/tasks.o
 .bss.xPendingReadyList
                0x20008494       0x14 ./freertos/freertos_kernel/tasks.o
 .bss.xTasksWaitingTermination
                0x200084a8       0x14 ./freertos/freertos_kernel/tasks.o
 .bss.uxDeletedTasksWaitingCleanUp
                0x200084bc        0x4 ./freertos/freertos_kernel/tasks.o
 .bss.xSuspendedTaskList
                0x200084c0       0x14 ./freertos/freertos_kernel/tasks.o
 .bss.uxCurrentNumberOfTasks
                0x200084d4        0x4 ./freertos/freertos_kernel/tasks.o
 .bss.xTickCount
                0x200084d8        0x4 ./freertos/freertos_kernel/tasks.o
 .bss.uxTopReadyPriority
                0x200084dc        0x4 ./freertos/freertos_kernel/tasks.o
 .bss.xSchedulerRunning
                0x200084e0        0x4 ./freertos/freertos_kernel/tasks.o
 .bss.xPendedTicks
                0x200084e4        0x4 ./freertos/freertos_kernel/tasks.o
 .bss.xYieldPending
                0x200084e8        0x4 ./freertos/freertos_kernel/tasks.o
 .bss.xNumOfOverflows
                0x200084ec        0x4 ./freertos/freertos_kernel/tasks.o
 .bss.uxTaskNumber
                0x200084f0        0x4 ./freertos/freertos_kernel/tasks.o
 .bss.xNextTaskUnblockTime
                0x200084f4        0x4 ./freertos/freertos_kernel/tasks.o
 .bss.xIdleTaskHandle
                0x200084f8        0x4 ./freertos/freertos_kernel/tasks.o
 .bss.uxSchedulerSuspended
                0x200084fc        0x4 ./freertos/freertos_kernel/tasks.o
 .bss.xActiveTimerList1
                0x20008500       0x14 ./freertos/freertos_kernel/timers.o
 .bss.xActiveTimerList2
                0x20008514       0x14 ./freertos/freertos_kernel/timers.o
 .bss.pxCurrentTimerList
                0x20008528        0x4 ./freertos/freertos_kernel/timers.o
 .bss.pxOverflowTimerList
                0x2000852c        0x4 ./freertos/freertos_kernel/timers.o
 .bss.xTimerQueue
                0x20008530        0x4 ./freertos/freertos_kernel/timers.o
 .bss.xTimerTaskHandle
                0x20008534        0x4 ./freertos/freertos_kernel/timers.o
 .bss.xLastTime.6001
                0x20008538        0x4 ./freertos/freertos_kernel/timers.o
 .bss.g_xtalFreq
                0x2000853c        0x4 ./drivers/fsl_clock.o
                0x2000853c                g_xtalFreq
 .bss.g_rtcXtalFreq
                0x20008540        0x4 ./drivers/fsl_clock.o
                0x20008540                g_rtcXtalFreq
 .bss.s_EDMAHandle
                0x20008544       0x80 ./drivers/fsl_edma.o
 .bss.s_UartState
                0x200085c4       0x24 ./component/uart/lpuart_adapter.o
 .bss.errno     0x200085e8        0x4 d:/program_files/mcuxpressoide_11.2.1_4149/ide/plugins/com.nxp.mcuxpresso.tools.win32_11.2.0.202008311134/tools/bin/../lib/gcc/arm-none-eabi/9.2.1/../../../../arm-none-eabi/lib/thumb/v7e-m+dp/hard\libcr_c.a(errno.o)
                0x200085e8                errno