Archive member included to satisfy reference by file (symbol)

c:/nxp/mcuxpressoide_11.1.1_3241/ide/plugins/com.nxp.mcuxpresso.tools.win32_11.1.0.202001081728/tools/bin/../lib/gcc/arm-none-eabi/8.3.1/../../../../arm-none-eabi/lib/thumb/v7e-m+dp/hard\libcr_nohost_nf.a(_cr__main.o)
                              ./startup/startup_mimxrt1021.o (__main)
c:/nxp/mcuxpressoide_11.1.1_3241/ide/plugins/com.nxp.mcuxpresso.tools.win32_11.1.0.202001081728/tools/bin/../lib/gcc/arm-none-eabi/8.3.1/../../../../arm-none-eabi/lib/thumb/v7e-m+dp/hard\libcr_c.a(memcpy.o)
                              ./utilities/fsl_str.o (memcpy)
c:/nxp/mcuxpressoide_11.1.1_3241/ide/plugins/com.nxp.mcuxpresso.tools.win32_11.1.0.202001081728/tools/bin/../lib/gcc/arm-none-eabi/8.3.1/../../../../arm-none-eabi/lib/thumb/v7e-m+dp/hard\libcr_c.a(memset.o)
                              ./utilities/fsl_debug_console.o (memset)
c:/nxp/mcuxpressoide_11.1.1_3241/ide/plugins/com.nxp.mcuxpresso.tools.win32_11.1.0.202001081728/tools/bin/../lib/gcc/arm-none-eabi/8.3.1/../../../../arm-none-eabi/lib/thumb/v7e-m+dp/hard\libcr_c.a(alloc.o)
                              ./drivers/fsl_common.o (malloc)
c:/nxp/mcuxpressoide_11.1.1_3241/ide/plugins/com.nxp.mcuxpresso.tools.win32_11.1.0.202001081728/tools/bin/../lib/gcc/arm-none-eabi/8.3.1/../../../../arm-none-eabi/lib/thumb/v7e-m+dp/hard\libcr_c.a(initio.o)
                              c:/nxp/mcuxpressoide_11.1.1_3241/ide/plugins/com.nxp.mcuxpresso.tools.win32_11.1.0.202001081728/tools/bin/../lib/gcc/arm-none-eabi/8.3.1/../../../../arm-none-eabi/lib/thumb/v7e-m+dp/hard\libcr_nohost_nf.a(_cr__main.o) (_initio)
c:/nxp/mcuxpressoide_11.1.1_3241/ide/plugins/com.nxp.mcuxpresso.tools.win32_11.1.0.202001081728/tools/bin/../lib/gcc/arm-none-eabi/8.3.1/../../../../arm-none-eabi/lib/thumb/v7e-m+dp/hard\libcr_c.a(printf.o)
                              ./freertos/freertos_kernel/tasks.o (_sprintf)
c:/nxp/mcuxpressoide_11.1.1_3241/ide/plugins/com.nxp.mcuxpresso.tools.win32_11.1.0.202001081728/tools/bin/../lib/gcc/arm-none-eabi/8.3.1/../../../../arm-none-eabi/lib/thumb/v7e-m+dp/hard\libcr_c.a(scanf.o)
                              ./utilities/fsl_str.o (strtoul)
c:/nxp/mcuxpressoide_11.1.1_3241/ide/plugins/com.nxp.mcuxpresso.tools.win32_11.1.0.202001081728/tools/bin/../lib/gcc/arm-none-eabi/8.3.1/../../../../arm-none-eabi/lib/thumb/v7e-m+dp/hard\libcr_c.a(setvbuf.o)
                              c:/nxp/mcuxpressoide_11.1.1_3241/ide/plugins/com.nxp.mcuxpresso.tools.win32_11.1.0.202001081728/tools/bin/../lib/gcc/arm-none-eabi/8.3.1/../../../../arm-none-eabi/lib/thumb/v7e-m+dp/hard\libcr_c.a(initio.o) (setvbuf)
c:/nxp/mcuxpressoide_11.1.1_3241/ide/plugins/com.nxp.mcuxpresso.tools.win32_11.1.0.202001081728/tools/bin/../lib/gcc/arm-none-eabi/8.3.1/../../../../arm-none-eabi/lib/thumb/v7e-m+dp/hard\libcr_c.a(strcpy.o)
                              ./freertos/freertos_kernel/tasks.o (strcpy)
c:/nxp/mcuxpressoide_11.1.1_3241/ide/plugins/com.nxp.mcuxpresso.tools.win32_11.1.0.202001081728/tools/bin/../lib/gcc/arm-none-eabi/8.3.1/../../../../arm-none-eabi/lib/thumb/v7e-m+dp/hard\libcr_c.a(strlen.o)
                              ./utilities/fsl_str.o (strlen)
c:/nxp/mcuxpressoide_11.1.1_3241/ide/plugins/com.nxp.mcuxpresso.tools.win32_11.1.0.202001081728/tools/bin/../lib/gcc/arm-none-eabi/8.3.1/../../../../arm-none-eabi/lib/thumb/v7e-m+dp/hard\libcr_c.a(ungetc.o)
                              c:/nxp/mcuxpressoide_11.1.1_3241/ide/plugins/com.nxp.mcuxpresso.tools.win32_11.1.0.202001081728/tools/bin/../lib/gcc/arm-none-eabi/8.3.1/../../../../arm-none-eabi/lib/thumb/v7e-m+dp/hard\libcr_c.a(scanf.o) (ungetc)
c:/nxp/mcuxpressoide_11.1.1_3241/ide/plugins/com.nxp.mcuxpresso.tools.win32_11.1.0.202001081728/tools/bin/../lib/gcc/arm-none-eabi/8.3.1/../../../../arm-none-eabi/lib/thumb/v7e-m+dp/hard\libcr_c.a(__fillbuf.o)
                              c:/nxp/mcuxpressoide_11.1.1_3241/ide/plugins/com.nxp.mcuxpresso.tools.win32_11.1.0.202001081728/tools/bin/../lib/gcc/arm-none-eabi/8.3.1/../../../../arm-none-eabi/lib/thumb/v7e-m+dp/hard\libcr_c.a(scanf.o) (__filbuf)
c:/nxp/mcuxpressoide_11.1.1_3241/ide/plugins/com.nxp.mcuxpresso.tools.win32_11.1.0.202001081728/tools/bin/../lib/gcc/arm-none-eabi/8.3.1/../../../../arm-none-eabi/lib/thumb/v7e-m+dp/hard\libcr_c.a(__init_alloc.o)
                              c:/nxp/mcuxpressoide_11.1.1_3241/ide/plugins/com.nxp.mcuxpresso.tools.win32_11.1.0.202001081728/tools/bin/../lib/gcc/arm-none-eabi/8.3.1/../../../../arm-none-eabi/lib/thumb/v7e-m+dp/hard\libcr_c.a(alloc.o) (__heaps)
c:/nxp/mcuxpressoide_11.1.1_3241/ide/plugins/com.nxp.mcuxpresso.tools.win32_11.1.0.202001081728/tools/bin/../lib/gcc/arm-none-eabi/8.3.1/../../../../arm-none-eabi/lib/thumb/v7e-m+dp/hard\libcr_c.a(_cr_sbrk.o)
[...]
Memory Configuration

Name             Origin             Length             Attributes
BOARD_FLASH      0x60000000         0x00800000         xr
SRAM_DTC         0x20000000         0x00010000         xrw
SRAM_ITC         0x00000000         0x00010000         xrw
SRAM_OC          0x20200000         0x00020000         xrw
BOARD_SDRAM      0x80000000         0x01e00000         xrw
NCACHE_REGION    0x81e00000         0x00200000         xrw
*default*        0x00000000         0xffffffff

Linker script and memory map

LOAD ./xip/evkmimxrt1020_flexspi_nor_config.o
LOAD ./xip/fsl_flexspi_nor_boot.o
LOAD ./utilities/fsl_assert.o
LOAD ./utilities/fsl_debug_console.o
LOAD ./utilities/fsl_str.o
LOAD ./util/crc16.o
LOAD ./startup/startup_mimxrt1021.o
LOAD ./samplingModule/adcDriver.o
LOAD ./samplingModule/dmaDriver.o
LOAD ./samplingModule/samplingModule.o
LOAD ./main/main.o
LOAD ./ledModule/ledModule.o
LOAD ./freertos/freertos_kernel/portable/MemMang/heap_4.o
LOAD ./freertos/freertos_kernel/portable/GCC/ARM_CM4F/port.o
LOAD ./freertos/freertos_kernel/croutine.o
LOAD ./freertos/freertos_kernel/event_groups.o
LOAD ./freertos/freertos_kernel/list.o
LOAD ./freertos/freertos_kernel/queue.o
LOAD ./freertos/freertos_kernel/stream_buffer.o
LOAD ./freertos/freertos_kernel/tasks.o
LOAD ./freertos/freertos_kernel/timers.o
LOAD ./drivers/fsl_adc.o
LOAD ./drivers/fsl_adc_etc.o
LOAD ./drivers/fsl_cache.o
LOAD ./drivers/fsl_clock.o
LOAD ./drivers/fsl_common.o
LOAD ./drivers/fsl_dmamux.o
LOAD ./drivers/fsl_edma.o
LOAD ./drivers/fsl_gpio.o
LOAD ./drivers/fsl_gpt.o
LOAD ./drivers/fsl_lpuart.o
LOAD ./drivers/fsl_pit.o
LOAD ./drivers/fsl_xbara.o
LOAD ./device/system_MIMXRT1021.o
LOAD ./component/uart/lpuart_adapter.o
LOAD ./component/serial_manager/serial_manager.o
LOAD ./component/serial_manager/serial_port_uart.o
LOAD ./component/osa/fsl_os_abstraction_free_rtos.o
LOAD ./component/lists/generic_list.o
LOAD ./communicationModule/communicationExecutor.o
LOAD ./communicationModule/communicationModule.o
LOAD ./communicationModule/communicationPacketBuilder.o
LOAD ./communicationModule/communicationParser.o
LOAD ./communicationModule/communicationRegister.o
LOAD ./communicationModule/uart1Driver.o
LOAD ./board/board.o
LOAD ./board/clock_config.o
LOAD ./board/dcd.o
LOAD ./board/pin_mux.o
START GROUP
LOAD c:/nxp/mcuxpressoide_11.1.1_3241/ide/plugins/com.nxp.mcuxpresso.tools.win32_11.1.0.202001081728/tools/bin/../lib/gcc/arm-none-eabi/8.3.1/../../../../arm-none-eabi/lib/thumb/v7e-m+dp/hard\libcr_nohost_nf.a
LOAD c:/nxp/mcuxpressoide_11.1.1_3241/ide/plugins/com.nxp.mcuxpresso.tools.win32_11.1.0.202001081728/tools/bin/../lib/gcc/arm-none-eabi/8.3.1/../../../../arm-none-eabi/lib/thumb/v7e-m+dp/hard\libcr_c.a
LOAD c:/nxp/mcuxpressoide_11.1.1_3241/ide/plugins/com.nxp.mcuxpresso.tools.win32_11.1.0.202001081728/tools/bin/../lib/gcc/arm-none-eabi/8.3.1/thumb/v7e-m+dp/hard\libcr_eabihelpers.a
LOAD c:/nxp/mcuxpressoide_11.1.1_3241/ide/plugins/com.nxp.mcuxpresso.tools.win32_11.1.0.202001081728/tools/bin/../lib/gcc/arm-none-eabi/8.3.1/thumb/v7e-m+dp/hard\libgcc.a
END GROUP
                0x60000000                __base_BOARD_FLASH = 0x60000000
                0x60000000                __base_Flash = 0x60000000
                0x60800000                __top_BOARD_FLASH = 0x60800000
                0x60800000                __top_Flash = 0x60800000
                0x20000000                __base_SRAM_DTC = 0x20000000
                0x20000000                __base_RAM = 0x20000000
                0x20010000                __top_SRAM_DTC = 0x20010000
                0x20010000                __top_RAM = 0x20010000
                0x00000000                __base_SRAM_ITC = 0x0
                0x00000000                __base_RAM2 = 0x0
                0x00010000                __top_SRAM_ITC = 0x10000
                0x00010000                __top_RAM2 = 0x10000
                0x20200000                __base_SRAM_OC = 0x20200000
                0x20200000                __base_RAM3 = 0x20200000
                0x20220000                __top_SRAM_OC = 0x20220000
                0x20220000                __top_RAM3 = 0x20220000
                0x80000000                __base_BOARD_SDRAM = 0x80000000
                0x80000000                __base_RAM4 = 0x80000000
                0x81e00000                __top_BOARD_SDRAM = 0x81e00000
                0x81e00000                __top_RAM4 = 0x81e00000
                0x81e00000                __base_NCACHE_REGION = 0x81e00000
                0x81e00000                __base_RAM5 = 0x81e00000
                0x82000000                __top_NCACHE_REGION = 0x82000000
                0x82000000                __top_RAM5 = 0x82000000

.boot_hdr       0x60000000     0x2000
 FILL mask 0xff
                0x60000000                __boot_hdr_start__ = ABSOLUTE (.)
 *(SORT_BY_ALIGNMENT(.boot_hdr.conf))
 .boot_hdr.conf
                0x60000000      0x200 ./xip/evkmimxrt1020_flexspi_nor_config.o
                0x60000000                qspiflash_config
                0x00001000                . = 0x1000
 *fill*         0x60000200      0xe00 ff
 *(SORT_BY_ALIGNMENT(.boot_hdr.ivt))
 .boot_hdr.ivt  0x60001000       0x20 ./xip/fsl_flexspi_nor_boot.o
                0x60001000                image_vector_table
                0x00001020                . = 0x1020
 *(SORT_BY_ALIGNMENT(.boot_hdr.boot_data))
 .boot_hdr.boot_data
                0x60001020       0x10 ./xip/fsl_flexspi_nor_boot.o
                0x60001020                boot_data
                0x00001030                . = 0x1030
 *(SORT_BY_ALIGNMENT(.boot_hdr.dcd_data))
                0x60001030                __boot_hdr_end__ = ABSOLUTE (.)
                0x00002000                . = 0x2000
 *fill*         0x60001030      0xfd0 ff

.text           0x60002000     0xa550
 FILL mask 0xff
                0x60002000                __vectors_start__ = ABSOLUTE (.)
 *(SORT_BY_ALIGNMENT(.isr_vector))
 .isr_vector    0x60002000      0x278 ./startup/startup_mimxrt1021.o
                0x60002000                g_pfnVectors
                0x60002000                __Vectors
                0x60002278                . = ALIGN (0x4)
                0x60002278                __section_table_start = .
                0x60002278                __data_section_table = .
                0x60002278        0x4 LONG 0x6000c550 LOADADDR (.data)
                0x6000227c        0x4 LONG 0x20000000 ADDR (.data)
                0x60002280        0x4 LONG 0x40 SIZEOF (.data)
                0x60002284        0x4 LONG 0x6000c550 LOADADDR (.data_RAM2)
                0x60002288        0x4 LONG 0x0 ADDR (.data_RAM2)
                0x6000228c        0x4 LONG 0x0 SIZEOF (.data_RAM2)
                0x60002290        0x4 LONG 0x6000c550 LOADADDR (.data_RAM3)
                0x60002294        0x4 LONG 0x20200000 ADDR (.data_RAM3)
                0x60002298        0x4 LONG 0x0 SIZEOF (.data_RAM3)
                0x6000229c        0x4 LONG 0x6000c550 LOADADDR (.data_RAM4)
                0x600022a0        0x4 LONG 0x80000000 ADDR (.data_RAM4)
                0x600022a4        0x4 LONG 0x0 SIZEOF (.data_RAM4)
                0x600022a8        0x4 LONG 0x6000c550 LOADADDR (.data_RAM5)
                0x600022ac        0x4 LONG 0x81e00000 ADDR (.data_RAM5)
                0x600022b0        0x4 LONG 0x0 SIZEOF (.data_RAM5)
                0x600022b4                __data_section_table_end = .
                0x600022b4                __bss_section_table = .
                0x600022b4        0x4 LONG 0x20000040 ADDR (.bss)
                0x600022b8        0x4 LONG 0xaaec SIZEOF (.bss)
                0x600022bc        0x4 LONG 0x0 ADDR (.bss_RAM2)
                0x600022c0        0x4 LONG 0x0 SIZEOF (.bss_RAM2)
                0x600022c4        0x4 LONG 0x20200000 ADDR (.bss_RAM3)
                0x600022c8        0x4 LONG 0x0 SIZEOF (.bss_RAM3)
                0x600022cc        0x4 LONG 0x80000000 ADDR (.bss_RAM4)
                0x600022d0        0x4 LONG 0x0 SIZEOF (.bss_RAM4)
                0x600022d4        0x4 LONG 0x81e00000 ADDR (.bss_RAM5)
                0x600022d8        0x4 LONG 0x0 SIZEOF (.bss_RAM5)
                0x600022dc                __bss_section_table_end = .
                0x600022dc                __section_table_end = .
 *(SORT_BY_ALIGNMENT(.after_vectors*))
 .after_vectors.reset
                0x600022dc       0x4c ./startup/startup_mimxrt1021.o
                0x600022dc                ResetISR
 .after_vectors.init_data
                0x60002328       0x1e ./startup/startup_mimxrt1021.o
                0x60002328                data_init
 .after_vectors.init_bss
                0x60002346       0x12 ./startup/startup_mimxrt1021.o
                0x60002346                bss_init
 .after_vectors
                0x60002358       0x14 ./startup/startup_mimxrt1021.o
                0x60002358                NMI_Handler
                0x6000235a                HardFault_Handler
                0x6000235c                MemManage_Handler
                0x6000235e                BusFault_Handler
                0x60002360                UsageFault_Handler
                0x60002364                DebugMon_Handler
                0x6000236a                CCM_2_DriverIRQHandler
                0x6000236a                PIT_DriverIRQHandler
                0x6000236a                Reserved102_DriverIRQHandler
                0x6000236a                Reserved152_DriverIRQHandler
                0x6000236a                FLEXRAM_DriverIRQHandler
                0x6000236a                LPSPI2_DriverIRQHandler
                0x6000236a                LPSPI4_DriverIRQHandler
                0x6000236a                SEMC_DriverIRQHandler
                0x6000236a                SPDIF_DriverIRQHandler
                0x6000236a                KPP_DriverIRQHandler
                0x6000236a                USB_PHY_DriverIRQHandler
                0x6000236a                SAI3_RX_DriverIRQHandler
                0x6000236a                Reserved82_DriverIRQHandler
                0x6000236a                BEE_DriverIRQHandler
                0x6000236a                LPI2C3_DriverIRQHandler
                0x6000236a                GPR_IRQ_DriverIRQHandler
                0x6000236a                Reserved103_DriverIRQHandler
                0x6000236a                PWM2_FAULT_DriverIRQHandler
                0x6000236a                Reserved56_DriverIRQHandler
                0x6000236a                TMR1_DriverIRQHandler
                0x6000236a                TRNG_DriverIRQHandler
                0x6000236a                ENET_1588_Timer_DriverIRQHandler
                0x6000236a                GPIO2_Combined_16_31_DriverIRQHandler
                0x6000236a                Reserved143_DriverIRQHandler
                0x6000236a                GPIO3_Combined_0_15_DriverIRQHandler
                0x6000236a                Reserved151_DriverIRQHandler
                0x6000236a                IntDefaultHandler
                0x6000236a                SRC_DriverIRQHandler
                0x6000236a                GPIO1_INT4_DriverIRQHandler
                0x6000236a                Reserved144_DriverIRQHandler
                0x6000236a                USDHC1_DriverIRQHandler
                0x6000236a                Reserved87_DriverIRQHandler
                0x6000236a                WDOG1_DriverIRQHandler
                0x6000236a                FLEXIO1_DriverIRQHandler
                0x6000236a                ENET_DriverIRQHandler
                0x6000236a                Reserved78_DriverIRQHandler
                0x6000236a                ENC2_DriverIRQHandler
                0x6000236a                ADC_ETC_IRQ2_DriverIRQHandler
                0x6000236a                GPIO1_Combined_16_31_DriverIRQHandler
                0x6000236a                GPIO1_INT7_DriverIRQHandler
                0x6000236a                SAI1_DriverIRQHandler
                0x6000236a                DCDC_DriverIRQHandler
                0x6000236a                ADC_ETC_ERROR_IRQ_DriverIRQHandler
                0x6000236a                ACMP2_DriverIRQHandler
                0x6000236a                GPIO5_Combined_0_15_DriverIRQHandler
                0x6000236a                GPIO1_INT0_DriverIRQHandler
                0x6000236a                GPIO1_INT2_DriverIRQHandler
                0x6000236a                RTWDOG_DriverIRQHandler
                0x6000236a                FLEXSPI_DriverIRQHandler
                0x6000236a                GPT2_DriverIRQHandler
                0x6000236a                PWM2_1_DriverIRQHandler
                0x6000236a                PWM1_1_DriverIRQHandler
                0x6000236a                ADC1_DriverIRQHandler
                0x6000236a                Reserved148_DriverIRQHandler
                0x6000236a                PWM1_0_DriverIRQHandler
                0x6000236a                ENC1_DriverIRQHandler
                0x6000236a                CAN2_DriverIRQHandler
                0x6000236a                DCP_DriverIRQHandler
                0x6000236a                CTI0_ERROR_DriverIRQHandler
                0x6000236a                GPT1_DriverIRQHandler
                0x6000236a                ACMP3_DriverIRQHandler
                0x6000236a                CSU_DriverIRQHandler
                0x6000236a                GPIO1_INT5_DriverIRQHandler
                0x6000236a                TMR2_DriverIRQHandler
                0x6000236a                CTI1_ERROR_DriverIRQHandler
                0x6000236a                GPIO1_Combined_0_15_DriverIRQHandler
                0x6000236a                USDHC2_DriverIRQHandler
                0x6000236a                EWM_DriverIRQHandler
                0x6000236a                SAI2_DriverIRQHandler
                0x6000236a                CORE_DriverIRQHandler
                0x6000236a                Reserved147_DriverIRQHandler
                0x6000236a                PWM2_3_DriverIRQHandler
                0x6000236a                Reserved60_DriverIRQHandler
                0x6000236a                XBAR1_IRQ_2_3_DriverIRQHandler
                0x6000236a                SNVS_HP_WRAPPER_TZ_DriverIRQHandler
                0x6000236a                GPIO3_Combined_16_31_DriverIRQHandler
                0x6000236a                PWM1_FAULT_DriverIRQHandler
                0x6000236a                LPI2C1_DriverIRQHandler
                0x6000236a                PWM2_2_DriverIRQHandler
                0x6000236a                Reserved128_DriverIRQHandler
                0x6000236a                SNVS_HP_WRAPPER_DriverIRQHandler
                0x6000236a                XBAR1_IRQ_0_1_DriverIRQHandler
                0x6000236a                ADC_ETC_IRQ1_DriverIRQHandler
                0x6000236a                LPSPI1_DriverIRQHandler
                0x6000236a                GPIO1_INT3_DriverIRQHandler
                0x6000236a                DCP_VMI_DriverIRQHandler
                0x6000236a                LPI2C4_DriverIRQHandler
                0x6000236a                GPC_DriverIRQHandler
                0x6000236a                Reserved123_DriverIRQHandler
                0x6000236a                GPIO2_Combined_0_15_DriverIRQHandler
                0x6000236a                PWM1_2_DriverIRQHandler
                0x6000236a                USB_OTG1_DriverIRQHandler
                0x6000236a                TEMP_LOW_HIGH_DriverIRQHandler
                0x6000236a                SAI3_TX_DriverIRQHandler
                0x6000236a                WDOG2_DriverIRQHandler
                0x6000236a                Reserved68_DriverIRQHandler
                0x6000236a                PMU_DriverIRQHandler
                0x6000236a                Reserved59_DriverIRQHandler
                0x6000236a                GPIO5_Combined_16_31_DriverIRQHandler
                0x6000236a                CCM_1_DriverIRQHandler
                0x6000236a                ADC2_DriverIRQHandler
                0x6000236a                Reserved58_DriverIRQHandler
                0x6000236a                Reserved115_DriverIRQHandler
                0x6000236a                TEMP_PANIC_DriverIRQHandler
                0x6000236a                ACMP4_DriverIRQHandler
                0x6000236a                Reserved107_DriverIRQHandler
                0x6000236a                LPSPI3_DriverIRQHandler
                0x6000236a                PWM1_3_DriverIRQHandler
                0x6000236a                Reserved70_DriverIRQHandler
                0x6000236a                ACMP1_DriverIRQHandler
                0x6000236a                LPI2C2_DriverIRQHandler
                0x6000236a                Reserved86_DriverIRQHandler
                0x6000236a                DMA_ERROR_DriverIRQHandler
                0x6000236a                ADC_ETC_IRQ0_DriverIRQHandler
                0x6000236a                CAN1_DriverIRQHandler
                0x6000236a                GPIO1_INT6_DriverIRQHandler
                0x6000236a                GPIO1_INT1_DriverIRQHandler
                0x6000236a                PWM2_0_DriverIRQHandler
                0x6000236a                SNVS_LP_WRAPPER_DriverIRQHandler
 *(SORT_BY_ALIGNMENT(.text*))
 *fill*         0x6000236c        0x4 ff
 .text.SVC_Handler
                0x60002370       0x28 ./freertos/freertos_kernel/portable/GCC/ARM_CM4F/port.o
                0x60002370                SVC_Handler
 *fill*         0x60002398        0x8 ff
 .text.PendSV_Handler
                0x600023a0       0x68 ./freertos/freertos_kernel/portable/GCC/ARM_CM4F/port.o
                0x600023a0                PendSV_Handler
 .text.__assertion_failed
                0x60002408       0x18 ./utilities/fsl_assert.o
                0x60002408                __assertion_failed
 .text.DbgConsole_SendDataReliable
                0x60002420       0x64 ./utilities/fsl_debug_console.o
                0x60002420                DbgConsole_SendDataReliable
 .text.DbgConsole_Printf
                0x60002484       0x70 ./utilities/fsl_debug_console.o
                0x60002484                DbgConsole_Printf
 .text.CRC16_Compute
                0x600024f4       0x60 ./util/crc16.o
                0x600024f4                CRC16_Compute
 .text.CRC16_Accumulate
                0x60002554       0x5c ./util/crc16.o
                0x60002554                CRC16_Accumulate
 .text.__NVIC_EnableIRQ
                0x600025b0       0x3c ./samplingModule/adcDriver.o
 .text.__NVIC_SetPriority
                0x600025ec       0x54 ./samplingModule/adcDriver.o
 .text.CLOCK_SetMux
                0x60002640       0x9c ./samplingModule/adcDriver.o
 .text.CLOCK_SetDiv
                0x600026dc       0x9c ./samplingModule/adcDriver.o
 .text.CLOCK_ControlGate
                0x60002778       0x64 ./samplingModule/adcDriver.o
 .text.PIT_GetDefaultConfig
                0x600027dc       0x28 ./samplingModule/adcDriver.o
 .text.ADCDriver_Init
                0x60002804      0x208 ./samplingModule/adcDriver.o
                0x60002804                ADCDriver_Init
 .text.ADCDriver_StartSampling
                0x60002a0c       0x14 ./samplingModule/adcDriver.o
                0x60002a0c                ADCDriver_StartSampling
 .text.ADC_ETC_IRQ0_IRQHandler
                0x60002a20       0x58 ./samplingModule/adcDriver.o
                0x60002a20                ADC_ETC_IRQ0_IRQHandler
 .text.SamplingModule_Init
                0x60002a78       0x2c ./samplingModule/samplingModule.o
                0x60002a78                SamplingModule_Init
 .text.SamplingModule_Task
                0x60002aa4       0xe0 ./samplingModule/samplingModule.o
                0x60002aa4                SamplingModule_Task
 .text.SamplingModule_PushSamples
                0x60002b84       0xa0 ./samplingModule/samplingModule.o
                0x60002b84                SamplingModule_PushSamples
 .text.main     0x60002c24       0xe4 ./main/main.o
                0x60002c24                main
 .text.LedModule_Init
                0x60002d08       0x5c ./ledModule/ledModule.o
                0x60002d08                LedModule_Init
 .text.LedModule_Task
                0x60002d64       0x44 ./ledModule/ledModule.o
                0x60002d64                LedModule_Task
 .text.pvPortMalloc
                0x60002da8      0x190 ./freertos/freertos_kernel/portable/MemMang/heap_4.o
                0x60002da8                pvPortMalloc
 .text.vPortFree
                0x60002f38       0xc0 ./freertos/freertos_kernel/portable/MemMang/heap_4.o
                0x60002f38                vPortFree
 .text.prvHeapInit
                0x60002ff8       0xc4 ./freertos/freertos_kernel/portable/MemMang/heap_4.o
 .text.prvInsertBlockIntoFreeList
                0x600030bc       0xb4 ./freertos/freertos_kernel/portable/MemMang/heap_4.o
 .text.pxPortInitialiseStack
                0x60003170       0x68 ./freertos/freertos_kernel/portable/GCC/ARM_CM4F/port.o
                0x60003170                pxPortInitialiseStack
 .text.prvTaskExitError
                0x600031d8       0x54 ./freertos/freertos_kernel/portable/GCC/ARM_CM4F/port.o
 .text.prvPortStartFirstTask
                0x6000322c       0x28 ./freertos/freertos_kernel/portable/GCC/ARM_CM4F/port.o
 .text.xPortStartScheduler
                0x60003254      0x13c ./freertos/freertos_kernel/portable/GCC/ARM_CM4F/port.o
                0x60003254                xPortStartScheduler
 .text.vPortEnterCritical
                0x60003390       0x5c ./freertos/freertos_kernel/portable/GCC/ARM_CM4F/port.o
                0x60003390                vPortEnterCritical
 .text.vPortExitCritical
                0x600033ec       0x50 ./freertos/freertos_kernel/portable/GCC/ARM_CM4F/port.o
                0x600033ec                vPortExitCritical
 .text.SysTick_Handler
                0x6000343c       0x40 ./freertos/freertos_kernel/portable/GCC/ARM_CM4F/port.o
                0x6000343c                SysTick_Handler
 .text.vPortSetupTimerInterrupt
                0x6000347c       0x48 ./freertos/freertos_kernel/portable/GCC/ARM_CM4F/port.o
                0x6000347c                vPortSetupTimerInterrupt
 .text.vPortEnableVFP
                0x600034c4       0x14 ./freertos/freertos_kernel/portable/GCC/ARM_CM4F/port.o
 .text.vPortValidateInterruptPriority
                0x600034d8       0x7c ./freertos/freertos_kernel/portable/GCC/ARM_CM4F/port.o
                0x600034d8                vPortValidateInterruptPriority
 .text.xQueueGenericReset
                0x60003554       0xd0 ./freertos/freertos_kernel/queue.o
                0x60003554                xQueueGenericReset
 .text.xQueueGenericSend
                0x60003624      0x1f4 ./freertos/freertos_kernel/queue.o
                0x60003624                xQueueGenericSend
 .text.xQueueReceive
                0x60003818      0x1b8 ./freertos/freertos_kernel/queue.o
                0x60003818                xQueueReceive
 .text.xQueueSemaphoreTake
                0x600039d0      0x214 ./freertos/freertos_kernel/queue.o
                0x600039d0                xQueueSemaphoreTake
 .text.vQueueAddToRegistry
                0x60003be4       0x50 ./freertos/freertos_kernel/queue.o
                0x60003be4                vQueueAddToRegistry
 .text.prvAddNewTaskToReadyList
                0x60003c34       0xdc ./freertos/freertos_kernel/tasks.o
 .text.vTaskDelay
                0x60003d10       0x68 ./freertos/freertos_kernel/tasks.o
                0x60003d10                vTaskDelay
 .text.vTaskStartScheduler
                0x60003d78       0x98 ./freertos/freertos_kernel/tasks.o
                0x60003d78                vTaskStartScheduler
 .text.vTaskSuspendAll
                0x60003e10       0x1c ./freertos/freertos_kernel/tasks.o
                0x60003e10                vTaskSuspendAll
 .text.xTaskResumeAll
                0x60003e2c      0x138 ./freertos/freertos_kernel/tasks.o
                0x60003e2c                xTaskResumeAll
 .text.xTaskGetTickCount
                0x60003f64       0x20 ./freertos/freertos_kernel/tasks.o
                0x60003f64                xTaskGetTickCount
 .text.xTaskIncrementTick
                0x60003f84      0x150 ./freertos/freertos_kernel/tasks.o
                0x60003f84                xTaskIncrementTick
 .text.vTaskSwitchContext
                0x600040d4       0xb4 ./freertos/freertos_kernel/tasks.o
                0x600040d4                vTaskSwitchContext
 .text.vTaskPlaceOnEventList
                0x60004188       0x48 ./freertos/freertos_kernel/tasks.o
                0x60004188                vTaskPlaceOnEventList
 .text.vTaskPlaceOnEventListRestricted
                0x600041d0       0x54 ./freertos/freertos_kernel/tasks.o
                0x600041d0                vTaskPlaceOnEventListRestricted
 .text.xTaskRemoveFromEventList
                0x60004224       0xc4 ./freertos/freertos_kernel/tasks.o
                0x60004224                xTaskRemoveFromEventList
 .text.vTaskInternalSetTimeOutState
                0x600042e8       0x2c ./freertos/freertos_kernel/tasks.o
                0x600042e8                vTaskInternalSetTimeOutState
 .text.xTaskCheckForTimeOut
                0x60004314       0xc0 ./freertos/freertos_kernel/tasks.o
                0x60004314                xTaskCheckForTimeOut
 .text.vTaskMissedYield
                0x600043d4       0x18 ./freertos/freertos_kernel/tasks.o
                0x600043d4                vTaskMissedYield
 .text.prvIdleTask
                0x600043ec       0x30 ./freertos/freertos_kernel/tasks.o
 .text.prvInitialiseTaskLists
                0x6000441c       0x80 ./freertos/freertos_kernel/tasks.o
 .text.prvCheckTasksWaitingTermination
                0x6000449c       0x58 ./freertos/freertos_kernel/tasks.o
 .text.prvResetNextTaskUnblockTime
                0x600044f4       0x40 ./freertos/freertos_kernel/tasks.o
 .text.xTaskGetSchedulerState
                0x60004534       0x3c ./freertos/freertos_kernel/tasks.o
                0x60004534                xTaskGetSchedulerState
 .text.xTaskPriorityInherit
                0x60004570       0xec ./freertos/freertos_kernel/tasks.o
                0x60004570                xTaskPriorityInherit
 .text.xTaskPriorityDisinherit
                0x6000465c      0x108 ./freertos/freertos_kernel/tasks.o
                0x6000465c                xTaskPriorityDisinherit
 .text.vTaskPriorityDisinheritAfterTimeout
                0x60004764      0x118 ./freertos/freertos_kernel/tasks.o
                0x60004764                vTaskPriorityDisinheritAfterTimeout
 .text.pvTaskIncrementMutexHeldCount
                0x6000487c       0x28 ./freertos/freertos_kernel/tasks.o
                0x6000487c                pvTaskIncrementMutexHeldCount
 .text.prvAddCurrentTaskToDelayedList
                0x600048a4       0xcc ./freertos/freertos_kernel/tasks.o
 .text.xTimerCreateTimerTask
                0x60004970       0x60 ./freertos/freertos_kernel/timers.o
                0x60004970                xTimerCreateTimerTask
 .text.xTimerGenericCommand
                0x600049d0       0x98 ./freertos/freertos_kernel/timers.o
                0x600049d0                xTimerGenericCommand
 .text.prvProcessExpiredTimer
                0x60004a68       0x98 ./freertos/freertos_kernel/timers.o
 .text.prvProcessTimerOrBlockTask
                0x60004b00       0x9c ./freertos/freertos_kernel/timers.o
 .text.prvGetNextExpireTime
                0x60004b9c       0x48 ./freertos/freertos_kernel/timers.o
 .text.prvSampleTimeNow
                0x60004be4       0x40 ./freertos/freertos_kernel/timers.o
 .text.prvInsertTimerInActiveList
                0x60004c24       0x84 ./freertos/freertos_kernel/timers.o
 .text.prvProcessReceivedCommands
                0x60004ca8      0x1b8 ./freertos/freertos_kernel/timers.o
 .text.prvSwitchTimerLists
                0x60004e60       0xc8 ./freertos/freertos_kernel/timers.o
 .text.prvCheckForValidListAndQueue
                0x60004f28       0x6c ./freertos/freertos_kernel/timers.o
 .text.CLOCK_ControlGate
                0x60004f94       0x64 ./drivers/fsl_adc.o
 .text.ADC_GetChannelConversionValue
                0x60004ff8       0x30 ./drivers/fsl_adc.o
 .text.ADC_GetChannelStatusFlags
                0x60005028       0x38 ./drivers/fsl_adc.o
 .text.ADC_GetInstance
                0x60005060       0x4c ./drivers/fsl_adc.o
 .text.ADC_Init
                0x600050ac       0xf8 ./drivers/fsl_adc.o
                0x600050ac                ADC_Init
 .text.ADC_GetDefaultConfig
                0x600051a4       0x6c ./drivers/fsl_adc.o
                0x600051a4                ADC_GetDefaultConfig
 .text.ADC_SetChannelConfig
                0x60005210       0x58 ./drivers/fsl_adc.o
                0x60005210                ADC_SetChannelConfig
 .text.ADC_ETC_Init
                0x60005268       0x90 ./drivers/fsl_adc_etc.o
                0x60005268                ADC_ETC_Init
 .text.ADC_ETC_SetTriggerConfig
                0x600052f8       0xa8 ./drivers/fsl_adc_etc.o
                0x600052f8                ADC_ETC_SetTriggerConfig
 .text.ADC_ETC_SetTriggerChainConfig
                0x600053a0      0x1f0 ./drivers/fsl_adc_etc.o
                0x600053a0                ADC_ETC_SetTriggerChainConfig
 .text.ADC_ETC_GetADCConversionValue
                0x60005590      0x140 ./drivers/fsl_adc_etc.o
                0x60005590                ADC_ETC_GetADCConversionValue
 .text.CLOCK_GetOscFreq
                0x600056d0       0x30 ./drivers/fsl_clock.o
 .text.CLOCK_GetPeriphClkFreq
                0x60005700       0xd0 ./drivers/fsl_clock.o
 .text.CLOCK_InitExternalClk
                0x600057d0       0x6c ./drivers/fsl_clock.o
                0x600057d0                CLOCK_InitExternalClk
 .text.CLOCK_SwitchOsc
                0x6000583c       0x34 ./drivers/fsl_clock.o
                0x6000583c                CLOCK_SwitchOsc
 .text.CLOCK_InitRcOsc24M
                0x60005870       0x24 ./drivers/fsl_clock.o
                0x60005870                CLOCK_InitRcOsc24M
 .text.CLOCK_GetAhbFreq
                0x60005894       0x24 ./drivers/fsl_clock.o
                0x60005894                CLOCK_GetAhbFreq
 .text.CLOCK_GetSemcFreq
                0x600058b8       0x5c ./drivers/fsl_clock.o
                0x600058b8                CLOCK_GetSemcFreq
 .text.CLOCK_GetIpgFreq
                0x60005914       0x24 ./drivers/fsl_clock.o
                0x60005914                CLOCK_GetIpgFreq
 .text.CLOCK_GetPerClkFreq
                0x60005938       0x40 ./drivers/fsl_clock.o
                0x60005938                CLOCK_GetPerClkFreq
 .text.CLOCK_GetFreq
                0x60005978      0x150 ./drivers/fsl_clock.o
                0x60005978                CLOCK_GetFreq
 .text.CLOCK_InitSysPll
                0x60005ac8       0x9c ./drivers/fsl_clock.o
                0x60005ac8                CLOCK_InitSysPll
 .text.CLOCK_DeinitAudioPll
                0x60005b64       0x1c ./drivers/fsl_clock.o
                0x60005b64                CLOCK_DeinitAudioPll
 .text.CLOCK_InitEnetPll
                0x60005b80       0xa4 ./drivers/fsl_clock.o
                0x60005b80                CLOCK_InitEnetPll
 .text.CLOCK_GetPllFreq
                0x60005c24      0x250 ./drivers/fsl_clock.o
                0x60005c24                CLOCK_GetPllFreq
 .text.CLOCK_InitSysPfd
                0x60005e74       0x64 ./drivers/fsl_clock.o
                0x60005e74                CLOCK_InitSysPfd
 .text.CLOCK_GetSysPfdFreq
                0x60005ed8       0xac ./drivers/fsl_clock.o
                0x60005ed8                CLOCK_GetSysPfdFreq
 .text.CLOCK_GetUsb1PfdFreq
                0x60005f84       0xac ./drivers/fsl_clock.o
                0x60005f84                CLOCK_GetUsb1PfdFreq
 .text.EDMA_GetChannelStatusFlags
                0x60006030       0x74 ./drivers/fsl_edma.o
                0x60006030                EDMA_GetChannelStatusFlags
 .text.EDMA_HandleIRQ
                0x600060a4      0x160 ./drivers/fsl_edma.o
                0x600060a4                EDMA_HandleIRQ
 .text.DMA0_DMA16_DriverIRQHandler
                0x60006204       0x4c ./drivers/fsl_edma.o
                0x60006204                DMA0_DMA16_DriverIRQHandler
 .text.DMA1_DMA17_DriverIRQHandler
                0x60006250       0x4c ./drivers/fsl_edma.o
                0x60006250                DMA1_DMA17_DriverIRQHandler
 .text.DMA2_DMA18_DriverIRQHandler
                0x6000629c       0x4c ./drivers/fsl_edma.o
                0x6000629c                DMA2_DMA18_DriverIRQHandler
 .text.DMA3_DMA19_DriverIRQHandler
                0x600062e8       0x4c ./drivers/fsl_edma.o
                0x600062e8                DMA3_DMA19_DriverIRQHandler
 .text.DMA4_DMA20_DriverIRQHandler
                0x60006334       0x4c ./drivers/fsl_edma.o
                0x60006334                DMA4_DMA20_DriverIRQHandler
 .text.DMA5_DMA21_DriverIRQHandler
                0x60006380       0x4c ./drivers/fsl_edma.o
                0x60006380                DMA5_DMA21_DriverIRQHandler
 .text.DMA6_DMA22_DriverIRQHandler
                0x600063cc       0x4c ./drivers/fsl_edma.o
                0x600063cc                DMA6_DMA22_DriverIRQHandler
 .text.DMA7_DMA23_DriverIRQHandler
                0x60006418       0x4c ./drivers/fsl_edma.o
                0x60006418                DMA7_DMA23_DriverIRQHandler
 .text.DMA8_DMA24_DriverIRQHandler
                0x60006464       0x4c ./drivers/fsl_edma.o
                0x60006464                DMA8_DMA24_DriverIRQHandler
 .text.DMA9_DMA25_DriverIRQHandler
                0x600064b0       0x4c ./drivers/fsl_edma.o
                0x600064b0                DMA9_DMA25_DriverIRQHandler
 .text.DMA10_DMA26_DriverIRQHandler
                0x600064fc       0x4c ./drivers/fsl_edma.o
                0x600064fc                DMA10_DMA26_DriverIRQHandler
 .text.DMA11_DMA27_DriverIRQHandler
                0x60006548       0x4c ./drivers/fsl_edma.o
                0x60006548                DMA11_DMA27_DriverIRQHandler
 .text.DMA12_DMA28_DriverIRQHandler
                0x60006594       0x4c ./drivers/fsl_edma.o
                0x60006594                DMA12_DMA28_DriverIRQHandler
 .text.DMA13_DMA29_DriverIRQHandler
                0x600065e0       0x4c ./drivers/fsl_edma.o
                0x600065e0                DMA13_DMA29_DriverIRQHandler
 .text.DMA14_DMA30_DriverIRQHandler
                0x6000662c       0x4c ./drivers/fsl_edma.o
                0x6000662c                DMA14_DMA30_DriverIRQHandler
 .text.DMA15_DMA31_DriverIRQHandler
                0x60006678       0x4c ./drivers/fsl_edma.o
                0x60006678                DMA15_DMA31_DriverIRQHandler
 .text.CLOCK_ControlGate
                0x600066c4       0x64 ./drivers/fsl_gpio.o
 .text.GPIO_GetInstance
                0x60006728       0x4c ./drivers/fsl_gpio.o
 .text.GPIO_PinInit
                0x60006774       0xa4 ./drivers/fsl_gpio.o
                0x60006774                GPIO_PinInit
 .text.GPIO_PinWrite
                0x60006818       0x54 ./drivers/fsl_gpio.o
                0x60006818                GPIO_PinWrite
 .text.GPIO_PinSetInterruptConfig
                0x6000686c       0xfc ./drivers/fsl_gpio.o
                0x6000686c                GPIO_PinSetInterruptConfig
 .text.CLOCK_ControlGate
                0x60006968       0x64 ./drivers/fsl_gpt.o
 .text.GPT_SetClockDivider
                0x600069cc       0x40 ./drivers/fsl_gpt.o
 .text.GPT_GetInstance
                0x60006a0c       0x4c ./drivers/fsl_gpt.o
 .text.GPT_Init
                0x60006a58       0xc4 ./drivers/fsl_gpt.o
                0x60006a58                GPT_Init
 .text.GPT_GetDefaultConfig
                0x60006b1c       0x5c ./drivers/fsl_gpt.o
                0x60006b1c                GPT_GetDefaultConfig
 .text.CLOCK_ControlGate
                0x60006b78       0x64 ./drivers/fsl_lpuart.o
 .text.LPUART_GetInstance
                0x60006bdc       0x4c ./drivers/fsl_lpuart.o
                0x60006bdc                LPUART_GetInstance
 .text.LPUART_Init
                0x60006c28      0x310 ./drivers/fsl_lpuart.o
                0x60006c28                LPUART_Init
 .text.LPUART_GetDefaultConfig
                0x60006f38       0x88 ./drivers/fsl_lpuart.o
                0x60006f38                LPUART_GetDefaultConfig
 .text.LPUART_WriteBlocking
                0x60006fc0       0x68 ./drivers/fsl_lpuart.o
                0x60006fc0                LPUART_WriteBlocking
 .text.LPUART2_DriverIRQHandler
                0x60007028       0x28 ./drivers/fsl_lpuart.o
                0x60007028                LPUART2_DriverIRQHandler
 .text.LPUART3_DriverIRQHandler
                0x60007050       0x28 ./drivers/fsl_lpuart.o
                0x60007050                LPUART3_DriverIRQHandler
 .text.LPUART4_DriverIRQHandler
                0x60007078       0x28 ./drivers/fsl_lpuart.o
                0x60007078                LPUART4_DriverIRQHandler
 .text.LPUART5_DriverIRQHandler
                0x600070a0       0x28 ./drivers/fsl_lpuart.o
                0x600070a0                LPUART5_DriverIRQHandler
 .text.LPUART6_DriverIRQHandler
                0x600070c8       0x28 ./drivers/fsl_lpuart.o
                0x600070c8                LPUART6_DriverIRQHandler
 .text.LPUART7_DriverIRQHandler
                0x600070f0       0x28 ./drivers/fsl_lpuart.o
                0x600070f0                LPUART7_DriverIRQHandler
 .text.LPUART8_DriverIRQHandler
                0x60007118       0x28 ./drivers/fsl_lpuart.o
                0x60007118                LPUART8_DriverIRQHandler
 .text.CLOCK_ControlGate
                0x60007140       0x64 ./drivers/fsl_pit.o
 .text.PIT_GetInstance
                0x600071a4       0x44 ./drivers/fsl_pit.o
 .text.PIT_Init
                0x600071e8       0x94 ./drivers/fsl_pit.o
                0x600071e8                PIT_Init
 .text.CLOCK_ControlGate
                0x6000727c       0x64 ./drivers/fsl_xbara.o
 .text.XBARA_GetInstance
                0x600072e0       0x44 ./drivers/fsl_xbara.o
 .text.SystemInit
                0x60007324      0x1c8 ./device/system_MIMXRT1021.o
                0x60007324                SystemInit
 .text.HAL_UartSendBlocking
                0x600074ec       0x64 ./component/uart/lpuart_adapter.o
                0x600074ec                HAL_UartSendBlocking
 .text.SerialManager_Write
                0x60007550       0x6c ./component/serial_manager/serial_manager.o
 .text.Serial_UartWrite
                0x600075bc       0x58 ./component/serial_manager/serial_port_uart.o
                0x600075bc                Serial_UartWrite
 .text.CommunicationExecutor_Execute
                0x60007614      0x25c ./communicationModule/communicationExecutor.o
                0x60007614                CommunicationExecutor_Execute
 .text.Communication_Task
                0x60007870       0xbc ./communicationModule/communicationModule.o
                0x60007870                Communication_Task
 .text.CommunicationParser_Init
                0x6000792c       0x2c ./communicationModule/communicationParser.o
                0x6000792c                CommunicationParser_Init
 .text.CommunicationParser_Parse
                0x60007958      0x1c4 ./communicationModule/communicationParser.o
                0x60007958                CommunicationParser_Parse
 .text.CommunicationParser_Flush
                0x60007b1c       0x18 ./communicationModule/communicationParser.o
                0x60007b1c                CommunicationParser_Flush
 .text.__NVIC_EnableIRQ
                0x60007b34       0x3c ./communicationModule/uart1Driver.o
 .text.__NVIC_SetPriority
                0x60007b70       0x54 ./communicationModule/uart1Driver.o
 .text.GPT_SetClockDivider
                0x60007bc4       0x40 ./communicationModule/uart1Driver.o
 .text.GPT_SetOutputCompareValue
                0x60007c04       0x34 ./communicationModule/uart1Driver.o
 .text.UART1Driver_Init
                0x60007c38       0xe0 ./communicationModule/uart1Driver.o
                0x60007c38                UART1Driver_Init
 .text.LPUART1_IRQHandler
                0x60007d18       0xcc ./communicationModule/uart1Driver.o
                0x60007d18                LPUART1_IRQHandler
 .text.GPT2_IRQHandler
                0x60007de4       0x3c ./communicationModule/uart1Driver.o
                0x60007de4                GPT2_IRQHandler
 .text.UART1Driver_RXTask
                0x60007e20       0xf8 ./communicationModule/uart1Driver.o
                0x60007e20                UART1Driver_RXTask
 .text.UART1Driver_TXTask
                0x60007f18       0xc8 ./communicationModule/uart1Driver.o
                0x60007f18                UART1Driver_TXTask
 .text.ARM_MPU_Enable
                0x60007fe0       0x3c ./board/board.o
 .text.ARM_MPU_Disable
                0x6000801c       0x34 ./board/board.o
 .text.CLOCK_GetMux
                0x60008050       0x44 ./board/board.o
 .text.CLOCK_GetDiv
                0x60008094       0x44 ./board/board.o
 .text.CLOCK_GetOscFreq
                0x600080d8       0x30 ./board/board.o
 .text.BOARD_DebugConsoleSrcFreq
                0x60008108       0x64 ./board/board.o
                0x60008108                BOARD_DebugConsoleSrcFreq
 .text.BOARD_ConfigMPU
                0x6000816c      0x2c0 ./board/board.o
                0x6000816c                BOARD_ConfigMPU
 .text.CLOCK_SetMux
                0x6000842c       0x9c ./board/clock_config.o
 .text.CLOCK_SetDiv
                0x600084c8       0x9c ./board/clock_config.o
 .text.CLOCK_ControlGate
                0x60008564       0x64 ./board/clock_config.o
 .text.CLOCK_SetXtalFreq
                0x600085c8       0x20 ./board/clock_config.o
 .text.CLOCK_SetRtcXtalFreq
                0x600085e8       0x20 ./board/clock_config.o
 .text.IOMUXC_EnableMode
                0x60008608       0x48 ./board/clock_config.o
 .text.IOMUXC_MQSConfig
                0x60008650       0x44 ./board/clock_config.o
 .text.BOARD_BootClockRUN
                0x60008694      0x4ec ./board/clock_config.o
                0x60008694                BOARD_BootClockRUN
 .text.CLOCK_ControlGate
                0x60008b80       0x64 ./board/pin_mux.o
 .text.BOARD_InitPins
                0x60008be4      0x238 ./board/pin_mux.o
                0x60008be4                BOARD_InitPins
 .text._initio  0x60008e1c       0x78 c:/nxp/mcuxpressoide_11.1.1_3241/ide/plugins/com.nxp.mcuxpresso.tools.win32_11.1.0.202001081728/tools/bin/../lib/gcc/arm-none-eabi/8.3.1/../../../../arm-none-eabi/lib/thumb/v7e-m+dp/hard\libcr_c.a(initio.o)
                0x60008e1c                _initio
 .text.setvbuf  0x60008e94       0x40 c:/nxp/mcuxpressoide_11.1.1_3241/ide/plugins/com.nxp.mcuxpresso.tools.win32_11.1.0.202001081728/tools/bin/../lib/gcc/arm-none-eabi/8.3.1/../../../../arm-none-eabi/lib/thumb/v7e-m+dp/hard\libcr_c.a(setvbuf.o)
                0x60008e94                setvbuf
 .text._Cwritebuf
                0x60008ed4       0x6c c:/nxp/mcuxpressoide_11.1.1_3241/ide/plugins/com.nxp.mcuxpresso.tools.win32_11.1.0.202001081728/tools/bin/../lib/gcc/arm-none-eabi/8.3.1/../../../../arm-none-eabi/lib/thumb/v7e-m+dp/hard\libcr_c.a(_writebuf.o)
                0x60008ed4                _Cwritebuf
 .text.fflush   0x60008f40       0x44 c:/nxp/mcuxpressoide_11.1.1_3241/ide/plugins/com.nxp.mcuxpresso.tools.win32_11.1.0.202001081728/tools/bin/../lib/gcc/arm-none-eabi/8.3.1/../../../../arm-none-eabi/lib/thumb/v7e-m+dp/hard\libcr_c.a(fflush.o)
                0x60008f40                fflush
 .text.fseek    0x60008f84      0x100 c:/nxp/mcuxpressoide_11.1.1_3241/ide/plugins/com.nxp.mcuxpresso.tools.win32_11.1.0.202001081728/tools/bin/../lib/gcc/arm-none-eabi/8.3.1/../../../../arm-none-eabi/lib/thumb/v7e-m+dp/hard\libcr_c.a(fseek.o)
                0x60008f84                fseek
 .text.ftell    0x60009084       0x48 c:/nxp/mcuxpressoide_11.1.1_3241/ide/plugins/com.nxp.mcuxpresso.tools.win32_11.1.0.202001081728/tools/bin/../lib/gcc/arm-none-eabi/8.3.1/../../../../arm-none-eabi/lib/thumb/v7e-m+dp/hard\libcr_c.a(ftell.o)
                0x60009084                ftell
 .text.DbgConsole_PrintCallback
                0x600090cc       0x64 ./utilities/fsl_debug_console.o
 .text.PrintGetWidth
                0x60009130       0x6a ./utilities/fsl_str.o
 .text.PrintGetPrecision
                0x6000919a       0x8c ./utilities/fsl_str.o
 .text.PrintIsobpu
                0x60009226       0x38 ./utilities/fsl_str.o
 .text.PrintIsdi
                0x6000925e       0x2c ./utilities/fsl_str.o
 .text.PrintOutputdifFobpu
                0x6000928a       0x42 ./utilities/fsl_str.o
 .text.PrintOutputxX
                0x600092cc       0x42 ./utilities/fsl_str.o
 .text.PrintIsfF
                0x6000930e       0x2c ./utilities/fsl_str.o
 .text.PrintIsxX
                0x6000933a       0x2c ./utilities/fsl_str.o
 .text.PrintGetRadixFromobpu
                0x60009366       0x40 ./utilities/fsl_str.o
 .text.ConvertRadixNumToString
                0x600093a6      0x118 ./utilities/fsl_str.o
 .text.StrFormatPrintf
                0x600094be      0x286 ./utilities/fsl_str.o
                0x600094be                StrFormatPrintf
 .text.DMA0_DMA16_IRQHandler
                0x60009744        0x8 ./startup/startup_mimxrt1021.o
                0x60009744                DMA0_DMA16_IRQHandler
 .text.DMA1_DMA17_IRQHandler
                0x6000974c        0x8 ./startup/startup_mimxrt1021.o
                0x6000974c                DMA1_DMA17_IRQHandler
 .text.DMA2_DMA18_IRQHandler
                0x60009754        0x8 ./startup/startup_mimxrt1021.o
                0x60009754                DMA2_DMA18_IRQHandler
 .text.DMA3_DMA19_IRQHandler
                0x6000975c        0x8 ./startup/startup_mimxrt1021.o
                0x6000975c                DMA3_DMA19_IRQHandler
 .text.DMA4_DMA20_IRQHandler
                0x60009764        0x8 ./startup/startup_mimxrt1021.o
                0x60009764                DMA4_DMA20_IRQHandler
 .text.DMA5_DMA21_IRQHandler
                0x6000976c        0x8 ./startup/startup_mimxrt1021.o
                0x6000976c                DMA5_DMA21_IRQHandler
 .text.DMA6_DMA22_IRQHandler
                0x60009774        0x8 ./startup/startup_mimxrt1021.o
                0x60009774                DMA6_DMA22_IRQHandler
 .text.DMA7_DMA23_IRQHandler
                0x6000977c        0x8 ./startup/startup_mimxrt1021.o
                0x6000977c                DMA7_DMA23_IRQHandler
 .text.DMA8_DMA24_IRQHandler
                0x60009784        0x8 ./startup/startup_mimxrt1021.o
                0x60009784                DMA8_DMA24_IRQHandler
 .text.DMA9_DMA25_IRQHandler
                0x6000978c        0x8 ./startup/startup_mimxrt1021.o
                0x6000978c                DMA9_DMA25_IRQHandler
 .text.DMA10_DMA26_IRQHandler
                0x60009794        0x8 ./startup/startup_mimxrt1021.o
                0x60009794                DMA10_DMA26_IRQHandler
 .text.DMA11_DMA27_IRQHandler
                0x6000979c        0x8 ./startup/startup_mimxrt1021.o
                0x6000979c                DMA11_DMA27_IRQHandler
 .text.DMA12_DMA28_IRQHandler
                0x600097a4        0x8 ./startup/startup_mimxrt1021.o
                0x600097a4                DMA12_DMA28_IRQHandler
 .text.DMA13_DMA29_IRQHandler
                0x600097ac        0x8 ./startup/startup_mimxrt1021.o
                0x600097ac                DMA13_DMA29_IRQHandler
 .text.DMA14_DMA30_IRQHandler
                0x600097b4        0x8 ./startup/startup_mimxrt1021.o
                0x600097b4                DMA14_DMA30_IRQHandler
 .text.DMA15_DMA31_IRQHandler
                0x600097bc        0x8 ./startup/startup_mimxrt1021.o
                0x600097bc                DMA15_DMA31_IRQHandler
 .text.DMA_ERROR_IRQHandler
                0x600097c4        0x8 ./startup/startup_mimxrt1021.o
                0x600097c4                DMA_ERROR_IRQHandler
 .text.CTI0_ERROR_IRQHandler
                0x600097cc        0x8 ./startup/startup_mimxrt1021.o
                0x600097cc                CTI0_ERROR_IRQHandler
 .text.CTI1_ERROR_IRQHandler
                0x600097d4        0x8 ./startup/startup_mimxrt1021.o
                0x600097d4                CTI1_ERROR_IRQHandler
 .text.CORE_IRQHandler
                0x600097dc        0x8 ./startup/startup_mimxrt1021.o
                0x600097dc                CORE_IRQHandler
 .text.LPUART2_IRQHandler
                0x600097e4        0x8 ./startup/startup_mimxrt1021.o
                0x600097e4                LPUART2_IRQHandler
 .text.LPUART3_IRQHandler
                0x600097ec        0x8 ./startup/startup_mimxrt1021.o
                0x600097ec                LPUART3_IRQHandler
 .text.LPUART4_IRQHandler
                0x600097f4        0x8 ./startup/startup_mimxrt1021.o
                0x600097f4                LPUART4_IRQHandler
 .text.LPUART5_IRQHandler
                0x600097fc        0x8 ./startup/startup_mimxrt1021.o
                0x600097fc                LPUART5_IRQHandler
 .text.LPUART6_IRQHandler
                0x60009804        0x8 ./startup/startup_mimxrt1021.o
                0x60009804                LPUART6_IRQHandler
 .text.LPUART7_IRQHandler
                0x6000980c        0x8 ./startup/startup_mimxrt1021.o
                0x6000980c                LPUART7_IRQHandler
 .text.LPUART8_IRQHandler
                0x60009814        0x8 ./startup/startup_mimxrt1021.o
                0x60009814                LPUART8_IRQHandler
 .text.LPI2C1_IRQHandler
                0x6000981c        0x8 ./startup/startup_mimxrt1021.o
                0x6000981c                LPI2C1_IRQHandler
 .text.LPI2C2_IRQHandler
                0x60009824        0x8 ./startup/startup_mimxrt1021.o
                0x60009824                LPI2C2_IRQHandler
 .text.LPI2C3_IRQHandler
                0x6000982c        0x8 ./startup/startup_mimxrt1021.o
                0x6000982c                LPI2C3_IRQHandler
 .text.LPI2C4_IRQHandler
                0x60009834        0x8 ./startup/startup_mimxrt1021.o
                0x60009834                LPI2C4_IRQHandler
 .text.LPSPI1_IRQHandler
                0x6000983c        0x8 ./startup/startup_mimxrt1021.o
                0x6000983c                LPSPI1_IRQHandler
 .text.LPSPI2_IRQHandler
                0x60009844        0x8 ./startup/startup_mimxrt1021.o
                0x60009844                LPSPI2_IRQHandler
 .text.LPSPI3_IRQHandler
                0x6000984c        0x8 ./startup/startup_mimxrt1021.o
                0x6000984c                LPSPI3_IRQHandler
 .text.LPSPI4_IRQHandler
                0x60009854        0x8 ./startup/startup_mimxrt1021.o
                0x60009854                LPSPI4_IRQHandler
 .text.CAN1_IRQHandler
                0x6000985c        0x8 ./startup/startup_mimxrt1021.o
                0x6000985c                CAN1_IRQHandler
 .text.CAN2_IRQHandler
                0x60009864        0x8 ./startup/startup_mimxrt1021.o
                0x60009864                CAN2_IRQHandler
 .text.FLEXRAM_IRQHandler
                0x6000986c        0x8 ./startup/startup_mimxrt1021.o
                0x6000986c                FLEXRAM_IRQHandler
 .text.KPP_IRQHandler
                0x60009874        0x8 ./startup/startup_mimxrt1021.o
                0x60009874                KPP_IRQHandler
 .text.Reserved56_IRQHandler
                0x6000987c        0x8 ./startup/startup_mimxrt1021.o
                0x6000987c                Reserved56_IRQHandler
 .text.GPR_IRQ_IRQHandler
                0x60009884        0x8 ./startup/startup_mimxrt1021.o
                0x60009884                GPR_IRQ_IRQHandler
 .text.Reserved58_IRQHandler
                0x6000988c        0x8 ./startup/startup_mimxrt1021.o
                0x6000988c                Reserved58_IRQHandler
 .text.Reserved59_IRQHandler
                0x60009894        0x8 ./startup/startup_mimxrt1021.o
                0x60009894                Reserved59_IRQHandler
 .text.Reserved60_IRQHandler
                0x6000989c        0x8 ./startup/startup_mimxrt1021.o
                0x6000989c                Reserved60_IRQHandler
 .text.WDOG2_IRQHandler
                0x600098a4        0x8 ./startup/startup_mimxrt1021.o
                0x600098a4                WDOG2_IRQHandler
 .text.SNVS_HP_WRAPPER_IRQHandler
                0x600098ac        0x8 ./startup/startup_mimxrt1021.o
                0x600098ac                SNVS_HP_WRAPPER_IRQHandler
 .text.SNVS_HP_WRAPPER_TZ_IRQHandler
                0x600098b4        0x8 ./startup/startup_mimxrt1021.o
                0x600098b4                SNVS_HP_WRAPPER_TZ_IRQHandler
 .text.SNVS_LP_WRAPPER_IRQHandler
                0x600098bc        0x8 ./startup/startup_mimxrt1021.o
                0x600098bc                SNVS_LP_WRAPPER_IRQHandler
 .text.CSU_IRQHandler
                0x600098c4        0x8 ./startup/startup_mimxrt1021.o
                0x600098c4                CSU_IRQHandler
 .text.DCP_IRQHandler
                0x600098cc        0x8 ./startup/startup_mimxrt1021.o
                0x600098cc                DCP_IRQHandler
 .text.DCP_VMI_IRQHandler
                0x600098d4        0x8 ./startup/startup_mimxrt1021.o
                0x600098d4                DCP_VMI_IRQHandler
 .text.Reserved68_IRQHandler
                0x600098dc        0x8 ./startup/startup_mimxrt1021.o
                0x600098dc                Reserved68_IRQHandler
 .text.TRNG_IRQHandler
                0x600098e4        0x8 ./startup/startup_mimxrt1021.o
                0x600098e4                TRNG_IRQHandler
 .text.Reserved70_IRQHandler
                0x600098ec        0x8 ./startup/startup_mimxrt1021.o
                0x600098ec                Reserved70_IRQHandler
 .text.BEE_IRQHandler
                0x600098f4        0x8 ./startup/startup_mimxrt1021.o
                0x600098f4                BEE_IRQHandler
 .text.SAI1_IRQHandler
                0x600098fc        0x8 ./startup/startup_mimxrt1021.o
                0x600098fc                SAI1_IRQHandler
 .text.SAI2_IRQHandler
                0x60009904        0x8 ./startup/startup_mimxrt1021.o
                0x60009904                SAI2_IRQHandler
 .text.SAI3_RX_IRQHandler
                0x6000990c        0x8 ./startup/startup_mimxrt1021.o
                0x6000990c                SAI3_RX_IRQHandler
 .text.SAI3_TX_IRQHandler
                0x60009914        0x8 ./startup/startup_mimxrt1021.o
                0x60009914                SAI3_TX_IRQHandler
 .text.SPDIF_IRQHandler
                0x6000991c        0x8 ./startup/startup_mimxrt1021.o
                0x6000991c                SPDIF_IRQHandler
 .text.PMU_IRQHandler
                0x60009924        0x8 ./startup/startup_mimxrt1021.o
                0x60009924                PMU_IRQHandler
 .text.Reserved78_IRQHandler
                0x6000992c        0x8 ./startup/startup_mimxrt1021.o
                0x6000992c                Reserved78_IRQHandler
 .text.TEMP_LOW_HIGH_IRQHandler
                0x60009934        0x8 ./startup/startup_mimxrt1021.o
                0x60009934                TEMP_LOW_HIGH_IRQHandler
 .text.TEMP_PANIC_IRQHandler
                0x6000993c        0x8 ./startup/startup_mimxrt1021.o
                0x6000993c                TEMP_PANIC_IRQHandler
 .text.USB_PHY_IRQHandler
                0x60009944        0x8 ./startup/startup_mimxrt1021.o
                0x60009944                USB_PHY_IRQHandler
 .text.Reserved82_IRQHandler
                0x6000994c        0x8 ./startup/startup_mimxrt1021.o
                0x6000994c                Reserved82_IRQHandler
 .text.ADC1_IRQHandler
                0x60009954        0x8 ./startup/startup_mimxrt1021.o
                0x60009954                ADC1_IRQHandler
 .text.ADC2_IRQHandler
                0x6000995c        0x8 ./startup/startup_mimxrt1021.o
                0x6000995c                ADC2_IRQHandler
 .text.DCDC_IRQHandler
                0x60009964        0x8 ./startup/startup_mimxrt1021.o
                0x60009964                DCDC_IRQHandler
 .text.Reserved86_IRQHandler
                0x6000996c        0x8 ./startup/startup_mimxrt1021.o
                0x6000996c                Reserved86_IRQHandler
 .text.Reserved87_IRQHandler
                0x60009974        0x8 ./startup/startup_mimxrt1021.o
                0x60009974                Reserved87_IRQHandler
 .text.GPIO1_INT0_IRQHandler
                0x6000997c        0x8 ./startup/startup_mimxrt1021.o
                0x6000997c                GPIO1_INT0_IRQHandler
 .text.GPIO1_INT1_IRQHandler
                0x60009984        0x8 ./startup/startup_mimxrt1021.o
                0x60009984                GPIO1_INT1_IRQHandler
 .text.GPIO1_INT2_IRQHandler
                0x6000998c        0x8 ./startup/startup_mimxrt1021.o
                0x6000998c                GPIO1_INT2_IRQHandler
 .text.GPIO1_INT3_IRQHandler
                0x60009994        0x8 ./startup/startup_mimxrt1021.o
                0x60009994                GPIO1_INT3_IRQHandler
 .text.GPIO1_INT4_IRQHandler
                0x6000999c        0x8 ./startup/startup_mimxrt1021.o
                0x6000999c                GPIO1_INT4_IRQHandler
 .text.GPIO1_INT5_IRQHandler
                0x600099a4        0x8 ./startup/startup_mimxrt1021.o
                0x600099a4                GPIO1_INT5_IRQHandler
 .text.GPIO1_INT6_IRQHandler
                0x600099ac        0x8 ./startup/startup_mimxrt1021.o
                0x600099ac                GPIO1_INT6_IRQHandler
 .text.GPIO1_INT7_IRQHandler
                0x600099b4        0x8 ./startup/startup_mimxrt1021.o
                0x600099b4                GPIO1_INT7_IRQHandler
 .text.GPIO1_Combined_0_15_IRQHandler
                0x600099bc        0x8 ./startup/startup_mimxrt1021.o
                0x600099bc                GPIO1_Combined_0_15_IRQHandler
 .text.GPIO1_Combined_16_31_IRQHandler
                0x600099c4        0x8 ./startup/startup_mimxrt1021.o
                0x600099c4                GPIO1_Combined_16_31_IRQHandler
 .text.GPIO2_Combined_0_15_IRQHandler
                0x600099cc        0x8 ./startup/startup_mimxrt1021.o
                0x600099cc                GPIO2_Combined_0_15_IRQHandler
 .text.GPIO2_Combined_16_31_IRQHandler
                0x600099d4        0x8 ./startup/startup_mimxrt1021.o
                0x600099d4                GPIO2_Combined_16_31_IRQHandler
 .text.GPIO3_Combined_0_15_IRQHandler
                0x600099dc        0x8 ./startup/startup_mimxrt1021.o
                0x600099dc                GPIO3_Combined_0_15_IRQHandler
 .text.GPIO3_Combined_16_31_IRQHandler
                0x600099e4        0x8 ./startup/startup_mimxrt1021.o
                0x600099e4                GPIO3_Combined_16_31_IRQHandler
 .text.Reserved102_IRQHandler
                0x600099ec        0x8 ./startup/startup_mimxrt1021.o
                0x600099ec                Reserved102_IRQHandler
 .text.Reserved103_IRQHandler
                0x600099f4        0x8 ./startup/startup_mimxrt1021.o
                0x600099f4                Reserved103_IRQHandler
 .text.GPIO5_Combined_0_15_IRQHandler
                0x600099fc        0x8 ./startup/startup_mimxrt1021.o
                0x600099fc                GPIO5_Combined_0_15_IRQHandler
 .text.GPIO5_Combined_16_31_IRQHandler
                0x60009a04        0x8 ./startup/startup_mimxrt1021.o
                0x60009a04                GPIO5_Combined_16_31_IRQHandler
 .text.FLEXIO1_IRQHandler
                0x60009a0c        0x8 ./startup/startup_mimxrt1021.o
                0x60009a0c                FLEXIO1_IRQHandler
 .text.Reserved107_IRQHandler
                0x60009a14        0x8 ./startup/startup_mimxrt1021.o
                0x60009a14                Reserved107_IRQHandler
 .text.WDOG1_IRQHandler
                0x60009a1c        0x8 ./startup/startup_mimxrt1021.o
                0x60009a1c                WDOG1_IRQHandler
 .text.RTWDOG_IRQHandler
                0x60009a24        0x8 ./startup/startup_mimxrt1021.o
                0x60009a24                RTWDOG_IRQHandler
 .text.EWM_IRQHandler
                0x60009a2c        0x8 ./startup/startup_mimxrt1021.o
                0x60009a2c                EWM_IRQHandler
 .text.CCM_1_IRQHandler
                0x60009a34        0x8 ./startup/startup_mimxrt1021.o
                0x60009a34                CCM_1_IRQHandler
 .text.CCM_2_IRQHandler
                0x60009a3c        0x8 ./startup/startup_mimxrt1021.o
                0x60009a3c                CCM_2_IRQHandler
 .text.GPC_IRQHandler
                0x60009a44        0x8 ./startup/startup_mimxrt1021.o
                0x60009a44                GPC_IRQHandler
 .text.SRC_IRQHandler
                0x60009a4c        0x8 ./startup/startup_mimxrt1021.o
                0x60009a4c                SRC_IRQHandler
 .text.Reserved115_IRQHandler
                0x60009a54        0x8 ./startup/startup_mimxrt1021.o
                0x60009a54                Reserved115_IRQHandler
 .text.GPT1_IRQHandler
                0x60009a5c        0x8 ./startup/startup_mimxrt1021.o
                0x60009a5c                GPT1_IRQHandler
 .text.PWM1_0_IRQHandler
                0x60009a64        0x8 ./startup/startup_mimxrt1021.o
                0x60009a64                PWM1_0_IRQHandler
 .text.PWM1_1_IRQHandler
                0x60009a6c        0x8 ./startup/startup_mimxrt1021.o
                0x60009a6c                PWM1_1_IRQHandler
 .text.PWM1_2_IRQHandler
                0x60009a74        0x8 ./startup/startup_mimxrt1021.o
                0x60009a74                PWM1_2_IRQHandler
 .text.PWM1_3_IRQHandler
                0x60009a7c        0x8 ./startup/startup_mimxrt1021.o
                0x60009a7c                PWM1_3_IRQHandler
 .text.PWM1_FAULT_IRQHandler
                0x60009a84        0x8 ./startup/startup_mimxrt1021.o
                0x60009a84                PWM1_FAULT_IRQHandler
 .text.Reserved123_IRQHandler
                0x60009a8c        0x8 ./startup/startup_mimxrt1021.o
                0x60009a8c                Reserved123_IRQHandler
 .text.FLEXSPI_IRQHandler
                0x60009a94        0x8 ./startup/startup_mimxrt1021.o
                0x60009a94                FLEXSPI_IRQHandler
 .text.SEMC_IRQHandler
                0x60009a9c        0x8 ./startup/startup_mimxrt1021.o
                0x60009a9c                SEMC_IRQHandler
 .text.USDHC1_IRQHandler
                0x60009aa4        0x8 ./startup/startup_mimxrt1021.o
                0x60009aa4                USDHC1_IRQHandler
 .text.USDHC2_IRQHandler
                0x60009aac        0x8 ./startup/startup_mimxrt1021.o
                0x60009aac                USDHC2_IRQHandler
 .text.Reserved128_IRQHandler
                0x60009ab4        0x8 ./startup/startup_mimxrt1021.o
                0x60009ab4                Reserved128_IRQHandler
 .text.USB_OTG1_IRQHandler
                0x60009abc        0x8 ./startup/startup_mimxrt1021.o
                0x60009abc                USB_OTG1_IRQHandler
 .text.ENET_IRQHandler
                0x60009ac4        0x8 ./startup/startup_mimxrt1021.o
                0x60009ac4                ENET_IRQHandler
 .text.ENET_1588_Timer_IRQHandler
                0x60009acc        0x8 ./startup/startup_mimxrt1021.o
                0x60009acc                ENET_1588_Timer_IRQHandler
 .text.XBAR1_IRQ_0_1_IRQHandler
                0x60009ad4        0x8 ./startup/startup_mimxrt1021.o
                0x60009ad4                XBAR1_IRQ_0_1_IRQHandler
 .text.XBAR1_IRQ_2_3_IRQHandler
                0x60009adc        0x8 ./startup/startup_mimxrt1021.o
                0x60009adc                XBAR1_IRQ_2_3_IRQHandler
 .text.ADC_ETC_IRQ1_IRQHandler
                0x60009ae4        0x8 ./startup/startup_mimxrt1021.o
                0x60009ae4                ADC_ETC_IRQ1_IRQHandler
 .text.ADC_ETC_IRQ2_IRQHandler
                0x60009aec        0x8 ./startup/startup_mimxrt1021.o
                0x60009aec                ADC_ETC_IRQ2_IRQHandler
 .text.ADC_ETC_ERROR_IRQ_IRQHandler
                0x60009af4        0x8 ./startup/startup_mimxrt1021.o
                0x60009af4                ADC_ETC_ERROR_IRQ_IRQHandler
 .text.PIT_IRQHandler
                0x60009afc        0x8 ./startup/startup_mimxrt1021.o
                0x60009afc                PIT_IRQHandler
 .text.ACMP1_IRQHandler
                0x60009b04        0x8 ./startup/startup_mimxrt1021.o
                0x60009b04                ACMP1_IRQHandler
 .text.ACMP2_IRQHandler
                0x60009b0c        0x8 ./startup/startup_mimxrt1021.o
                0x60009b0c                ACMP2_IRQHandler
 .text.ACMP3_IRQHandler
                0x60009b14        0x8 ./startup/startup_mimxrt1021.o
                0x60009b14                ACMP3_IRQHandler
 .text.ACMP4_IRQHandler
                0x60009b1c        0x8 ./startup/startup_mimxrt1021.o
                0x60009b1c                ACMP4_IRQHandler
 .text.Reserved143_IRQHandler
                0x60009b24        0x8 ./startup/startup_mimxrt1021.o
                0x60009b24                Reserved143_IRQHandler
 .text.Reserved144_IRQHandler
                0x60009b2c        0x8 ./startup/startup_mimxrt1021.o
                0x60009b2c                Reserved144_IRQHandler
 .text.ENC1_IRQHandler
                0x60009b34        0x8 ./startup/startup_mimxrt1021.o
                0x60009b34                ENC1_IRQHandler
 .text.ENC2_IRQHandler
                0x60009b3c        0x8 ./startup/startup_mimxrt1021.o
                0x60009b3c                ENC2_IRQHandler
 .text.Reserved147_IRQHandler
                0x60009b44        0x8 ./startup/startup_mimxrt1021.o
                0x60009b44                Reserved147_IRQHandler
 .text.Reserved148_IRQHandler
                0x60009b4c        0x8 ./startup/startup_mimxrt1021.o
                0x60009b4c                Reserved148_IRQHandler
 .text.TMR1_IRQHandler
                0x60009b54        0x8 ./startup/startup_mimxrt1021.o
                0x60009b54                TMR1_IRQHandler
 .text.TMR2_IRQHandler
                0x60009b5c        0x8 ./startup/startup_mimxrt1021.o
                0x60009b5c                TMR2_IRQHandler
 .text.Reserved151_IRQHandler
                0x60009b64        0x8 ./startup/startup_mimxrt1021.o
                0x60009b64                Reserved151_IRQHandler
 .text.Reserved152_IRQHandler
                0x60009b6c        0x8 ./startup/startup_mimxrt1021.o
                0x60009b6c                Reserved152_IRQHandler
 .text.PWM2_0_IRQHandler
                0x60009b74        0x8 ./startup/startup_mimxrt1021.o
                0x60009b74                PWM2_0_IRQHandler
 .text.PWM2_1_IRQHandler
                0x60009b7c        0x8 ./startup/startup_mimxrt1021.o
                0x60009b7c                PWM2_1_IRQHandler
 .text.PWM2_2_IRQHandler
                0x60009b84        0x8 ./startup/startup_mimxrt1021.o
                0x60009b84                PWM2_2_IRQHandler
 .text.PWM2_3_IRQHandler
                0x60009b8c        0x8 ./startup/startup_mimxrt1021.o
                0x60009b8c                PWM2_3_IRQHandler
 .text.PWM2_FAULT_IRQHandler
                0x60009b94        0x8 ./startup/startup_mimxrt1021.o
                0x60009b94                PWM2_FAULT_IRQHandler
 .text.CLOCK_EnableClock
                0x60009b9c       0x1e ./samplingModule/adcDriver.o
 .text.PIT_SetTimerPeriod
                0x60009bba       0x28 ./samplingModule/adcDriver.o
 .text.PIT_StartTimer
                0x60009be2       0x38 ./samplingModule/adcDriver.o
 .text.ADC_EnableHardwareTrigger
                0x60009c1a       0x38 ./samplingModule/adcDriver.o
 .text.IOMUXC_SetPinConfig
                0x60009c52       0x26 ./samplingModule/adcDriver.o
 .text.IOMUXC_SetPinMux
                0x60009c78       0x3a ./ledModule/ledModule.o
 .text.IOMUXC_SetPinConfig
                0x60009cb2       0x26 ./ledModule/ledModule.o
 .text.vListInitialise
                0x60009cd8       0x40 ./freertos/freertos_kernel/list.o
                0x60009cd8                vListInitialise
 .text.vListInitialiseItem
                0x60009d18       0x1a ./freertos/freertos_kernel/list.o
                0x60009d18                vListInitialiseItem
 .text.vListInsertEnd
                0x60009d32       0x48 ./freertos/freertos_kernel/list.o
                0x60009d32                vListInsertEnd
 .text.vListInsert
                0x60009d7a       0x72 ./freertos/freertos_kernel/list.o
                0x60009d7a                vListInsert
 .text.uxListRemove
                0x60009dec       0x54 ./freertos/freertos_kernel/list.o
                0x60009dec                uxListRemove
 .text.xQueueGenericCreate
                0x60009e40       0x6a ./freertos/freertos_kernel/queue.o
                0x60009e40                xQueueGenericCreate
 .text.prvInitialiseNewQueue
                0x60009eaa       0x46 ./freertos/freertos_kernel/queue.o
 .text.xQueueGenericSendFromISR
                0x60009ef0      0x12e ./freertos/freertos_kernel/queue.o
                0x60009ef0                xQueueGenericSendFromISR
 .text.xQueueGiveFromISR
                0x6000a01e      0x112 ./freertos/freertos_kernel/queue.o
                0x6000a01e                xQueueGiveFromISR
 .text.xQueueReceiveFromISR
                0x6000a130       0xfa ./freertos/freertos_kernel/queue.o
                0x6000a130                xQueueReceiveFromISR
 .text.prvGetDisinheritPriorityAfterTimeout
                0x6000a22a       0x30 ./freertos/freertos_kernel/queue.o
 .text.prvCopyDataToQueue
                0x6000a25a       0xd4 ./freertos/freertos_kernel/queue.o
 .text.prvCopyDataFromQueue
                0x6000a32e       0x4c ./freertos/freertos_kernel/queue.o
 .text.prvUnlockQueue
                0x6000a37a       0xa4 ./freertos/freertos_kernel/queue.o
 .text.prvIsQueueEmpty
                0x6000a41e       0x2c ./freertos/freertos_kernel/queue.o
 .text.prvIsQueueFull
                0x6000a44a       0x30 ./freertos/freertos_kernel/queue.o
 .text.vQueueWaitForMessageRestricted
                0x6000a47a       0x68 ./freertos/freertos_kernel/queue.o
                0x6000a47a                vQueueWaitForMessageRestricted
 .text.xTaskCreate
                0x6000a4e2       0x82 ./freertos/freertos_kernel/tasks.o
                0x6000a4e2                xTaskCreate
 .text.prvInitialiseNewTask
                0x6000a564      0x13a ./freertos/freertos_kernel/tasks.o
 .text.prvDeleteTCB
                0x6000a69e       0x20 ./freertos/freertos_kernel/tasks.o
 .text.prvTimerTask
                0x6000a6be       0x24 ./freertos/freertos_kernel/timers.o
 .text.CLOCK_EnableClock
                0x6000a6e2       0x1e ./drivers/fsl_adc.o
 .text.ADC_EnableHardwareTrigger
                0x6000a700       0x38 ./drivers/fsl_adc.o
 .text.ADC_GetStatusFlags
                0x6000a738       0x18 ./drivers/fsl_adc.o
 .text.ADC_DoAutoCalibration
                0x6000a750       0xa4 ./drivers/fsl_adc.o
                0x6000a750                ADC_DoAutoCalibration
 .text.ADC_ETC_DoSoftwareReset
                0x6000a7f4       0x38 ./drivers/fsl_adc_etc.o
 .text.ADC_ETC_GetDefaultConfig
                0x6000a82c       0x44 ./drivers/fsl_adc_etc.o
                0x6000a82c                ADC_ETC_GetDefaultConfig
 .text.ADC_ETC_ClearInterruptStatusFlags
                0x6000a870       0x6e ./drivers/fsl_adc_etc.o
                0x6000a870                ADC_ETC_ClearInterruptStatusFlags
 .text.CLOCK_GetRtcFreq
                0x6000a8de       0x12 ./drivers/fsl_clock.o
 .text.CLOCK_IsPllBypassed
                0x6000a8f0       0x32 ./drivers/fsl_clock.o
 .text.CLOCK_IsPllEnabled
                0x6000a922       0x3c ./drivers/fsl_clock.o
 .text.CLOCK_GetPllBypassRefClk
                0x6000a95e       0x34 ./drivers/fsl_clock.o
 .text.CLOCK_EnableClock
                0x6000a992       0x1e ./drivers/fsl_gpio.o
 .text.GPIO_SetPinInterruptConfig
                0x6000a9b0       0x22 ./drivers/fsl_gpio.o
 .text.CLOCK_EnableClock
                0x6000a9d2       0x1e ./drivers/fsl_gpt.o
 .text.GPT_SoftwareReset
                0x6000a9f0       0x30 ./drivers/fsl_gpt.o
 .text.GPT_SetClockSource
                0x6000aa20       0x50 ./drivers/fsl_gpt.o
 .text.CLOCK_EnableClock
                0x6000aa70       0x1e ./drivers/fsl_lpuart.o
 .text.LPUART_SoftwareReset
                0x6000aa8e       0x2c ./drivers/fsl_lpuart.o
 .text.LPUART_EnableInterrupts
                0x6000aaba       0x52 ./drivers/fsl_lpuart.o
                0x6000aaba                LPUART_EnableInterrupts
 .text.LPUART_DisableInterrupts
                0x6000ab0c       0x58 ./drivers/fsl_lpuart.o
                0x6000ab0c                LPUART_DisableInterrupts
 .text.LPUART_GetStatusFlags
                0x6000ab64       0x2c ./drivers/fsl_lpuart.o
                0x6000ab64                LPUART_GetStatusFlags
 .text.CLOCK_EnableClock
                0x6000ab90       0x1e ./drivers/fsl_pit.o
 .text.CLOCK_EnableClock
                0x6000abae       0x1e ./drivers/fsl_xbara.o
 .text.XBARA_Init
                0x6000abcc       0x20 ./drivers/fsl_xbara.o
                0x6000abcc                XBARA_Init
 .text.XBARA_SetSignalsConnection
                0x6000abec       0x5a ./drivers/fsl_xbara.o
                0x6000abec                XBARA_SetSignalsConnection
 .text.SystemInitHook
                0x6000ac46        0xe ./device/system_MIMXRT1021.o
                0x6000ac46                SystemInitHook
 .text.SerialManager_StartWriting
                0x6000ac54       0x38 ./component/serial_manager/serial_manager.o
 .text.SerialManager_WriteBlocking
                0x6000ac8c       0x20 ./component/serial_manager/serial_manager.o
                0x6000ac8c                SerialManager_WriteBlocking
 .text.CommunicationExecutor_ExecuteReadAccess
                0x6000acac      0x11a ./communicationModule/communicationExecutor.o
                0x6000acac                CommunicationExecutor_ExecuteReadAccess
 .text.CommunicationExecutor_ExecuteWriteAccess
                0x6000adc6       0x74 ./communicationModule/communicationExecutor.o
                0x6000adc6                CommunicationExecutor_ExecuteWriteAccess
 .text.CommunicationExecutor_ValidateReadAccess
                0x6000ae3a       0x1c ./communicationModule/communicationExecutor.o
                0x6000ae3a                CommunicationExecutor_ValidateReadAccess
 .text.CommunicationExecutor_ValidateWriteAccess
                0x6000ae56       0x1c ./communicationModule/communicationExecutor.o
                0x6000ae56                CommunicationExecutor_ValidateWriteAccess
 .text.CommunicationExecutor_ValidateListAccess
                0x6000ae72       0x34 ./communicationModule/communicationExecutor.o
                0x6000ae72                CommunicationExecutor_ValidateListAccess
 .text.CommunicationPacketBuilder_BuildAck
                0x6000aea6      0x114 ./communicationModule/communicationPacketBuilder.o
                0x6000aea6                CommunicationPacketBuilder_BuildAck
 .text.CommunicationPacketBuilder_BuildNack
                0x6000afba      0x114 ./communicationModule/communicationPacketBuilder.o
                0x6000afba                CommunicationPacketBuilder_BuildNack
 .text.EnableIRQ
                0x6000b0ce       0x2c ./communicationModule/uart1Driver.o
 .text.LPUART_WriteByte
                0x6000b0fa       0x1e ./communicationModule/uart1Driver.o
 .text.LPUART_ReadByte
                0x6000b118       0x6e ./communicationModule/uart1Driver.o
 .text.GPT_StartTimer
                0x6000b186       0x20 ./communicationModule/uart1Driver.o
 .text.GPT_StopTimer
                0x6000b1a6       0x20 ./communicationModule/uart1Driver.o
 .text.GPT_EnableInterrupts
                0x6000b1c6       0x22 ./communicationModule/uart1Driver.o
 .text.GPT_ClearStatusFlags
                0x6000b1e8       0x1e ./communicationModule/uart1Driver.o
 .text.CLOCK_DisableClock
                0x6000b206       0x1e ./board/clock_config.o
 .text.CLOCK_SetPllBypass
                0x6000b224       0x4e ./board/clock_config.o
 .text.IOMUXC_SetSaiMClkClockSource
                0x6000b272       0x6c ./board/clock_config.o
 .text.CLOCK_EnableClock
                0x6000b2de       0x1e ./board/pin_mux.o
 .text.IOMUXC_SetPinMux
                0x6000b2fc       0x3a ./board/pin_mux.o
 .text.IOMUXC_SetPinConfig
                0x6000b336       0x26 ./board/pin_mux.o
 .text.__main   0x6000b35c        0xe c:/nxp/mcuxpressoide_11.1.1_3241/ide/plugins/com.nxp.mcuxpresso.tools.win32_11.1.0.202001081728/tools/bin/../lib/gcc/arm-none-eabi/8.3.1/../../../../arm-none-eabi/lib/thumb/v7e-m+dp/hard\libcr_nohost_nf.a(_cr__main.o)
                0x6000b35c                __main
 .text.memcpy   0x6000b36a        0x4 c:/nxp/mcuxpressoide_11.1.1_3241/ide/plugins/com.nxp.mcuxpresso.tools.win32_11.1.0.202001081728/tools/bin/../lib/gcc/arm-none-eabi/8.3.1/../../../../arm-none-eabi/lib/thumb/v7e-m+dp/hard\libcr_c.a(memcpy.o)
                0x6000b36a                memcpy
 .text.memset   0x6000b36e        0x4 c:/nxp/mcuxpressoide_11.1.1_3241/ide/plugins/com.nxp.mcuxpresso.tools.win32_11.1.0.202001081728/tools/bin/../lib/gcc/arm-none-eabi/8.3.1/../../../../arm-none-eabi/lib/thumb/v7e-m+dp/hard\libcr_c.a(memset.o)
                0x6000b36e                memset
 .text.free     0x6000b372       0x30 c:/nxp/mcuxpressoide_11.1.1_3241/ide/plugins/com.nxp.mcuxpresso.tools.win32_11.1.0.202001081728/tools/bin/../lib/gcc/arm-none-eabi/8.3.1/../../../../arm-none-eabi/lib/thumb/v7e-m+dp/hard\libcr_c.a(alloc.o)
                0x6000b372                free
 .text.strlen   0x6000b3a2       0x4c c:/nxp/mcuxpressoide_11.1.1_3241/ide/plugins/com.nxp.mcuxpresso.tools.win32_11.1.0.202001081728/tools/bin/../lib/gcc/arm-none-eabi/8.3.1/../../../../arm-none-eabi/lib/thumb/v7e-m+dp/hard\libcr_c.a(strlen.o)
                0x6000b3a2                strlen
 .text._deferredlazyseek
                0x6000b3ee       0x40 c:/nxp/mcuxpressoide_11.1.1_3241/ide/plugins/com.nxp.mcuxpresso.tools.win32_11.1.0.202001081728/tools/bin/../lib/gcc/arm-none-eabi/8.3.1/../../../../arm-none-eabi/lib/thumb/v7e-m+dp/hard\libcr_c.a(_deferredlazyseek.o)
                0x6000b3ee                _deferredlazyseek
 .text._fdopen  0x6000b42e       0x68 c:/nxp/mcuxpressoide_11.1.1_3241/ide/plugins/com.nxp.mcuxpresso.tools.win32_11.1.0.202001081728/tools/bin/../lib/gcc/arm-none-eabi/8.3.1/../../../../arm-none-eabi/lib/thumb/v7e-m+dp/hard\libcr_c.a(_fdopen.o)
                0x6000b42e                _fdopen
 .text._fflush  0x6000b496       0x52 c:/nxp/mcuxpressoide_11.1.1_3241/ide/plugins/com.nxp.mcuxpresso.tools.win32_11.1.0.202001081728/tools/bin/../lib/gcc/arm-none-eabi/8.3.1/../../../../arm-none-eabi/lib/thumb/v7e-m+dp/hard\libcr_c.a(_fflush.o)
                0x6000b496                _fflush
 .text.fclose   0x6000b4e8       0x58 c:/nxp/mcuxpressoide_11.1.1_3241/ide/plugins/com.nxp.mcuxpresso.tools.win32_11.1.0.202001081728/tools/bin/../lib/gcc/arm-none-eabi/8.3.1/../../../../arm-none-eabi/lib/thumb/v7e-m+dp/hard\libcr_c.a(fclose.o)
                0x6000b4e8                fclose
 .text.remove   0x6000b540       0x14 c:/nxp/mcuxpressoide_11.1.1_3241/ide/plugins/com.nxp.mcuxpresso.tools.win32_11.1.0.202001081728/tools/bin/../lib/gcc/arm-none-eabi/8.3.1/../../../../arm-none-eabi/lib/thumb/v7e-m+dp/hard\libcr_c.a(remove.o)
                0x6000b540                remove
 .text._do_fflush
                0x6000b554       0x40 c:/nxp/mcuxpressoide_11.1.1_3241/ide/plugins/com.nxp.mcuxpresso.tools.win32_11.1.0.202001081728/tools/bin/../lib/gcc/arm-none-eabi/8.3.1/../../../../arm-none-eabi/lib/thumb/v7e-m+dp/hard\libcr_c.a(_do_fflush.o)
                0x6000b554                _do_fflush
 .text.__aeabi_memcpy
                0x6000b594       0x34 c:/nxp/mcuxpressoide_11.1.1_3241/ide/plugins/com.nxp.mcuxpresso.tools.win32_11.1.0.202001081728/tools/bin/../lib/gcc/arm-none-eabi/8.3.1/thumb/v7e-m+dp/hard\libcr_eabihelpers.a(memcpy.o)
                0x6000b594                __aeabi_memcpy
                0x6000b59e                __aeabi_memcpy8
                0x6000b59e                __aeabi_memcpy4
 .text.__aeabi_memset_lowlevel
                0x6000b5c8       0x32 c:/nxp/mcuxpressoide_11.1.1_3241/ide/plugins/com.nxp.mcuxpresso.tools.win32_11.1.0.202001081728/tools/bin/../lib/gcc/arm-none-eabi/8.3.1/thumb/v7e-m+dp/hard\libcr_eabihelpers.a(memcpy.o)
                0x6000b5c8                __aeabi_lowlevel_memset
 .text.__sys_close
                0x6000b5fa        0x6 c:/nxp/mcuxpressoide_11.1.1_3241/ide/plugins/com.nxp.mcuxpresso.tools.win32_11.1.0.202001081728/tools/bin/../lib/gcc/arm-none-eabi/8.3.1/../../../../arm-none-eabi/lib/thumb/v7e-m+dp/hard\libcr_nohost_nf.a(__sys_close.o)
                0x6000b5fa                __sys_close
 .text.__sys_flen
                0x6000b600        0x6 c:/nxp/mcuxpressoide_11.1.1_3241/ide/plugins/com.nxp.mcuxpresso.tools.win32_11.1.0.202001081728/tools/bin/../lib/gcc/arm-none-eabi/8.3.1/../../../../arm-none-eabi/lib/thumb/v7e-m+dp/hard\libcr_nohost_nf.a(__sys_flen.o)
                0x6000b600                __sys_flen
 .text.__sys_istty
                0x6000b606        0x6 c:/nxp/mcuxpressoide_11.1.1_3241/ide/plugins/com.nxp.mcuxpresso.tools.win32_11.1.0.202001081728/tools/bin/../lib/gcc/arm-none-eabi/8.3.1/../../../../arm-none-eabi/lib/thumb/v7e-m+dp/hard\libcr_nohost_nf.a(__sys_istty.o)
                0x6000b606                __sys_istty
 .text.__sys_remove
                0x6000b60c        0x6 c:/nxp/mcuxpressoide_11.1.1_3241/ide/plugins/com.nxp.mcuxpresso.tools.win32_11.1.0.202001081728/tools/bin/../lib/gcc/arm-none-eabi/8.3.1/../../../../arm-none-eabi/lib/thumb/v7e-m+dp/hard\libcr_nohost_nf.a(__sys_remove.o)
                0x6000b60c                __sys_remove
 .text.__sys_seek
                0x6000b612        0x6 c:/nxp/mcuxpressoide_11.1.1_3241/ide/plugins/com.nxp.mcuxpresso.tools.win32_11.1.0.202001081728/tools/bin/../lib/gcc/arm-none-eabi/8.3.1/../../../../arm-none-eabi/lib/thumb/v7e-m+dp/hard\libcr_nohost_nf.a(__sys_seek.o)
                0x6000b612                __sys_seek
 .text.__sys_tmpnam
                0x6000b618        0x6 c:/nxp/mcuxpressoide_11.1.1_3241/ide/plugins/com.nxp.mcuxpresso.tools.win32_11.1.0.202001081728/tools/bin/../lib/gcc/arm-none-eabi/8.3.1/../../../../arm-none-eabi/lib/thumb/v7e-m+dp/hard\libcr_nohost_nf.a(__sys_tmpnam.o)
                0x6000b618                __sys_tmpnam
 .text.__sys_write
                0x6000b61e        0x4 c:/nxp/mcuxpressoide_11.1.1_3241/ide/plugins/com.nxp.mcuxpresso.tools.win32_11.1.0.202001081728/tools/bin/../lib/gcc/arm-none-eabi/8.3.1/../../../../arm-none-eabi/lib/thumb/v7e-m+dp/hard\libcr_nohost_nf.a(__sys_write.o)
                0x6000b61e                __sys_write
 *(SORT_BY_ALIGNMENT(.rodata) SORT_BY_ALIGNMENT(.rodata.*) SORT_BY_ALIGNMENT(.constdata) SORT_BY_ALIGNMENT(.constdata.*))
 *fill*         0x6000b622        0x2 ff
 .rodata.__assertion_failed.str1.4
                0x6000b624       0x14 ./utilities/fsl_assert.o
 .rodata.DbgConsole_SendDataReliable.str1.4
                0x6000b638       0x4e ./utilities/fsl_debug_console.o
 *fill*         0x6000b686        0x2 ff
 .rodata.CrcTable1021
                0x6000b688      0x200 ./util/crc16.o
                0x6000b688                CrcTable1021
 .rodata.CLOCK_SetMux.str1.4
                0x6000b888       0x7e ./samplingModule/adcDriver.o
 *fill*         0x6000b906        0x2 ff
 .rodata.CLOCK_SetDiv.str1.4
                0x6000b908       0x7e ./samplingModule/adcDriver.o
 *fill*         0x6000b986        0x2 ff
 .rodata.CLOCK_ControlGate.str1.4
                0x6000b988       0x6d ./samplingModule/adcDriver.o
 *fill*         0x6000b9f5        0x3 ff
 .rodata.PIT_GetDefaultConfig.str1.4
                0x6000b9f8       0x6d ./samplingModule/adcDriver.o
 *fill*         0x6000ba65        0x3 ff
 .rodata.main.str1.4
                0x6000ba68       0x49 ./main/main.o
 *fill*         0x6000bab1        0x3 ff
 .rodata.vTaskStartScheduler.str1.4
                0x6000bab4        0x5 ./freertos/freertos_kernel/tasks.o
 *fill*         0x6000bab9        0x3 ff
 .rodata.xTimerCreateTimerTask.str1.4
                0x6000babc        0x8 ./freertos/freertos_kernel/timers.o
 .rodata.prvCheckForValidListAndQueue.str1.4
                0x6000bac4        0x5 ./freertos/freertos_kernel/timers.o
 *fill*         0x6000bac9        0x3 ff
 .rodata.CLOCK_ControlGate.str1.4
                0x6000bacc       0x20 ./drivers/fsl_adc.o
 .rodata.ADC_GetChannelConversionValue.str1.4
                0x6000baec       0x49 ./drivers/fsl_adc.o
 *fill*         0x6000bb35        0x3 ff
 .rodata.ADC_GetChannelStatusFlags.str1.4
                0x6000bb38       0x49 ./drivers/fsl_adc.o
 *fill*         0x6000bb81        0x3 ff
 .rodata.s_adcBases
                0x6000bb84        0xc ./drivers/fsl_adc.o
 .rodata.s_adcClocks
                0x6000bb90        0x6 ./drivers/fsl_adc.o
 *fill*         0x6000bb96        0x2 ff
 .rodata.ADC_GetInstance.str1.4
                0x6000bb98       0x32 ./drivers/fsl_adc.o
 *fill*         0x6000bbca        0x2 ff
 .rodata.ADC_Init.str1.4
                0x6000bbcc       0x1f ./drivers/fsl_adc.o
 *fill*         0x6000bbeb        0x1 ff
 .rodata.ADC_GetDefaultConfig.str1.4
                0x6000bbec       0x20 ./drivers/fsl_adc.o
 .rodata.ADC_SetChannelConfig.str1.4
                0x6000bc0c       0x69 ./drivers/fsl_adc.o
 *fill*         0x6000bc75        0x3 ff
 .rodata.ADC_ETC_Init.str1.4
                0x6000bc78       0x23 ./drivers/fsl_adc_etc.o
 *fill*         0x6000bc9b        0x1 ff
 .rodata.ADC_ETC_SetTriggerConfig.str1.4
                0x6000bc9c       0x80 ./drivers/fsl_adc_etc.o
 .rodata.ADC_ETC_SetTriggerChainConfig.str1.4
                0x6000bd1c       0x5b ./drivers/fsl_adc_etc.o
 *fill*         0x6000bd77        0x1 ff
 .rodata.ADC_ETC_GetADCConversionValue.str1.4
                0x6000bd78       0x5f ./drivers/fsl_adc_etc.o
 *fill*         0x6000bdd7        0x1 ff
 .rodata.CLOCK_InitExternalClk.str1.4
                0x6000bdd8       0x22 ./drivers/fsl_clock.o
 *fill*         0x6000bdfa        0x2 ff
 .rodata.CLOCK_GetPllFreq.str1.4
                0x6000bdfc       0x35 ./drivers/fsl_clock.o
 *fill*         0x6000be31        0x3 ff
 .rodata        0x6000be34       0x10 ./drivers/fsl_clock.o
 .rodata.EDMA_GetChannelStatusFlags.str1.4
                0x6000be44       0x46 ./drivers/fsl_edma.o
 *fill*         0x6000be8a        0x2 ff
 .rodata.EDMA_HandleIRQ.str1.4
                0x6000be8c       0x22 ./drivers/fsl_edma.o
 .rodata.CLOCK_ControlGate.str1.4
                0x6000beae       0x20 ./drivers/fsl_gpio.o
 *fill*         0x6000beae        0x2 ff
 .rodata.s_gpioBases
                0x6000beb0       0x18 ./drivers/fsl_gpio.o
 .rodata.s_gpioClock
                0x6000bec8        0xc ./drivers/fsl_gpio.o
 .rodata.GPIO_GetInstance.str1.4
                0x6000bed4       0x34 ./drivers/fsl_gpio.o
 .rodata.GPIO_PinWrite.str1.4
                0x6000bf08       0x1c ./drivers/fsl_gpio.o
 .rodata.CLOCK_ControlGate.str1.4
                0x6000bf24       0x20 ./drivers/fsl_gpt.o
 .rodata.GPT_SetClockDivider.str1.4
                0x6000bf24       0x37 ./drivers/fsl_gpt.o
 *fill*         0x6000bf5b        0x1 ff
 .rodata.s_gptBases
                0x6000bf5c        0xc ./drivers/fsl_gpt.o
 .rodata.s_gptClocks
                0x6000bf68        0x6 ./drivers/fsl_gpt.o
 *fill*         0x6000bf6e        0x2 ff
 .rodata.GPT_GetInstance.str1.4
                0x6000bf70       0x32 ./drivers/fsl_gpt.o
 *fill*         0x6000bfa2        0x2 ff
 .rodata.GPT_Init.str1.4
                0x6000bfa4       0x23 ./drivers/fsl_gpt.o
 *fill*         0x6000bfc7        0x1 ff
 .rodata.GPT_GetDefaultConfig.str1.4
                0x6000bfc8       0x20 ./drivers/fsl_gpt.o
 .rodata.CLOCK_ControlGate.str1.4
                0x6000bfe8       0x20 ./drivers/fsl_lpuart.o
 .rodata.s_lpuartBases
                0x6000bfe8       0x24 ./drivers/fsl_lpuart.o
 .rodata.s_lpuartClock
                0x6000c00c       0x12 ./drivers/fsl_lpuart.o
 *fill*         0x6000c01e        0x2 ff
 .rodata.LPUART_GetInstance.str1.4
                0x6000c020       0x39 ./drivers/fsl_lpuart.o
 *fill*         0x6000c059        0x3 ff
 .rodata.LPUART_Init.str1.4
                0x6000c05c      0x10c ./drivers/fsl_lpuart.o
 .rodata.LPUART_GetDefaultConfig.str1.4
                0x6000c168       0x23 ./drivers/fsl_lpuart.o
 *fill*         0x6000c18b        0x1 ff
 .rodata.LPUART_WriteBlocking.str1.4
                0x6000c18c       0x21 ./drivers/fsl_lpuart.o
 .rodata.CLOCK_ControlGate.str1.4
                0x6000c1ad       0x20 ./drivers/fsl_pit.o
 *fill*         0x6000c1ad        0x3 ff
 .rodata.PIT_GetInstance.str1.4
                0x6000c1b0       0x32 ./drivers/fsl_pit.o
 *fill*         0x6000c1e2        0x2 ff
 .rodata.PIT_Init.str1.4
                0x6000c1e4       0x1f ./drivers/fsl_pit.o
 .rodata.CLOCK_ControlGate.str1.4
                0x6000c203       0x20 ./drivers/fsl_xbara.o
 *fill*         0x6000c203        0x1 ff
 .rodata.XBARA_GetInstance.str1.4
                0x6000c204       0x36 ./drivers/fsl_xbara.o
 *fill*         0x6000c23a        0x2 ff
 .rodata.s_LpuartAdapterBase
                0x6000c23c       0x24 ./component/uart/lpuart_adapter.o
 .rodata.HAL_UartSendBlocking.str1.4
                0x6000c260       0x5f ./component/uart/lpuart_adapter.o
 *fill*         0x6000c2bf        0x1 ff
 .rodata.SerialManager_Write.str1.4
                0x6000c2c0       0x83 ./component/serial_manager/serial_manager.o
 *fill*         0x6000c343        0x1 ff
 .rodata.Serial_UartWrite.str1.4
                0x6000c344       0x6d ./component/serial_manager/serial_port_uart.o
 *fill*         0x6000c3b1        0x3 ff
 .rodata.GPT_SetClockDivider.str1.4
                0x6000c3b4       0x84 ./communicationModule/uart1Driver.o
 .rodata.GPT_SetOutputCompareValue.str1.4
                0x6000c438       0x85 ./communicationModule/uart1Driver.o
 *fill*         0x6000c4bd        0x3 ff
 .rodata.BOARD_ConfigMPU.str1.4
                0x6000c4c0       0x6c ./board/board.o
                                 0x6a (size before relaxing)
 .rodata.CLOCK_SetMux.str1.4
                0x6000c52c       0x7e ./board/clock_config.o
 .rodata.CLOCK_SetDiv.str1.4
                0x6000c52c       0x7e ./board/clock_config.o
 .rodata.CLOCK_ControlGate.str1.4
                0x6000c52c       0x6d ./board/clock_config.o
 .rodata.sysPllConfig_BOARD_BootClockRUN
                0x6000c52c       0x14 ./board/clock_config.o
                0x6000c52c                sysPllConfig_BOARD_BootClockRUN
 .rodata.enetPllConfig_BOARD_BootClockRUN
                0x6000c540        0x5 ./board/clock_config.o
                0x6000c540                enetPllConfig_BOARD_BootClockRUN
 .rodata.CLOCK_ControlGate.str1.4
                0x6000c545       0x6d ./board/pin_mux.o
 *fill*         0x6000c545        0x3 ff
 .rodata.__num_Ciob_streams
                0x6000c548        0x4 c:/nxp/mcuxpressoide_11.1.1_3241/ide/plugins/com.nxp.mcuxpresso.tools.win32_11.1.0.202001081728/tools/bin/../lib/gcc/arm-none-eabi/8.3.1/../../../../arm-none-eabi/lib/thumb/v7e-m+dp/hard\libcr_nohost_nf.a(__ciob.o)
                0x6000c548                __num_Ciob_streams
 .rodata._initio.str1.1
                0x6000c54c        0x4 c:/nxp/mcuxpressoide_11.1.1_3241/ide/plugins/com.nxp.mcuxpresso.tools.win32_11.1.0.202001081728/tools/bin/../lib/gcc/arm-none-eabi/8.3.1/../../../../arm-none-eabi/lib/thumb/v7e-m+dp/hard\libcr_c.a(initio.o)
                0x6000c550                . = ALIGN (0x4)

.glue_7         0x6000c550        0x0
 .glue_7        0x6000c550        0x0 linker stubs

.glue_7t        0x6000c550        0x0
 .glue_7t       0x6000c550        0x0 linker stubs

.vfp11_veneer   0x6000c550        0x0
 .vfp11_veneer  0x6000c550        0x0 linker stubs

.v4_bx          0x6000c550        0x0
 .v4_bx         0x6000c550        0x0 linker stubs

.iplt           0x6000c550        0x0
 .iplt          0x6000c550        0x0 ./xip/evkmimxrt1020_flexspi_nor_config.o

.rel.dyn        0x6000c550        0x0
 .rel.iplt      0x6000c550        0x0 ./xip/evkmimxrt1020_flexspi_nor_config.o

.ARM.extab
 *(SORT_BY_ALIGNMENT(.ARM.extab*) SORT_BY_ALIGNMENT(.gnu.linkonce.armextab.*))

.ARM.exidx      0x6000c550        0x0
                0x6000c550                __exidx_start = .
 *(SORT_BY_ALIGNMENT(.ARM.exidx*) SORT_BY_ALIGNMENT(.gnu.linkonce.armexidx.*))
                0x6000c550                __exidx_end = .
                0x6000c550                _etext = .

.data_RAM2      0x00000000        0x0 load address 0x6000c550
 FILL mask 0xff
                [!provide]                PROVIDE (__start_data_RAM2 = .)
                [!provide]                PROVIDE (__start_data_SRAM_ITC = .)
 *(SORT_BY_ALIGNMENT(.ramfunc.$RAM2))
 *(SORT_BY_ALIGNMENT(.ramfunc.$SRAM_ITC))
 *(SORT_BY_ALIGNMENT(.data.$RAM2))
 *(SORT_BY_ALIGNMENT(.data.$SRAM_ITC))
 *(SORT_BY_ALIGNMENT(.data.$RAM2.*))
 *(SORT_BY_ALIGNMENT(.data.$SRAM_ITC.*))
                0x00000000                . = ALIGN (0x4)
                [!provide]                PROVIDE (__end_data_RAM2 = .)
                [!provide]                PROVIDE (__end_data_SRAM_ITC = .)

.data_RAM3      0x20200000        0x0 load address 0x6000c550
 FILL mask 0xff
                [!provide]                PROVIDE (__start_data_RAM3 = .)
                [!provide]                PROVIDE (__start_data_SRAM_OC = .)
 *(SORT_BY_ALIGNMENT(.ramfunc.$RAM3))
 *(SORT_BY_ALIGNMENT(.ramfunc.$SRAM_OC))
 *(SORT_BY_ALIGNMENT(.data.$RAM3))
 *(SORT_BY_ALIGNMENT(.data.$SRAM_OC))
 *(SORT_BY_ALIGNMENT(.data.$RAM3.*))
 *(SORT_BY_ALIGNMENT(.data.$SRAM_OC.*))
                0x20200000                . = ALIGN (0x4)
                [!provide]                PROVIDE (__end_data_RAM3 = .)
                [!provide]                PROVIDE (__end_data_SRAM_OC = .)

.data_RAM4      0x80000000        0x0 load address 0x6000c550
 FILL mask 0xff
                [!provide]                PROVIDE (__start_data_RAM4 = .)
                [!provide]                PROVIDE (__start_data_BOARD_SDRAM = .)
 *(SORT_BY_ALIGNMENT(.ramfunc.$RAM4))
 *(SORT_BY_ALIGNMENT(.ramfunc.$BOARD_SDRAM))
 *(SORT_BY_ALIGNMENT(.data.$RAM4))
 *(SORT_BY_ALIGNMENT(.data.$BOARD_SDRAM))
 *(SORT_BY_ALIGNMENT(.data.$RAM4.*))
 *(SORT_BY_ALIGNMENT(.data.$BOARD_SDRAM.*))
                0x80000000                . = ALIGN (0x4)